[setup] criado ../instances/site/23t_03_r1e-04 -> ../../wflop_instances/sparse_instances/fresh_geometry/r1e-04/23t_03_r1e-04
[start] instance=23t_03_r1e-04 algo=moead run_id=0 stop_criteria=1000000 stn_p=10 stn_interval=50 2026-08-25T02:15:19+00:00
9

Number of subproblems: 100
Number of neighbors: 10
Number of fixed turbines: 28
Number of mobile turbines: 23
Wind: 10.000000000000
Angle: 30.000000000000
Run id: 0
Stop criteria: 1000000
STN P (num vectors): 10
STN logger interval: 50

Run time:
[start] instance=23t_03_r1e-04 algo=moead run_id=1 stop_criteria=1000000 stn_p=10 stn_interval=50 2026-08-25T02:16:00+00:00
9

Number of subproblems: 100
Number of neighbors: 10
Number of fixed turbines: 28
Number of mobile turbines: 23
Wind: 10.000000000000
Angle: 30.000000000000
Run id: 1
Stop criteria: 1000000
STN P (num vectors): 10
STN logger interval: 50

Run time:
[start] instance=23t_03_r1e-04 algo=moead run_id=2 stop_criteria=1000000 stn_p=10 stn_interval=50 2026-08-25T02:18:36+00:00
9

Number of subproblems: 100
Number of neighbors: 10
Number of fixed turbines: 28
Number of mobile turbines: 23
Wind: 10.000000000000
Angle: 30.000000000000
Run id: 2
Stop criteria: 1000000
STN P (num vectors): 10
STN logger interval: 50

Run time:
[start] instance=23t_03_r1e-04 algo=moead run_id=3 stop_criteria=1000000 stn_p=10 stn_interval=50 2026-08-25T02:22:24+00:00
9

Number of subproblems: 100
Number of neighbors: 10
Number of fixed turbines: 28
Number of mobile turbines: 23
Wind: 10.000000000000
Angle: 30.000000000000
Run id: 3
Stop criteria: 1000000
STN P (num vectors): 10
STN logger interval: 50

Run time:
[start] instance=23t_03_r1e-04 algo=moead run_id=4 stop_criteria=1000000 stn_p=10 stn_interval=50 2026-08-25T02:22:53+00:00
9

Number of subproblems: 100
Number of neighbors: 10
Number of fixed turbines: 28
Number of mobile turbines: 23
Wind: 10.000000000000
Angle: 30.000000000000
Run id: 4
Stop criteria: 1000000
STN P (num vectors): 10
STN logger interval: 50

Run time:
[start] instance=23t_03_r1e-04 algo=moead run_id=5 stop_criteria=1000000 stn_p=10 stn_interval=50 2026-08-25T02:23:04+00:00
9

Number of subproblems: 100
Number of neighbors: 10
Number of fixed turbines: 28
Number of mobile turbines: 23
Wind: 10.000000000000
Angle: 30.000000000000
Run id: 5
Stop criteria: 1000000
STN P (num vectors): 10
STN logger interval: 50

Run time:
[start] instance=23t_03_r1e-04 algo=moead run_id=6 stop_criteria=1000000 stn_p=10 stn_interval=50 2026-08-25T02:29:32+00:00
9

Number of subproblems: 100
Number of neighbors: 10
Number of fixed turbines: 28
Number of mobile turbines: 23
Wind: 10.000000000000
Angle: 30.000000000000
Run id: 6
Stop criteria: 1000000
STN P (num vectors): 10
STN logger interval: 50

Run time:
[start] instance=23t_03_r1e-04 algo=moead run_id=7 stop_criteria=1000000 stn_p=10 stn_interval=50 2026-08-25T02:37:40+00:00
9

Number of subproblems: 100
Number of neighbors: 10
Number of fixed turbines: 28
Number of mobile turbines: 23
Wind: 10.000000000000
Angle: 30.000000000000
Run id: 7
Stop criteria: 1000000
STN P (num vectors): 10
STN logger interval: 50

Run time:
[start] instance=23t_03_r1e-04 algo=moead run_id=8 stop_criteria=1000000 stn_p=10 stn_interval=50 2026-08-25T02:39:04+00:00
9

Number of subproblems: 100
Number of neighbors: 10
Number of fixed turbines: 28
Number of mobile turbines: 23
Wind: 10.000000000000
Angle: 30.000000000000
Run id: 8
Stop criteria: 1000000
STN P (num vectors): 10
STN logger interval: 50

Run time:
[start] instance=23t_03_r1e-04 algo=moead run_id=9 stop_criteria=1000000 stn_p=10 stn_interval=50 2026-08-25T02:50:09+00:00
9

Number of subproblems: 100
Number of neighbors: 10
Number of fixed turbines: 28
Number of mobile turbines: 23
Wind: 10.000000000000
Angle: 30.000000000000
Run id: 9
Stop criteria: 1000000
STN P (num vectors): 10
STN logger interval: 50

Run time:
[done]  instance=23t_03_r1e-04 algo=moead run_id=4 2026-08-25T03:11:41+00:00
[done]  instance=23t_03_r1e-04 algo=moead run_id=0 2026-08-25T03:13:47+00:00
[done]  instance=23t_03_r1e-04 algo=moead run_id=3 2026-08-25T03:15:57+00:00
[done]  instance=23t_03_r1e-04 algo=moead run_id=5 2026-08-25T03:21:55+00:00
[done]  instance=23t_03_r1e-04 algo=moead run_id=6 2026-08-25T03:24:45+00:00
[done]  instance=23t_03_r1e-04 algo=moead run_id=2 2026-08-25T03:38:32+00:00
[done]  instance=23t_03_r1e-04 algo=moead run_id=8 2026-08-25T03:40:51+00:00
[done]  instance=23t_03_r1e-04 algo=moead run_id=1 2026-08-25T03:42:31+00:00
[done]  instance=23t_03_r1e-04 algo=moead run_id=7 2026-08-25T04:04:14+00:00
[done]  instance=23t_03_r1e-04 algo=moead run_id=9 2026-08-25T04:23:56+00:00
