[start] instance=23t_03_r1e-04 algo=nsga2 run_id=0 stop_criteria=1000000 stn_p=10 stn_interval=50 2026-08-25T03:05:06+00:00
9

Number of subproblems: 100
Number of neighbors: 10
Number of fixed turbines: 28
Number of mobile turbines: 23
Wind: 10.000000000000
Angle: 30.000000000000
Run id: 0
Stop criteria: 1000000
STN P (num vectors): 10
STN logger interval: 50

Run time:
[start] instance=23t_03_r1e-04 algo=nsga2 run_id=1 stop_criteria=1000000 stn_p=10 stn_interval=50 2026-08-25T03:05:30+00:00
9

Number of subproblems: 100
Number of neighbors: 10
Number of fixed turbines: 28
Number of mobile turbines: 23
Wind: 10.000000000000
Angle: 30.000000000000
Run id: 1
Stop criteria: 1000000
STN P (num vectors): 10
STN logger interval: 50

Run time:
[start] instance=23t_03_r1e-04 algo=nsga2 run_id=2 stop_criteria=1000000 stn_p=10 stn_interval=50 2026-08-25T03:11:41+00:00
9

Number of subproblems: 100
Number of neighbors: 10
Number of fixed turbines: 28
Number of mobile turbines: 23
Wind: 10.000000000000
Angle: 30.000000000000
Run id: 2
Stop criteria: 1000000
STN P (num vectors): 10
STN logger interval: 50

Run time:
[start] instance=23t_03_r1e-04 algo=nsga2 run_id=3 stop_criteria=1000000 stn_p=10 stn_interval=50 2026-08-25T03:12:37+00:00
9

Number of subproblems: 100
Number of neighbors: 10
Number of fixed turbines: 28
Number of mobile turbines: 23
Wind: 10.000000000000
Angle: 30.000000000000
Run id: 3
Stop criteria: 1000000
STN P (num vectors): 10
STN logger interval: 50

Run time:
[start] instance=23t_03_r1e-04 algo=nsga2 run_id=4 stop_criteria=1000000 stn_p=10 stn_interval=50 2026-08-25T03:13:47+00:00
9

Number of subproblems: 100
Number of neighbors: 10
Number of fixed turbines: 28
Number of mobile turbines: 23
Wind: 10.000000000000
Angle: 30.000000000000
Run id: 4
Stop criteria: 1000000
STN P (num vectors): 10
STN logger interval: 50

Run time:
[start] instance=23t_03_r1e-04 algo=nsga2 run_id=5 stop_criteria=1000000 stn_p=10 stn_interval=50 2026-08-25T03:15:57+00:00
9

Number of subproblems: 100
Number of neighbors: 10
Number of fixed turbines: 28
Number of mobile turbines: 23
Wind: 10.000000000000
Angle: 30.000000000000
Run id: 5
Stop criteria: 1000000
STN P (num vectors): 10
STN logger interval: 50

Run time:
[start] instance=23t_03_r1e-04 algo=nsga2 run_id=6 stop_criteria=1000000 stn_p=10 stn_interval=50 2026-08-25T03:21:55+00:00
9

Number of subproblems: 100
Number of neighbors: 10
Number of fixed turbines: 28
Number of mobile turbines: 23
Wind: 10.000000000000
Angle: 30.000000000000
Run id: 6
Stop criteria: 1000000
STN P (num vectors): 10
STN logger interval: 50

Run time:
[start] instance=23t_03_r1e-04 algo=nsga2 run_id=7 stop_criteria=1000000 stn_p=10 stn_interval=50 2026-08-25T03:24:45+00:00
9

Number of subproblems: 100
Number of neighbors: 10
Number of fixed turbines: 28
Number of mobile turbines: 23
Wind: 10.000000000000
Angle: 30.000000000000
Run id: 7
Stop criteria: 1000000
STN P (num vectors): 10
STN logger interval: 50

Run time:
[start] instance=23t_03_r1e-04 algo=nsga2 run_id=8 stop_criteria=1000000 stn_p=10 stn_interval=50 2026-08-25T03:38:32+00:00
9

Number of subproblems: 100
Number of neighbors: 10
Number of fixed turbines: 28
Number of mobile turbines: 23
Wind: 10.000000000000
Angle: 30.000000000000
Run id: 8
Stop criteria: 1000000
STN P (num vectors): 10
STN logger interval: 50

Run time:
[start] instance=23t_03_r1e-04 algo=nsga2 run_id=9 stop_criteria=1000000 stn_p=10 stn_interval=50 2026-08-25T03:40:51+00:00
9

Number of subproblems: 100
Number of neighbors: 10
Number of fixed turbines: 28
Number of mobile turbines: 23
Wind: 10.000000000000
Angle: 30.000000000000
Run id: 9
Stop criteria: 1000000
STN P (num vectors): 10
STN logger interval: 50

Run time:
./meta_heuristics/scripts/run_one.sh: line 120: 309373 Killed                  ./meta_heuristics/"$algo" "$instance" "$out_dir" "$angle" "$wind" "$run_id" "$stop_criteria" "$stn_p" "$stn_interval"
./meta_heuristics/scripts/run_one.sh: line 120: 310026 Killed                  ./meta_heuristics/"$algo" "$instance" "$out_dir" "$angle" "$wind" "$run_id" "$stop_criteria" "$stn_p" "$stn_interval"
./meta_heuristics/scripts/run_one.sh: line 120: 309362 Killed                  ./meta_heuristics/"$algo" "$instance" "$out_dir" "$angle" "$wind" "$run_id" "$stop_criteria" "$stn_p" "$stn_interval"
./meta_heuristics/scripts/run_one.sh: line 120: 309308 Killed                  ./meta_heuristics/"$algo" "$instance" "$out_dir" "$angle" "$wind" "$run_id" "$stop_criteria" "$stn_p" "$stn_interval"
./meta_heuristics/scripts/run_one.sh: line 120: 309399 Killed                  ./meta_heuristics/"$algo" "$instance" "$out_dir" "$angle" "$wind" "$run_id" "$stop_criteria" "$stn_p" "$stn_interval"
./meta_heuristics/scripts/run_one.sh: line 120: 309388 Killed                  ./meta_heuristics/"$algo" "$instance" "$out_dir" "$angle" "$wind" "$run_id" "$stop_criteria" "$stn_p" "$stn_interval"
./meta_heuristics/scripts/run_one.sh: line 120: 309341 Killed                  ./meta_heuristics/"$algo" "$instance" "$out_dir" "$angle" "$wind" "$run_id" "$stop_criteria" "$stn_p" "$stn_interval"
./meta_heuristics/scripts/run_one.sh: line 120: 309331 Killed                  ./meta_heuristics/"$algo" "$instance" "$out_dir" "$angle" "$wind" "$run_id" "$stop_criteria" "$stn_p" "$stn_interval"
./meta_heuristics/scripts/run_one.sh: line 120: 310036 Killed                  ./meta_heuristics/"$algo" "$instance" "$out_dir" "$angle" "$wind" "$run_id" "$stop_criteria" "$stn_p" "$stn_interval"
./meta_heuristics/scripts/run_one.sh: line 120: 309300 Killed                  ./meta_heuristics/"$algo" "$instance" "$out_dir" "$angle" "$wind" "$run_id" "$stop_criteria" "$stn_p" "$stn_interval"
