[setup] criado ../instances/site/23t_01_r1e-04 -> ../../wflop_instances/sparse_instances/fresh_geometry/r1e-04/23t_01_r1e-04
[setup] criado ../instances/site/23t_01_r1e-04 -> ../../wflop_instances/sparse_instances/fresh_geometry/r1e-04/23t_01_r1e-04
[setup] criado ../instances/site/23t_01_r1e-04 -> ../../wflop_instances/sparse_instances/fresh_geometry/r1e-04/23t_01_r1e-04
[setup] criado ../instances/site/23t_01_r1e-04 -> ../../wflop_instances/sparse_instances/fresh_geometry/r1e-04/23t_01_r1e-04
[setup] criado ../instances/site/23t_01_r1e-04 -> ../../wflop_instances/sparse_instances/fresh_geometry/r1e-04/23t_01_r1e-04
[setup] criado ../instances/site/23t_01_r1e-04 -> ../../wflop_instances/sparse_instances/fresh_geometry/r1e-04/23t_01_r1e-04
[setup] criado ../instances/site/23t_01_r1e-04 -> ../../wflop_instances/sparse_instances/fresh_geometry/r1e-04/23t_01_r1e-04
[start] instance=23t_01_r1e-04 algo=moead run_id=2 stop_criteria=1000000 stn_p=10 stn_interval=50 2026-08-25T00:27:29+00:00
[setup] criado ../instances/site/23t_01_r1e-04 -> ../../wflop_instances/sparse_instances/fresh_geometry/r1e-04/23t_01_r1e-04
[setup] criado ../instances/site/23t_01_r1e-04 -> ../../wflop_instances/sparse_instances/fresh_geometry/r1e-04/23t_01_r1e-04
[start] instance=23t_01_r1e-04 algo=moead run_id=0 stop_criteria=1000000 stn_p=10 stn_interval=50 2026-08-25T00:27:29+00:00
[start] instance=23t_01_r1e-04 algo=moead run_id=6 stop_criteria=1000000 stn_p=10 stn_interval=50 2026-08-25T00:27:29+00:00
9
[start] instance=23t_01_r1e-04 algo=moead run_id=7 stop_criteria=1000000 stn_p=10 stn_interval=50 2026-08-25T00:27:29+00:00
9
[start] instance=23t_01_r1e-04 algo=moead run_id=3 stop_criteria=1000000 stn_p=10 stn_interval=50 2026-08-25T00:27:29+00:00
9
[start] instance=23t_01_r1e-04 algo=moead run_id=5 stop_criteria=1000000 stn_p=10 stn_interval=50 2026-08-25T00:27:29+00:00
[start] instance=23t_01_r1e-04 algo=moead run_id=9 stop_criteria=1000000 stn_p=10 stn_interval=50 2026-08-25T00:27:29+00:00
[start] instance=23t_01_r1e-04 algo=moead run_id=4 stop_criteria=1000000 stn_p=10 stn_interval=50 2026-08-25T00:27:29+00:00
9
9
[start] instance=23t_01_r1e-04 algo=moead run_id=8 stop_criteria=1000000 stn_p=10 stn_interval=50 2026-08-25T00:27:29+00:00
9
[setup] criado ../instances/site/23t_01_r1e-04 -> ../../wflop_instances/sparse_instances/fresh_geometry/r1e-04/23t_01_r1e-04
9
9
9
[start] instance=23t_01_r1e-04 algo=moead run_id=1 stop_criteria=1000000 stn_p=10 stn_interval=50 2026-08-25T00:27:29+00:00
9

Number of subproblems: 100
Number of neighbors: 10
Number of fixed turbines: 6
Number of mobile turbines: 23
Wind: 10.000000000000
Angle: 30.000000000000
Run id: 2
Stop criteria: 1000000
STN P (num vectors): 10
STN logger interval: 50

Run time:

Number of subproblems: 100
Number of neighbors: 10
Number of fixed turbines: 6
Number of mobile turbines: 23
Wind: 10.000000000000
Angle: 30.000000000000
Run id: 9
Stop criteria: 1000000
STN P (num vectors): 10
STN logger interval: 50

Run time:




Number of subproblems: 100
Number of subproblems: 100
Number of subproblems: 100
Number of neighbors: 10
Number of subproblems: 100
Number of neighbors: 10
Number of neighbors: 10
Number of fixed turbines: 6
Number of neighbors: 10
Number of fixed turbines: 6
Number of fixed turbines: 6
Number of mobile turbines: 23
Number of fixed turbines: 6
Number of mobile turbines: 23
Number of mobile turbines: 23
Number of mobile turbines: 23
Wind: 10.000000000000
Wind: 10.000000000000
Angle: 30.000000000000
Wind: 10.000000000000
Angle: 30.000000000000
Run id: 3
Wind: 10.000000000000
Angle: 30.000000000000
Run id: 8
Stop criteria: 1000000
Angle: 30.000000000000
Run id: 5
Stop criteria: 1000000
STN P (num vectors): 10
Run id: 6
Stop criteria: 1000000
STN P (num vectors): 10
STN logger interval: 50
Stop criteria: 1000000
STN P (num vectors): 10
STN logger interval: 50

STN P (num vectors): 10
STN logger interval: 50

Run time:
STN logger interval: 50

Run time:

Run time:
Run time:

Number of subproblems: 100
Number of neighbors: 10
Number of fixed turbines: 6
Number of mobile turbines: 23
Wind: 10.000000000000
Angle: 30.000000000000
Run id: 0
Stop criteria: 1000000
STN P (num vectors): 10
STN logger interval: 50

Run time:

Number of subproblems: 100
Number of neighbors: 10
Number of fixed turbines: 6
Number of mobile turbines: 23
Wind: 10.000000000000
Angle: 30.000000000000
Run id: 4
Stop criteria: 1000000
STN P (num vectors): 10
STN logger interval: 50

Run time:

Number of subproblems: 100
Number of neighbors: 10
Number of fixed turbines: 6
Number of mobile turbines: 23
Wind: 10.000000000000
Angle: 30.000000000000
Run id: 7
Stop criteria: 1000000
STN P (num vectors): 10
STN logger interval: 50

Run time:

Number of subproblems: 100
Number of neighbors: 10
Number of fixed turbines: 6
Number of mobile turbines: 23
Wind: 10.000000000000
Angle: 30.000000000000
Run id: 1
Stop criteria: 1000000
STN P (num vectors): 10
STN logger interval: 50

Run time:
[done]  instance=23t_01_r1e-04 algo=moead run_id=1 2026-08-25T01:56:03+00:00
[done]  instance=23t_01_r1e-04 algo=moead run_id=5 2026-08-25T01:56:37+00:00
[done]  instance=23t_01_r1e-04 algo=moead run_id=2 2026-08-25T01:59:07+00:00
[done]  instance=23t_01_r1e-04 algo=moead run_id=6 2026-08-25T01:59:55+00:00
[done]  instance=23t_01_r1e-04 algo=moead run_id=9 2026-08-25T02:00:07+00:00
[done]  instance=23t_01_r1e-04 algo=moead run_id=0 2026-08-25T02:01:47+00:00
[done]  instance=23t_01_r1e-04 algo=moead run_id=4 2026-08-25T02:02:08+00:00
[done]  instance=23t_01_r1e-04 algo=moead run_id=7 2026-08-25T02:03:02+00:00
[done]  instance=23t_01_r1e-04 algo=moead run_id=8 2026-08-25T02:04:19+00:00
[done]  instance=23t_01_r1e-04 algo=moead run_id=3 2026-08-25T02:10:40+00:00
