[setup] criado ../instances/site/23t_01_r1e-05 -> ../../wflop_instances/sparse_instances/fresh_geometry/r1e-05/23t_01_r1e-05
[setup] criado ../instances/site/23t_01_r1e-05 -> ../../wflop_instances/sparse_instances/fresh_geometry/r1e-05/23t_01_r1e-05
[setup] criado ../instances/site/23t_01_r1e-05 -> ../../wflop_instances/sparse_instances/fresh_geometry/r1e-05/23t_01_r1e-05
[setup] criado ../instances/site/23t_01_r1e-05 -> ../../wflop_instances/sparse_instances/fresh_geometry/r1e-05/23t_01_r1e-05
[start] instance=23t_01_r1e-05 algo=moead run_id=0 stop_criteria=1000000 stn_p=10 stn_interval=50 2026-08-25T00:29:57+00:00
[start] instance=23t_01_r1e-05 algo=moead run_id=1 stop_criteria=1000000 stn_p=10 stn_interval=50 2026-08-25T00:29:57+00:00
[start] instance=23t_01_r1e-05 algo=moead run_id=3 stop_criteria=1000000 stn_p=10 stn_interval=50 2026-08-25T00:29:57+00:00
9
9
9
[start] instance=23t_01_r1e-05 algo=moead run_id=2 stop_criteria=1000000 stn_p=10 stn_interval=50 2026-08-25T00:29:57+00:00
9

Number of subproblems: 100
Number of neighbors: 10
Number of fixed turbines: 6
Number of mobile turbines: 23
Wind: 10.000000000000
Angle: 30.000000000000
Run id: 1
Stop criteria: 1000000
STN P (num vectors): 10
STN logger interval: 50

Run time:

Number of subproblems: 100
Number of neighbors: 10
Number of fixed turbines: 6
Number of mobile turbines: 23
Wind: 10.000000000000
Angle: 30.000000000000
Run id: 2
Stop criteria: 1000000
STN P (num vectors): 10
STN logger interval: 50

Run time:

Number of subproblems: 100
Number of neighbors: 10
Number of fixed turbines: 6
Number of mobile turbines: 23
Wind: 10.000000000000
Angle: 30.000000000000
Run id: 3
Stop criteria: 1000000
STN P (num vectors): 10
STN logger interval: 50

Run time:

Number of subproblems: 100
Number of neighbors: 10
Number of fixed turbines: 6
Number of mobile turbines: 23
Wind: 10.000000000000
Angle: 30.000000000000
Run id: 0
Stop criteria: 1000000
STN P (num vectors): 10
STN logger interval: 50

Run time:
[start] instance=23t_01_r1e-05 algo=moead run_id=4 stop_criteria=1000000 stn_p=10 stn_interval=50 2026-08-26T19:09:32+00:00
9
[start] instance=23t_01_r1e-05 algo=moead run_id=5 stop_criteria=1000000 stn_p=10 stn_interval=50 2026-08-26T19:09:33+00:00
9
[start] instance=23t_01_r1e-05 algo=moead run_id=6 stop_criteria=1000000 stn_p=10 stn_interval=50 2026-08-26T19:09:33+00:00
9

Number of subproblems: 100
Number of neighbors: 10
Number of fixed turbines: 6
Number of mobile turbines: 23
Wind: 10.000000000000
Angle: 30.000000000000
Run id: 6
Stop criteria: 1000000
STN P (num vectors): 10
STN logger interval: 50

Run time:

Number of subproblems: 100
Number of neighbors: 10
Number of fixed turbines: 6
Number of mobile turbines: 23
Wind: 10.000000000000
Angle: 30.000000000000
Run id: 5
Stop criteria: 1000000
STN P (num vectors): 10
STN logger interval: 50

Run time:

Number of subproblems: 100
Number of neighbors: 10
Number of fixed turbines: 6
Number of mobile turbines: 23
Wind: 10.000000000000
Angle: 30.000000000000
Run id: 4
Stop criteria: 1000000
STN P (num vectors): 10
STN logger interval: 50

Run time:
