[start] instance=23t_02_r1e-04 algo=nsga2 run_id=0 stop_criteria=1000000 stn_p=10 stn_interval=50 2026-08-25T02:02:08+00:00
9

Number of subproblems: 100
Number of neighbors: 10
Number of fixed turbines: 4
Number of mobile turbines: 23
Wind: 10.000000000000
Angle: 30.000000000000
Run id: 0
Stop criteria: 1000000
STN P (num vectors): 10
STN logger interval: 50

Run time:
[start] instance=23t_02_r1e-04 algo=nsga2 run_id=1 stop_criteria=1000000 stn_p=10 stn_interval=50 2026-08-25T02:03:02+00:00
9

Number of subproblems: 100
Number of neighbors: 10
Number of fixed turbines: 4
Number of mobile turbines: 23
Wind: 10.000000000000
Angle: 30.000000000000
Run id: 1
Stop criteria: 1000000
STN P (num vectors): 10
STN logger interval: 50

Run time:
[start] instance=23t_02_r1e-04 algo=nsga2 run_id=2 stop_criteria=1000000 stn_p=10 stn_interval=50 2026-08-25T02:04:19+00:00
9

Number of subproblems: 100
Number of neighbors: 10
Number of fixed turbines: 4
Number of mobile turbines: 23
Wind: 10.000000000000
Angle: 30.000000000000
Run id: 2
Stop criteria: 1000000
STN P (num vectors): 10
STN logger interval: 50

Run time:
[start] instance=23t_02_r1e-04 algo=nsga2 run_id=3 stop_criteria=1000000 stn_p=10 stn_interval=50 2026-08-25T02:06:08+00:00
9

Number of subproblems: 100
Number of neighbors: 10
Number of fixed turbines: 4
Number of mobile turbines: 23
Wind: 10.000000000000
Angle: 30.000000000000
Run id: 3
Stop criteria: 1000000
STN P (num vectors): 10
STN logger interval: 50

Run time:
[start] instance=23t_02_r1e-04 algo=nsga2 run_id=4 stop_criteria=1000000 stn_p=10 stn_interval=50 2026-08-25T02:06:32+00:00
9

Number of subproblems: 100
Number of neighbors: 10
Number of fixed turbines: 4
Number of mobile turbines: 23
Wind: 10.000000000000
Angle: 30.000000000000
Run id: 4
Stop criteria: 1000000
STN P (num vectors): 10
STN logger interval: 50

Run time:
[start] instance=23t_02_r1e-04 algo=nsga2 run_id=5 stop_criteria=1000000 stn_p=10 stn_interval=50 2026-08-25T02:06:33+00:00
9

Number of subproblems: 100
Number of neighbors: 10
Number of fixed turbines: 4
Number of mobile turbines: 23
Wind: 10.000000000000
Angle: 30.000000000000
Run id: 5
Stop criteria: 1000000
STN P (num vectors): 10
STN logger interval: 50

Run time:
[start] instance=23t_02_r1e-04 algo=nsga2 run_id=6 stop_criteria=1000000 stn_p=10 stn_interval=50 2026-08-25T02:06:54+00:00
9

Number of subproblems: 100
Number of neighbors: 10
Number of fixed turbines: 4
Number of mobile turbines: 23
Wind: 10.000000000000
Angle: 30.000000000000
Run id: 6
Stop criteria: 1000000
STN P (num vectors): 10
STN logger interval: 50

Run time:
[start] instance=23t_02_r1e-04 algo=nsga2 run_id=7 stop_criteria=1000000 stn_p=10 stn_interval=50 2026-08-25T02:10:40+00:00
9

Number of subproblems: 100
Number of neighbors: 10
Number of fixed turbines: 4
Number of mobile turbines: 23
Wind: 10.000000000000
Angle: 30.000000000000
Run id: 7
Stop criteria: 1000000
STN P (num vectors): 10
STN logger interval: 50

Run time:
[start] instance=23t_02_r1e-04 algo=nsga2 run_id=8 stop_criteria=1000000 stn_p=10 stn_interval=50 2026-08-25T02:11:13+00:00
9

Number of subproblems: 100
Number of neighbors: 10
Number of fixed turbines: 4
Number of mobile turbines: 23
Wind: 10.000000000000
Angle: 30.000000000000
Run id: 8
Stop criteria: 1000000
STN P (num vectors): 10
STN logger interval: 50

Run time:
[start] instance=23t_02_r1e-04 algo=nsga2 run_id=9 stop_criteria=1000000 stn_p=10 stn_interval=50 2026-08-25T02:11:34+00:00
9

Number of subproblems: 100
Number of neighbors: 10
Number of fixed turbines: 4
Number of mobile turbines: 23
Wind: 10.000000000000
Angle: 30.000000000000
Run id: 9
Stop criteria: 1000000
STN P (num vectors): 10
STN logger interval: 50

Run time:
./meta_heuristics/scripts/run_one.sh: line 120: 309169 Killed                  ./meta_heuristics/"$algo" "$instance" "$out_dir" "$angle" "$wind" "$run_id" "$stop_criteria" "$stn_p" "$stn_interval"
./meta_heuristics/scripts/run_one.sh: line 120: 309112 Killed                  ./meta_heuristics/"$algo" "$instance" "$out_dir" "$angle" "$wind" "$run_id" "$stop_criteria" "$stn_p" "$stn_interval"
./meta_heuristics/scripts/run_one.sh: line 120: 309122 Killed                  ./meta_heuristics/"$algo" "$instance" "$out_dir" "$angle" "$wind" "$run_id" "$stop_criteria" "$stn_p" "$stn_interval"
./meta_heuristics/scripts/run_one.sh: line 120: 309180 Killed                  ./meta_heuristics/"$algo" "$instance" "$out_dir" "$angle" "$wind" "$run_id" "$stop_criteria" "$stn_p" "$stn_interval"
./meta_heuristics/scripts/run_one.sh: line 120: 309083 Killed                  ./meta_heuristics/"$algo" "$instance" "$out_dir" "$angle" "$wind" "$run_id" "$stop_criteria" "$stn_p" "$stn_interval"
./meta_heuristics/scripts/run_one.sh: line 120: 309152 Killed                  ./meta_heuristics/"$algo" "$instance" "$out_dir" "$angle" "$wind" "$run_id" "$stop_criteria" "$stn_p" "$stn_interval"
./meta_heuristics/scripts/run_one.sh: line 120: 309142 Killed                  ./meta_heuristics/"$algo" "$instance" "$out_dir" "$angle" "$wind" "$run_id" "$stop_criteria" "$stn_p" "$stn_interval"
./meta_heuristics/scripts/run_one.sh: line 120: 309099 Killed                  ./meta_heuristics/"$algo" "$instance" "$out_dir" "$angle" "$wind" "$run_id" "$stop_criteria" "$stn_p" "$stn_interval"
./meta_heuristics/scripts/run_one.sh: line 120: 309091 Killed                  ./meta_heuristics/"$algo" "$instance" "$out_dir" "$angle" "$wind" "$run_id" "$stop_criteria" "$stn_p" "$stn_interval"
./meta_heuristics/scripts/run_one.sh: line 120: 309132 Killed                  ./meta_heuristics/"$algo" "$instance" "$out_dir" "$angle" "$wind" "$run_id" "$stop_criteria" "$stn_p" "$stn_interval"
