[setup] criado ../instances/site/63t_02_r1e-04 -> ../../wflop_instances/sparse_instances/fresh_geometry/r1e-04/63t_02_r1e-04
[start] instance=63t_02_r1e-04 algo=moead run_id=0 stop_criteria=1000000 stn_p=10 stn_interval=50 2026-08-25T09:49:16+00:00
9

Number of subproblems: 100
Number of neighbors: 10
Number of fixed turbines: 36
Number of mobile turbines: 63
Wind: 10.000000000000
Angle: 30.000000000000
Run id: 0
Stop criteria: 1000000
STN P (num vectors): 10
STN logger interval: 50

Run time:
[start] instance=63t_02_r1e-04 algo=moead run_id=1 stop_criteria=1000000 stn_p=10 stn_interval=50 2026-08-25T10:09:30+00:00
9

Number of subproblems: 100
Number of neighbors: 10
Number of fixed turbines: 36
Number of mobile turbines: 63
Wind: 10.000000000000
Angle: 30.000000000000
Run id: 1
Stop criteria: 1000000
STN P (num vectors): 10
STN logger interval: 50

Run time:
[done]  instance=63t_02_r1e-04 algo=moead run_id=1 2026-08-25T12:53:28+00:00
[start] instance=63t_02_r1e-04 algo=moead run_id=2 stop_criteria=1000000 stn_p=10 stn_interval=50 2026-08-25T12:53:28+00:00
9

Number of subproblems: 100
Number of neighbors: 10
Number of fixed turbines: 36
Number of mobile turbines: 63
Wind: 10.000000000000
Angle: 30.000000000000
Run id: 2
Stop criteria: 1000000
STN P (num vectors): 10
STN logger interval: 50

Run time:
[done]  instance=63t_02_r1e-04 algo=moead run_id=0 2026-08-25T13:27:39+00:00
[start] instance=63t_02_r1e-04 algo=moead run_id=3 stop_criteria=1000000 stn_p=10 stn_interval=50 2026-08-25T13:27:39+00:00
9

Number of subproblems: 100
Number of neighbors: 10
Number of fixed turbines: 36
Number of mobile turbines: 63
Wind: 10.000000000000
Angle: 30.000000000000
Run id: 3
Stop criteria: 1000000
STN P (num vectors): 10
STN logger interval: 50

Run time:
[done]  instance=63t_02_r1e-04 algo=moead run_id=3 2026-08-25T15:27:18+00:00
[start] instance=63t_02_r1e-04 algo=moead run_id=4 stop_criteria=1000000 stn_p=10 stn_interval=50 2026-08-25T15:27:18+00:00
9

Number of subproblems: 100
Number of neighbors: 10
Number of fixed turbines: 36
Number of mobile turbines: 63
Wind: 10.000000000000
Angle: 30.000000000000
Run id: 4
Stop criteria: 1000000
STN P (num vectors): 10
STN logger interval: 50

Run time:
[done]  instance=63t_02_r1e-04 algo=moead run_id=2 2026-08-25T16:13:06+00:00
[start] instance=63t_02_r1e-04 algo=moead run_id=5 stop_criteria=1000000 stn_p=10 stn_interval=50 2026-08-25T16:13:06+00:00
9

Number of subproblems: 100
Number of neighbors: 10
Number of fixed turbines: 36
Number of mobile turbines: 63
Wind: 10.000000000000
Angle: 30.000000000000
Run id: 5
Stop criteria: 1000000
STN P (num vectors): 10
STN logger interval: 50

Run time:
[done]  instance=63t_02_r1e-04 algo=moead run_id=4 2026-08-25T17:33:29+00:00
[start] instance=63t_02_r1e-04 algo=moead run_id=6 stop_criteria=1000000 stn_p=10 stn_interval=50 2026-08-25T17:33:29+00:00
9

Number of subproblems: 100
Number of neighbors: 10
Number of fixed turbines: 36
Number of mobile turbines: 63
Wind: 10.000000000000
Angle: 30.000000000000
Run id: 6
Stop criteria: 1000000
STN P (num vectors): 10
STN logger interval: 50

Run time:
[done]  instance=63t_02_r1e-04 algo=moead run_id=5 2026-08-25T19:25:01+00:00
[start] instance=63t_02_r1e-04 algo=moead run_id=7 stop_criteria=1000000 stn_p=10 stn_interval=50 2026-08-25T19:25:01+00:00
9

Number of subproblems: 100
Number of neighbors: 10
Number of fixed turbines: 36
Number of mobile turbines: 63
Wind: 10.000000000000
Angle: 30.000000000000
Run id: 7
Stop criteria: 1000000
STN P (num vectors): 10
STN logger interval: 50

Run time:
[done]  instance=63t_02_r1e-04 algo=moead run_id=6 2026-08-25T20:06:35+00:00
[start] instance=63t_02_r1e-04 algo=moead run_id=8 stop_criteria=1000000 stn_p=10 stn_interval=50 2026-08-25T20:06:35+00:00
9

Number of subproblems: 100
Number of neighbors: 10
Number of fixed turbines: 36
Number of mobile turbines: 63
Wind: 10.000000000000
Angle: 30.000000000000
Run id: 8
Stop criteria: 1000000
STN P (num vectors): 10
STN logger interval: 50

Run time:
[done]  instance=63t_02_r1e-04 algo=moead run_id=7 2026-08-25T22:44:39+00:00
[start] instance=63t_02_r1e-04 algo=moead run_id=9 stop_criteria=1000000 stn_p=10 stn_interval=50 2026-08-25T22:44:39+00:00
9

Number of subproblems: 100
Number of neighbors: 10
Number of fixed turbines: 36
Number of mobile turbines: 63
Wind: 10.000000000000
Angle: 30.000000000000
Run id: 9
Stop criteria: 1000000
STN P (num vectors): 10
STN logger interval: 50

Run time:
[done]  instance=63t_02_r1e-04 algo=moead run_id=8 2026-08-25T23:10:57+00:00
[done]  instance=63t_02_r1e-04 algo=moead run_id=9 2026-08-26T01:21:01+00:00
