[start] instance=ns101 algo=moead run_id=0 stop_criteria=1000000 stn_p=10 stn_interval=50 2026-08-11T22:52:36+00:00
9

Number of subproblems: 100
Number of neighbors: 10
Number of fixed turbines: 26
Number of mobile turbines: 63
Wind: 10.000000000000
Angle: 30.000000000000
Run id: 0
Stop criteria: 1000000
STN P (num vectors): 10
STN logger interval: 50

Run time:
[done]  instance=ns101 algo=moead run_id=0 2026-08-11T22:57:25+00:00
[start] instance=ns101 algo=moead run_id=1 stop_criteria=1000000 stn_p=10 stn_interval=50 2026-08-11T22:57:26+00:00
9

Number of subproblems: 100
Number of neighbors: 10
Number of fixed turbines: 26
Number of mobile turbines: 63
Wind: 10.000000000000
Angle: 30.000000000000
Run id: 1
Stop criteria: 1000000
STN P (num vectors): 10
STN logger interval: 50

Run time:
[done]  instance=ns101 algo=moead run_id=1 2026-08-11T23:02:09+00:00
[start] instance=ns101 algo=moead run_id=2 stop_criteria=1000000 stn_p=10 stn_interval=50 2026-08-11T23:02:09+00:00
9

Number of subproblems: 100
Number of neighbors: 10
Number of fixed turbines: 26
Number of mobile turbines: 63
Wind: 10.000000000000
Angle: 30.000000000000
Run id: 2
Stop criteria: 1000000
STN P (num vectors): 10
STN logger interval: 50

Run time:
[done]  instance=ns101 algo=moead run_id=2 2026-08-11T23:06:58+00:00
[start] instance=ns101 algo=moead run_id=3 stop_criteria=1000000 stn_p=10 stn_interval=50 2026-08-11T23:06:58+00:00
9

Number of subproblems: 100
Number of neighbors: 10
Number of fixed turbines: 26
Number of mobile turbines: 63
Wind: 10.000000000000
Angle: 30.000000000000
Run id: 3
Stop criteria: 1000000
STN P (num vectors): 10
STN logger interval: 50

Run time:
[done]  instance=ns101 algo=moead run_id=3 2026-08-11T23:11:45+00:00
[start] instance=ns101 algo=moead run_id=4 stop_criteria=1000000 stn_p=10 stn_interval=50 2026-08-11T23:11:45+00:00
9

Number of subproblems: 100
Number of neighbors: 10
Number of fixed turbines: 26
Number of mobile turbines: 63
Wind: 10.000000000000
Angle: 30.000000000000
Run id: 4
Stop criteria: 1000000
STN P (num vectors): 10
STN logger interval: 50

Run time:
[done]  instance=ns101 algo=moead run_id=4 2026-08-11T23:16:27+00:00
[start] instance=ns101 algo=moead run_id=5 stop_criteria=1000000 stn_p=10 stn_interval=50 2026-08-11T23:16:27+00:00
9

Number of subproblems: 100
Number of neighbors: 10
Number of fixed turbines: 26
Number of mobile turbines: 63
Wind: 10.000000000000
Angle: 30.000000000000
Run id: 5
Stop criteria: 1000000
STN P (num vectors): 10
STN logger interval: 50

Run time:
[done]  instance=ns101 algo=moead run_id=5 2026-08-11T23:21:21+00:00
[start] instance=ns101 algo=moead run_id=6 stop_criteria=1000000 stn_p=10 stn_interval=50 2026-08-11T23:21:21+00:00
9

Number of subproblems: 100
Number of neighbors: 10
Number of fixed turbines: 26
Number of mobile turbines: 63
Wind: 10.000000000000
Angle: 30.000000000000
Run id: 6
Stop criteria: 1000000
STN P (num vectors): 10
STN logger interval: 50

Run time:
[done]  instance=ns101 algo=moead run_id=6 2026-08-11T23:25:58+00:00
[start] instance=ns101 algo=moead run_id=7 stop_criteria=1000000 stn_p=10 stn_interval=50 2026-08-11T23:25:58+00:00
9

Number of subproblems: 100
Number of neighbors: 10
Number of fixed turbines: 26
Number of mobile turbines: 63
Wind: 10.000000000000
Angle: 30.000000000000
Run id: 7
Stop criteria: 1000000
STN P (num vectors): 10
STN logger interval: 50

Run time:
[done]  instance=ns101 algo=moead run_id=7 2026-08-11T23:30:48+00:00
[start] instance=ns101 algo=moead run_id=8 stop_criteria=1000000 stn_p=10 stn_interval=50 2026-08-11T23:30:48+00:00
9

Number of subproblems: 100
Number of neighbors: 10
Number of fixed turbines: 26
Number of mobile turbines: 63
Wind: 10.000000000000
Angle: 30.000000000000
Run id: 8
Stop criteria: 1000000
STN P (num vectors): 10
STN logger interval: 50

Run time:
[done]  instance=ns101 algo=moead run_id=8 2026-08-11T23:35:30+00:00
[start] instance=ns101 algo=moead run_id=9 stop_criteria=1000000 stn_p=10 stn_interval=50 2026-08-11T23:35:30+00:00
9

Number of subproblems: 100
Number of neighbors: 10
Number of fixed turbines: 26
Number of mobile turbines: 63
Wind: 10.000000000000
Angle: 30.000000000000
Run id: 9
Stop criteria: 1000000
STN P (num vectors): 10
STN logger interval: 50

Run time:
[done]  instance=ns101 algo=moead run_id=9 2026-08-11T23:40:18+00:00
[start] instance=ns101 algo=nsga2 run_id=0 stop_criteria=1000000 stn_p=10 stn_interval=50 2026-08-11T23:40:19+00:00
9

Number of subproblems: 100
Number of neighbors: 10
Number of fixed turbines: 26
Number of mobile turbines: 63
Wind: 10.000000000000
Angle: 30.000000000000
Run id: 0
Stop criteria: 1000000
STN P (num vectors): 10
STN logger interval: 50

Run time:
[done]  instance=ns101 algo=nsga2 run_id=0 2026-08-11T23:52:39+00:00
[start] instance=ns101 algo=nsga2 run_id=1 stop_criteria=1000000 stn_p=10 stn_interval=50 2026-08-11T23:52:39+00:00
9

Number of subproblems: 100
Number of neighbors: 10
Number of fixed turbines: 26
Number of mobile turbines: 63
Wind: 10.000000000000
Angle: 30.000000000000
Run id: 1
Stop criteria: 1000000
STN P (num vectors): 10
STN logger interval: 50

Run time:
[done]  instance=ns101 algo=nsga2 run_id=1 2026-08-12T00:05:17+00:00
[start] instance=ns101 algo=nsga2 run_id=2 stop_criteria=1000000 stn_p=10 stn_interval=50 2026-08-12T00:05:17+00:00
9

Number of subproblems: 100
Number of neighbors: 10
Number of fixed turbines: 26
Number of mobile turbines: 63
Wind: 10.000000000000
Angle: 30.000000000000
Run id: 2
Stop criteria: 1000000
STN P (num vectors): 10
STN logger interval: 50

Run time:
[done]  instance=ns101 algo=nsga2 run_id=2 2026-08-12T00:17:34+00:00
[start] instance=ns101 algo=nsga2 run_id=3 stop_criteria=1000000 stn_p=10 stn_interval=50 2026-08-12T00:17:34+00:00
9

Number of subproblems: 100
Number of neighbors: 10
Number of fixed turbines: 26
Number of mobile turbines: 63
Wind: 10.000000000000
Angle: 30.000000000000
Run id: 3
Stop criteria: 1000000
STN P (num vectors): 10
STN logger interval: 50

Run time:
[done]  instance=ns101 algo=nsga2 run_id=3 2026-08-12T00:30:04+00:00
[start] instance=ns101 algo=nsga2 run_id=4 stop_criteria=1000000 stn_p=10 stn_interval=50 2026-08-12T00:30:04+00:00
9

Number of subproblems: 100
Number of neighbors: 10
Number of fixed turbines: 26
Number of mobile turbines: 63
Wind: 10.000000000000
Angle: 30.000000000000
Run id: 4
Stop criteria: 1000000
STN P (num vectors): 10
STN logger interval: 50

Run time:
[done]  instance=ns101 algo=nsga2 run_id=4 2026-08-12T00:42:21+00:00
[start] instance=ns101 algo=nsga2 run_id=5 stop_criteria=1000000 stn_p=10 stn_interval=50 2026-08-12T00:42:21+00:00
9

Number of subproblems: 100
Number of neighbors: 10
Number of fixed turbines: 26
Number of mobile turbines: 63
Wind: 10.000000000000
Angle: 30.000000000000
Run id: 5
Stop criteria: 1000000
STN P (num vectors): 10
STN logger interval: 50

Run time:
[done]  instance=ns101 algo=nsga2 run_id=5 2026-08-12T00:54:40+00:00
[start] instance=ns101 algo=nsga2 run_id=6 stop_criteria=1000000 stn_p=10 stn_interval=50 2026-08-12T00:54:40+00:00
9

Number of subproblems: 100
Number of neighbors: 10
Number of fixed turbines: 26
Number of mobile turbines: 63
Wind: 10.000000000000
Angle: 30.000000000000
Run id: 6
Stop criteria: 1000000
STN P (num vectors): 10
STN logger interval: 50

Run time:
[done]  instance=ns101 algo=nsga2 run_id=6 2026-08-12T01:07:01+00:00
[start] instance=ns101 algo=nsga2 run_id=7 stop_criteria=1000000 stn_p=10 stn_interval=50 2026-08-12T01:07:01+00:00
9

Number of subproblems: 100
Number of neighbors: 10
Number of fixed turbines: 26
Number of mobile turbines: 63
Wind: 10.000000000000
Angle: 30.000000000000
Run id: 7
Stop criteria: 1000000
STN P (num vectors): 10
STN logger interval: 50

Run time:
[done]  instance=ns101 algo=nsga2 run_id=7 2026-08-12T01:19:22+00:00
[start] instance=ns101 algo=nsga2 run_id=8 stop_criteria=1000000 stn_p=10 stn_interval=50 2026-08-12T01:19:22+00:00
9

Number of subproblems: 100
Number of neighbors: 10
Number of fixed turbines: 26
Number of mobile turbines: 63
Wind: 10.000000000000
Angle: 30.000000000000
Run id: 8
Stop criteria: 1000000
STN P (num vectors): 10
STN logger interval: 50

Run time:
[done]  instance=ns101 algo=nsga2 run_id=8 2026-08-12T01:30:57+00:00
[start] instance=ns101 algo=nsga2 run_id=9 stop_criteria=1000000 stn_p=10 stn_interval=50 2026-08-12T01:30:57+00:00
9

Number of subproblems: 100
Number of neighbors: 10
Number of fixed turbines: 26
Number of mobile turbines: 63
Wind: 10.000000000000
Angle: 30.000000000000
Run id: 9
Stop criteria: 1000000
STN P (num vectors): 10
STN logger interval: 50

Run time:
[done]  instance=ns101 algo=nsga2 run_id=9 2026-08-12T01:41:50+00:00
