[start] instance=ns101 algo=moead run_id=0 stop_criteria=1000000 stn_p=100 stn_interval=50 2026-08-11T22:52:36+00:00
9

Number of subproblems: 100
Number of neighbors: 10
Number of fixed turbines: 26
Number of mobile turbines: 63
Wind: 10.000000000000
Angle: 30.000000000000
Run id: 0
Stop criteria: 1000000
STN P (num vectors): 100
STN logger interval: 50

Run time:
[done]  instance=ns101 algo=moead run_id=0 2026-08-11T22:57:17+00:00
[start] instance=ns101 algo=moead run_id=1 stop_criteria=1000000 stn_p=100 stn_interval=50 2026-08-11T22:57:17+00:00
9

Number of subproblems: 100
Number of neighbors: 10
Number of fixed turbines: 26
Number of mobile turbines: 63
Wind: 10.000000000000
Angle: 30.000000000000
Run id: 1
Stop criteria: 1000000
STN P (num vectors): 100
STN logger interval: 50

Run time:
[done]  instance=ns101 algo=moead run_id=1 2026-08-11T23:02:12+00:00
[start] instance=ns101 algo=moead run_id=2 stop_criteria=1000000 stn_p=100 stn_interval=50 2026-08-11T23:02:12+00:00
9

Number of subproblems: 100
Number of neighbors: 10
Number of fixed turbines: 26
Number of mobile turbines: 63
Wind: 10.000000000000
Angle: 30.000000000000
Run id: 2
Stop criteria: 1000000
STN P (num vectors): 100
STN logger interval: 50

Run time:
[done]  instance=ns101 algo=moead run_id=2 2026-08-11T23:06:56+00:00
[start] instance=ns101 algo=moead run_id=3 stop_criteria=1000000 stn_p=100 stn_interval=50 2026-08-11T23:06:56+00:00
9

Number of subproblems: 100
Number of neighbors: 10
Number of fixed turbines: 26
Number of mobile turbines: 63
Wind: 10.000000000000
Angle: 30.000000000000
Run id: 3
Stop criteria: 1000000
STN P (num vectors): 100
STN logger interval: 50

Run time:
[done]  instance=ns101 algo=moead run_id=3 2026-08-11T23:11:54+00:00
[start] instance=ns101 algo=moead run_id=4 stop_criteria=1000000 stn_p=100 stn_interval=50 2026-08-11T23:11:54+00:00
9

Number of subproblems: 100
Number of neighbors: 10
Number of fixed turbines: 26
Number of mobile turbines: 63
Wind: 10.000000000000
Angle: 30.000000000000
Run id: 4
Stop criteria: 1000000
STN P (num vectors): 100
STN logger interval: 50

Run time:
[done]  instance=ns101 algo=moead run_id=4 2026-08-11T23:16:37+00:00
[start] instance=ns101 algo=moead run_id=5 stop_criteria=1000000 stn_p=100 stn_interval=50 2026-08-11T23:16:37+00:00
9

Number of subproblems: 100
Number of neighbors: 10
Number of fixed turbines: 26
Number of mobile turbines: 63
Wind: 10.000000000000
Angle: 30.000000000000
Run id: 5
Stop criteria: 1000000
STN P (num vectors): 100
STN logger interval: 50

Run time:
[done]  instance=ns101 algo=moead run_id=5 2026-08-11T23:21:25+00:00
[start] instance=ns101 algo=moead run_id=6 stop_criteria=1000000 stn_p=100 stn_interval=50 2026-08-11T23:21:25+00:00
9

Number of subproblems: 100
Number of neighbors: 10
Number of fixed turbines: 26
Number of mobile turbines: 63
Wind: 10.000000000000
Angle: 30.000000000000
Run id: 6
Stop criteria: 1000000
STN P (num vectors): 100
STN logger interval: 50

Run time:
[done]  instance=ns101 algo=moead run_id=6 2026-08-11T23:26:10+00:00
[start] instance=ns101 algo=moead run_id=7 stop_criteria=1000000 stn_p=100 stn_interval=50 2026-08-11T23:26:10+00:00
9

Number of subproblems: 100
Number of neighbors: 10
Number of fixed turbines: 26
Number of mobile turbines: 63
Wind: 10.000000000000
Angle: 30.000000000000
Run id: 7
Stop criteria: 1000000
STN P (num vectors): 100
STN logger interval: 50

Run time:
[done]  instance=ns101 algo=moead run_id=7 2026-08-11T23:31:02+00:00
[start] instance=ns101 algo=moead run_id=8 stop_criteria=1000000 stn_p=100 stn_interval=50 2026-08-11T23:31:02+00:00
9

Number of subproblems: 100
Number of neighbors: 10
Number of fixed turbines: 26
Number of mobile turbines: 63
Wind: 10.000000000000
Angle: 30.000000000000
Run id: 8
Stop criteria: 1000000
STN P (num vectors): 100
STN logger interval: 50

Run time:
[done]  instance=ns101 algo=moead run_id=8 2026-08-11T23:35:59+00:00
[start] instance=ns101 algo=moead run_id=9 stop_criteria=1000000 stn_p=100 stn_interval=50 2026-08-11T23:35:59+00:00
9

Number of subproblems: 100
Number of neighbors: 10
Number of fixed turbines: 26
Number of mobile turbines: 63
Wind: 10.000000000000
Angle: 30.000000000000
Run id: 9
Stop criteria: 1000000
STN P (num vectors): 100
STN logger interval: 50

Run time:
[done]  instance=ns101 algo=moead run_id=9 2026-08-11T23:40:39+00:00
[start] instance=ns101 algo=nsga2 run_id=0 stop_criteria=1000000 stn_p=100 stn_interval=50 2026-08-11T23:40:39+00:00
9

Number of subproblems: 100
Number of neighbors: 10
Number of fixed turbines: 26
Number of mobile turbines: 63
Wind: 10.000000000000
Angle: 30.000000000000
Run id: 0
Stop criteria: 1000000
STN P (num vectors): 100
STN logger interval: 50

Run time:
[done]  instance=ns101 algo=nsga2 run_id=0 2026-08-11T23:53:04+00:00
[start] instance=ns101 algo=nsga2 run_id=1 stop_criteria=1000000 stn_p=100 stn_interval=50 2026-08-11T23:53:04+00:00
9

Number of subproblems: 100
Number of neighbors: 10
Number of fixed turbines: 26
Number of mobile turbines: 63
Wind: 10.000000000000
Angle: 30.000000000000
Run id: 1
Stop criteria: 1000000
STN P (num vectors): 100
STN logger interval: 50

Run time:
[done]  instance=ns101 algo=nsga2 run_id=1 2026-08-12T00:05:38+00:00
[start] instance=ns101 algo=nsga2 run_id=2 stop_criteria=1000000 stn_p=100 stn_interval=50 2026-08-12T00:05:38+00:00
9

Number of subproblems: 100
Number of neighbors: 10
Number of fixed turbines: 26
Number of mobile turbines: 63
Wind: 10.000000000000
Angle: 30.000000000000
Run id: 2
Stop criteria: 1000000
STN P (num vectors): 100
STN logger interval: 50

Run time:
[done]  instance=ns101 algo=nsga2 run_id=2 2026-08-12T00:18:05+00:00
[start] instance=ns101 algo=nsga2 run_id=3 stop_criteria=1000000 stn_p=100 stn_interval=50 2026-08-12T00:18:05+00:00
9

Number of subproblems: 100
Number of neighbors: 10
Number of fixed turbines: 26
Number of mobile turbines: 63
Wind: 10.000000000000
Angle: 30.000000000000
Run id: 3
Stop criteria: 1000000
STN P (num vectors): 100
STN logger interval: 50

Run time:
[done]  instance=ns101 algo=nsga2 run_id=3 2026-08-12T00:30:36+00:00
[start] instance=ns101 algo=nsga2 run_id=4 stop_criteria=1000000 stn_p=100 stn_interval=50 2026-08-12T00:30:36+00:00
9

Number of subproblems: 100
Number of neighbors: 10
Number of fixed turbines: 26
Number of mobile turbines: 63
Wind: 10.000000000000
Angle: 30.000000000000
Run id: 4
Stop criteria: 1000000
STN P (num vectors): 100
STN logger interval: 50

Run time:
[done]  instance=ns101 algo=nsga2 run_id=4 2026-08-12T00:43:10+00:00
[start] instance=ns101 algo=nsga2 run_id=5 stop_criteria=1000000 stn_p=100 stn_interval=50 2026-08-12T00:43:10+00:00
9

Number of subproblems: 100
Number of neighbors: 10
Number of fixed turbines: 26
Number of mobile turbines: 63
Wind: 10.000000000000
Angle: 30.000000000000
Run id: 5
Stop criteria: 1000000
STN P (num vectors): 100
STN logger interval: 50

Run time:
[done]  instance=ns101 algo=nsga2 run_id=5 2026-08-12T00:55:42+00:00
[start] instance=ns101 algo=nsga2 run_id=6 stop_criteria=1000000 stn_p=100 stn_interval=50 2026-08-12T00:55:42+00:00
9

Number of subproblems: 100
Number of neighbors: 10
Number of fixed turbines: 26
Number of mobile turbines: 63
Wind: 10.000000000000
Angle: 30.000000000000
Run id: 6
Stop criteria: 1000000
STN P (num vectors): 100
STN logger interval: 50

Run time:
[done]  instance=ns101 algo=nsga2 run_id=6 2026-08-12T01:08:02+00:00
[start] instance=ns101 algo=nsga2 run_id=7 stop_criteria=1000000 stn_p=100 stn_interval=50 2026-08-12T01:08:02+00:00
9

Number of subproblems: 100
Number of neighbors: 10
Number of fixed turbines: 26
Number of mobile turbines: 63
Wind: 10.000000000000
Angle: 30.000000000000
Run id: 7
Stop criteria: 1000000
STN P (num vectors): 100
STN logger interval: 50

Run time:
[done]  instance=ns101 algo=nsga2 run_id=7 2026-08-12T01:20:27+00:00
[start] instance=ns101 algo=nsga2 run_id=8 stop_criteria=1000000 stn_p=100 stn_interval=50 2026-08-12T01:20:27+00:00
9

Number of subproblems: 100
Number of neighbors: 10
Number of fixed turbines: 26
Number of mobile turbines: 63
Wind: 10.000000000000
Angle: 30.000000000000
Run id: 8
Stop criteria: 1000000
STN P (num vectors): 100
STN logger interval: 50

Run time:
[done]  instance=ns101 algo=nsga2 run_id=8 2026-08-12T01:32:20+00:00
[start] instance=ns101 algo=nsga2 run_id=9 stop_criteria=1000000 stn_p=100 stn_interval=50 2026-08-12T01:32:20+00:00
9

Number of subproblems: 100
Number of neighbors: 10
Number of fixed turbines: 26
Number of mobile turbines: 63
Wind: 10.000000000000
Angle: 30.000000000000
Run id: 9
Stop criteria: 1000000
STN P (num vectors): 100
STN logger interval: 50

Run time:
[done]  instance=ns101 algo=nsga2 run_id=9 2026-08-12T01:43:08+00:00
