[start] instance=ns178 algo=moead run_id=0 stop_criteria=1000000 stn_p=10 stn_interval=50 2026-08-11T22:52:36+00:00
9

Number of subproblems: 100
Number of neighbors: 10
Number of fixed turbines: 58
Number of mobile turbines: 23
Wind: 10.000000000000
Angle: 30.000000000000
Run id: 0
Stop criteria: 1000000
STN P (num vectors): 10
STN logger interval: 50

Run time:
[done]  instance=ns178 algo=moead run_id=0 2026-08-11T22:56:15+00:00
[start] instance=ns178 algo=moead run_id=1 stop_criteria=1000000 stn_p=10 stn_interval=50 2026-08-11T22:56:15+00:00
9

Number of subproblems: 100
Number of neighbors: 10
Number of fixed turbines: 58
Number of mobile turbines: 23
Wind: 10.000000000000
Angle: 30.000000000000
Run id: 1
Stop criteria: 1000000
STN P (num vectors): 10
STN logger interval: 50

Run time:
[done]  instance=ns178 algo=moead run_id=1 2026-08-11T22:59:54+00:00
[start] instance=ns178 algo=moead run_id=2 stop_criteria=1000000 stn_p=10 stn_interval=50 2026-08-11T22:59:54+00:00
9

Number of subproblems: 100
Number of neighbors: 10
Number of fixed turbines: 58
Number of mobile turbines: 23
Wind: 10.000000000000
Angle: 30.000000000000
Run id: 2
Stop criteria: 1000000
STN P (num vectors): 10
STN logger interval: 50

Run time:
[done]  instance=ns178 algo=moead run_id=2 2026-08-11T23:03:34+00:00
[start] instance=ns178 algo=moead run_id=3 stop_criteria=1000000 stn_p=10 stn_interval=50 2026-08-11T23:03:34+00:00
9

Number of subproblems: 100
Number of neighbors: 10
Number of fixed turbines: 58
Number of mobile turbines: 23
Wind: 10.000000000000
Angle: 30.000000000000
Run id: 3
Stop criteria: 1000000
STN P (num vectors): 10
STN logger interval: 50

Run time:
[done]  instance=ns178 algo=moead run_id=3 2026-08-11T23:07:16+00:00
[start] instance=ns178 algo=moead run_id=4 stop_criteria=1000000 stn_p=10 stn_interval=50 2026-08-11T23:07:16+00:00
9

Number of subproblems: 100
Number of neighbors: 10
Number of fixed turbines: 58
Number of mobile turbines: 23
Wind: 10.000000000000
Angle: 30.000000000000
Run id: 4
Stop criteria: 1000000
STN P (num vectors): 10
STN logger interval: 50

Run time:
[done]  instance=ns178 algo=moead run_id=4 2026-08-11T23:11:01+00:00
[start] instance=ns178 algo=moead run_id=5 stop_criteria=1000000 stn_p=10 stn_interval=50 2026-08-11T23:11:01+00:00
9

Number of subproblems: 100
Number of neighbors: 10
Number of fixed turbines: 58
Number of mobile turbines: 23
Wind: 10.000000000000
Angle: 30.000000000000
Run id: 5
Stop criteria: 1000000
STN P (num vectors): 10
STN logger interval: 50

Run time:
[done]  instance=ns178 algo=moead run_id=5 2026-08-11T23:14:42+00:00
[start] instance=ns178 algo=moead run_id=6 stop_criteria=1000000 stn_p=10 stn_interval=50 2026-08-11T23:14:42+00:00
9

Number of subproblems: 100
Number of neighbors: 10
Number of fixed turbines: 58
Number of mobile turbines: 23
Wind: 10.000000000000
Angle: 30.000000000000
Run id: 6
Stop criteria: 1000000
STN P (num vectors): 10
STN logger interval: 50

Run time:
[done]  instance=ns178 algo=moead run_id=6 2026-08-11T23:18:23+00:00
[start] instance=ns178 algo=moead run_id=7 stop_criteria=1000000 stn_p=10 stn_interval=50 2026-08-11T23:18:23+00:00
9

Number of subproblems: 100
Number of neighbors: 10
Number of fixed turbines: 58
Number of mobile turbines: 23
Wind: 10.000000000000
Angle: 30.000000000000
Run id: 7
Stop criteria: 1000000
STN P (num vectors): 10
STN logger interval: 50

Run time:
[done]  instance=ns178 algo=moead run_id=7 2026-08-11T23:22:03+00:00
[start] instance=ns178 algo=moead run_id=8 stop_criteria=1000000 stn_p=10 stn_interval=50 2026-08-11T23:22:03+00:00
9

Number of subproblems: 100
Number of neighbors: 10
Number of fixed turbines: 58
Number of mobile turbines: 23
Wind: 10.000000000000
Angle: 30.000000000000
Run id: 8
Stop criteria: 1000000
STN P (num vectors): 10
STN logger interval: 50

Run time:
[done]  instance=ns178 algo=moead run_id=8 2026-08-11T23:25:39+00:00
[start] instance=ns178 algo=moead run_id=9 stop_criteria=1000000 stn_p=10 stn_interval=50 2026-08-11T23:25:39+00:00
9

Number of subproblems: 100
Number of neighbors: 10
Number of fixed turbines: 58
Number of mobile turbines: 23
Wind: 10.000000000000
Angle: 30.000000000000
Run id: 9
Stop criteria: 1000000
STN P (num vectors): 10
STN logger interval: 50

Run time:
[done]  instance=ns178 algo=moead run_id=9 2026-08-11T23:29:17+00:00
[start] instance=ns178 algo=nsga2 run_id=0 stop_criteria=1000000 stn_p=10 stn_interval=50 2026-08-11T23:29:17+00:00
9

Number of subproblems: 100
Number of neighbors: 10
Number of fixed turbines: 58
Number of mobile turbines: 23
Wind: 10.000000000000
Angle: 30.000000000000
Run id: 0
Stop criteria: 1000000
STN P (num vectors): 10
STN logger interval: 50

Run time:
[done]  instance=ns178 algo=nsga2 run_id=0 2026-08-11T23:38:28+00:00
[start] instance=ns178 algo=nsga2 run_id=1 stop_criteria=1000000 stn_p=10 stn_interval=50 2026-08-11T23:38:28+00:00
9

Number of subproblems: 100
Number of neighbors: 10
Number of fixed turbines: 58
Number of mobile turbines: 23
Wind: 10.000000000000
Angle: 30.000000000000
Run id: 1
Stop criteria: 1000000
STN P (num vectors): 10
STN logger interval: 50

Run time:
[done]  instance=ns178 algo=nsga2 run_id=1 2026-08-11T23:47:44+00:00
[start] instance=ns178 algo=nsga2 run_id=2 stop_criteria=1000000 stn_p=10 stn_interval=50 2026-08-11T23:47:44+00:00
9

Number of subproblems: 100
Number of neighbors: 10
Number of fixed turbines: 58
Number of mobile turbines: 23
Wind: 10.000000000000
Angle: 30.000000000000
Run id: 2
Stop criteria: 1000000
STN P (num vectors): 10
STN logger interval: 50

Run time:
[done]  instance=ns178 algo=nsga2 run_id=2 2026-08-11T23:57:02+00:00
[start] instance=ns178 algo=nsga2 run_id=3 stop_criteria=1000000 stn_p=10 stn_interval=50 2026-08-11T23:57:02+00:00
9

Number of subproblems: 100
Number of neighbors: 10
Number of fixed turbines: 58
Number of mobile turbines: 23
Wind: 10.000000000000
Angle: 30.000000000000
Run id: 3
Stop criteria: 1000000
STN P (num vectors): 10
STN logger interval: 50

Run time:
[done]  instance=ns178 algo=nsga2 run_id=3 2026-08-12T00:06:16+00:00
[start] instance=ns178 algo=nsga2 run_id=4 stop_criteria=1000000 stn_p=10 stn_interval=50 2026-08-12T00:06:16+00:00
9

Number of subproblems: 100
Number of neighbors: 10
Number of fixed turbines: 58
Number of mobile turbines: 23
Wind: 10.000000000000
Angle: 30.000000000000
Run id: 4
Stop criteria: 1000000
STN P (num vectors): 10
STN logger interval: 50

Run time:
[done]  instance=ns178 algo=nsga2 run_id=4 2026-08-12T00:15:27+00:00
[start] instance=ns178 algo=nsga2 run_id=5 stop_criteria=1000000 stn_p=10 stn_interval=50 2026-08-12T00:15:27+00:00
9

Number of subproblems: 100
Number of neighbors: 10
Number of fixed turbines: 58
Number of mobile turbines: 23
Wind: 10.000000000000
Angle: 30.000000000000
Run id: 5
Stop criteria: 1000000
STN P (num vectors): 10
STN logger interval: 50

Run time:
[done]  instance=ns178 algo=nsga2 run_id=5 2026-08-12T00:24:40+00:00
[start] instance=ns178 algo=nsga2 run_id=6 stop_criteria=1000000 stn_p=10 stn_interval=50 2026-08-12T00:24:40+00:00
9

Number of subproblems: 100
Number of neighbors: 10
Number of fixed turbines: 58
Number of mobile turbines: 23
Wind: 10.000000000000
Angle: 30.000000000000
Run id: 6
Stop criteria: 1000000
STN P (num vectors): 10
STN logger interval: 50

Run time:
[done]  instance=ns178 algo=nsga2 run_id=6 2026-08-12T00:33:54+00:00
[start] instance=ns178 algo=nsga2 run_id=7 stop_criteria=1000000 stn_p=10 stn_interval=50 2026-08-12T00:33:54+00:00
9

Number of subproblems: 100
Number of neighbors: 10
Number of fixed turbines: 58
Number of mobile turbines: 23
Wind: 10.000000000000
Angle: 30.000000000000
Run id: 7
Stop criteria: 1000000
STN P (num vectors): 10
STN logger interval: 50

Run time:
[done]  instance=ns178 algo=nsga2 run_id=7 2026-08-12T00:43:08+00:00
[start] instance=ns178 algo=nsga2 run_id=8 stop_criteria=1000000 stn_p=10 stn_interval=50 2026-08-12T00:43:08+00:00
9

Number of subproblems: 100
Number of neighbors: 10
Number of fixed turbines: 58
Number of mobile turbines: 23
Wind: 10.000000000000
Angle: 30.000000000000
Run id: 8
Stop criteria: 1000000
STN P (num vectors): 10
STN logger interval: 50

Run time:
[done]  instance=ns178 algo=nsga2 run_id=8 2026-08-12T00:52:24+00:00
[start] instance=ns178 algo=nsga2 run_id=9 stop_criteria=1000000 stn_p=10 stn_interval=50 2026-08-12T00:52:24+00:00
9

Number of subproblems: 100
Number of neighbors: 10
Number of fixed turbines: 58
Number of mobile turbines: 23
Wind: 10.000000000000
Angle: 30.000000000000
Run id: 9
Stop criteria: 1000000
STN P (num vectors): 10
STN logger interval: 50

Run time:
[done]  instance=ns178 algo=nsga2 run_id=9 2026-08-12T01:01:47+00:00
