[start] instance=ns192 algo=moead run_id=0 stop_criteria=1000000 stn_p=50 stn_interval=50 2026-08-11T22:52:36+00:00
9

Number of subproblems: 100
Number of neighbors: 10
Number of fixed turbines: 57
Number of mobile turbines: 31
Wind: 10.000000000000
Angle: 30.000000000000
Run id: 0
Stop criteria: 1000000
STN P (num vectors): 50
STN logger interval: 50

Run time:
[done]  instance=ns192 algo=moead run_id=0 2026-08-11T22:57:03+00:00
[start] instance=ns192 algo=moead run_id=1 stop_criteria=1000000 stn_p=50 stn_interval=50 2026-08-11T22:57:03+00:00
9

Number of subproblems: 100
Number of neighbors: 10
Number of fixed turbines: 57
Number of mobile turbines: 31
Wind: 10.000000000000
Angle: 30.000000000000
Run id: 1
Stop criteria: 1000000
STN P (num vectors): 50
STN logger interval: 50

Run time:
[done]  instance=ns192 algo=moead run_id=1 2026-08-11T23:01:34+00:00
[start] instance=ns192 algo=moead run_id=2 stop_criteria=1000000 stn_p=50 stn_interval=50 2026-08-11T23:01:34+00:00
9

Number of subproblems: 100
Number of neighbors: 10
Number of fixed turbines: 57
Number of mobile turbines: 31
Wind: 10.000000000000
Angle: 30.000000000000
Run id: 2
Stop criteria: 1000000
STN P (num vectors): 50
STN logger interval: 50

Run time:
[done]  instance=ns192 algo=moead run_id=2 2026-08-11T23:06:02+00:00
[start] instance=ns192 algo=moead run_id=3 stop_criteria=1000000 stn_p=50 stn_interval=50 2026-08-11T23:06:02+00:00
9

Number of subproblems: 100
Number of neighbors: 10
Number of fixed turbines: 57
Number of mobile turbines: 31
Wind: 10.000000000000
Angle: 30.000000000000
Run id: 3
Stop criteria: 1000000
STN P (num vectors): 50
STN logger interval: 50

Run time:
[done]  instance=ns192 algo=moead run_id=3 2026-08-11T23:10:33+00:00
[start] instance=ns192 algo=moead run_id=4 stop_criteria=1000000 stn_p=50 stn_interval=50 2026-08-11T23:10:33+00:00
9

Number of subproblems: 100
Number of neighbors: 10
Number of fixed turbines: 57
Number of mobile turbines: 31
Wind: 10.000000000000
Angle: 30.000000000000
Run id: 4
Stop criteria: 1000000
STN P (num vectors): 50
STN logger interval: 50

Run time:
[done]  instance=ns192 algo=moead run_id=4 2026-08-11T23:15:05+00:00
[start] instance=ns192 algo=moead run_id=5 stop_criteria=1000000 stn_p=50 stn_interval=50 2026-08-11T23:15:05+00:00
9

Number of subproblems: 100
Number of neighbors: 10
Number of fixed turbines: 57
Number of mobile turbines: 31
Wind: 10.000000000000
Angle: 30.000000000000
Run id: 5
Stop criteria: 1000000
STN P (num vectors): 50
STN logger interval: 50

Run time:
[done]  instance=ns192 algo=moead run_id=5 2026-08-11T23:19:38+00:00
[start] instance=ns192 algo=moead run_id=6 stop_criteria=1000000 stn_p=50 stn_interval=50 2026-08-11T23:19:38+00:00
9

Number of subproblems: 100
Number of neighbors: 10
Number of fixed turbines: 57
Number of mobile turbines: 31
Wind: 10.000000000000
Angle: 30.000000000000
Run id: 6
Stop criteria: 1000000
STN P (num vectors): 50
STN logger interval: 50

Run time:
[done]  instance=ns192 algo=moead run_id=6 2026-08-11T23:24:06+00:00
[start] instance=ns192 algo=moead run_id=7 stop_criteria=1000000 stn_p=50 stn_interval=50 2026-08-11T23:24:06+00:00
9

Number of subproblems: 100
Number of neighbors: 10
Number of fixed turbines: 57
Number of mobile turbines: 31
Wind: 10.000000000000
Angle: 30.000000000000
Run id: 7
Stop criteria: 1000000
STN P (num vectors): 50
STN logger interval: 50

Run time:
[done]  instance=ns192 algo=moead run_id=7 2026-08-11T23:28:34+00:00
[start] instance=ns192 algo=moead run_id=8 stop_criteria=1000000 stn_p=50 stn_interval=50 2026-08-11T23:28:34+00:00
9

Number of subproblems: 100
Number of neighbors: 10
Number of fixed turbines: 57
Number of mobile turbines: 31
Wind: 10.000000000000
Angle: 30.000000000000
Run id: 8
Stop criteria: 1000000
STN P (num vectors): 50
STN logger interval: 50

Run time:
[done]  instance=ns192 algo=moead run_id=8 2026-08-11T23:33:02+00:00
[start] instance=ns192 algo=moead run_id=9 stop_criteria=1000000 stn_p=50 stn_interval=50 2026-08-11T23:33:02+00:00
9

Number of subproblems: 100
Number of neighbors: 10
Number of fixed turbines: 57
Number of mobile turbines: 31
Wind: 10.000000000000
Angle: 30.000000000000
Run id: 9
Stop criteria: 1000000
STN P (num vectors): 50
STN logger interval: 50

Run time:
[done]  instance=ns192 algo=moead run_id=9 2026-08-11T23:37:36+00:00
[start] instance=ns192 algo=nsga2 run_id=0 stop_criteria=1000000 stn_p=50 stn_interval=50 2026-08-11T23:37:36+00:00
9

Number of subproblems: 100
Number of neighbors: 10
Number of fixed turbines: 57
Number of mobile turbines: 31
Wind: 10.000000000000
Angle: 30.000000000000
Run id: 0
Stop criteria: 1000000
STN P (num vectors): 50
STN logger interval: 50

Run time:
[done]  instance=ns192 algo=nsga2 run_id=0 2026-08-11T23:48:27+00:00
[start] instance=ns192 algo=nsga2 run_id=1 stop_criteria=1000000 stn_p=50 stn_interval=50 2026-08-11T23:48:27+00:00
9

Number of subproblems: 100
Number of neighbors: 10
Number of fixed turbines: 57
Number of mobile turbines: 31
Wind: 10.000000000000
Angle: 30.000000000000
Run id: 1
Stop criteria: 1000000
STN P (num vectors): 50
STN logger interval: 50

Run time:
[done]  instance=ns192 algo=nsga2 run_id=1 2026-08-11T23:59:29+00:00
[start] instance=ns192 algo=nsga2 run_id=2 stop_criteria=1000000 stn_p=50 stn_interval=50 2026-08-11T23:59:29+00:00
9

Number of subproblems: 100
Number of neighbors: 10
Number of fixed turbines: 57
Number of mobile turbines: 31
Wind: 10.000000000000
Angle: 30.000000000000
Run id: 2
Stop criteria: 1000000
STN P (num vectors): 50
STN logger interval: 50

Run time:
[done]  instance=ns192 algo=nsga2 run_id=2 2026-08-12T00:10:23+00:00
[start] instance=ns192 algo=nsga2 run_id=3 stop_criteria=1000000 stn_p=50 stn_interval=50 2026-08-12T00:10:23+00:00
9

Number of subproblems: 100
Number of neighbors: 10
Number of fixed turbines: 57
Number of mobile turbines: 31
Wind: 10.000000000000
Angle: 30.000000000000
Run id: 3
Stop criteria: 1000000
STN P (num vectors): 50
STN logger interval: 50

Run time:
[done]  instance=ns192 algo=nsga2 run_id=3 2026-08-12T00:21:17+00:00
[start] instance=ns192 algo=nsga2 run_id=4 stop_criteria=1000000 stn_p=50 stn_interval=50 2026-08-12T00:21:17+00:00
9

Number of subproblems: 100
Number of neighbors: 10
Number of fixed turbines: 57
Number of mobile turbines: 31
Wind: 10.000000000000
Angle: 30.000000000000
Run id: 4
Stop criteria: 1000000
STN P (num vectors): 50
STN logger interval: 50

Run time:
[done]  instance=ns192 algo=nsga2 run_id=4 2026-08-12T00:32:19+00:00
[start] instance=ns192 algo=nsga2 run_id=5 stop_criteria=1000000 stn_p=50 stn_interval=50 2026-08-12T00:32:19+00:00
9

Number of subproblems: 100
Number of neighbors: 10
Number of fixed turbines: 57
Number of mobile turbines: 31
Wind: 10.000000000000
Angle: 30.000000000000
Run id: 5
Stop criteria: 1000000
STN P (num vectors): 50
STN logger interval: 50

Run time:
[done]  instance=ns192 algo=nsga2 run_id=5 2026-08-12T00:43:02+00:00
[start] instance=ns192 algo=nsga2 run_id=6 stop_criteria=1000000 stn_p=50 stn_interval=50 2026-08-12T00:43:02+00:00
9

Number of subproblems: 100
Number of neighbors: 10
Number of fixed turbines: 57
Number of mobile turbines: 31
Wind: 10.000000000000
Angle: 30.000000000000
Run id: 6
Stop criteria: 1000000
STN P (num vectors): 50
STN logger interval: 50

Run time:
[done]  instance=ns192 algo=nsga2 run_id=6 2026-08-12T00:53:50+00:00
[start] instance=ns192 algo=nsga2 run_id=7 stop_criteria=1000000 stn_p=50 stn_interval=50 2026-08-12T00:53:50+00:00
9

Number of subproblems: 100
Number of neighbors: 10
Number of fixed turbines: 57
Number of mobile turbines: 31
Wind: 10.000000000000
Angle: 30.000000000000
Run id: 7
Stop criteria: 1000000
STN P (num vectors): 50
STN logger interval: 50

Run time:
[done]  instance=ns192 algo=nsga2 run_id=7 2026-08-12T01:04:42+00:00
[start] instance=ns192 algo=nsga2 run_id=8 stop_criteria=1000000 stn_p=50 stn_interval=50 2026-08-12T01:04:42+00:00
9

Number of subproblems: 100
Number of neighbors: 10
Number of fixed turbines: 57
Number of mobile turbines: 31
Wind: 10.000000000000
Angle: 30.000000000000
Run id: 8
Stop criteria: 1000000
STN P (num vectors): 50
STN logger interval: 50

Run time:
[done]  instance=ns192 algo=nsga2 run_id=8 2026-08-12T01:15:28+00:00
[start] instance=ns192 algo=nsga2 run_id=9 stop_criteria=1000000 stn_p=50 stn_interval=50 2026-08-12T01:15:28+00:00
9

Number of subproblems: 100
Number of neighbors: 10
Number of fixed turbines: 57
Number of mobile turbines: 31
Wind: 10.000000000000
Angle: 30.000000000000
Run id: 9
Stop criteria: 1000000
STN P (num vectors): 50
STN logger interval: 50

Run time:
[done]  instance=ns192 algo=nsga2 run_id=9 2026-08-12T01:26:12+00:00
