[start] instance=ns192 algo=moead run_id=0 stop_criteria=1000000 stn_p=10 stn_interval=50 2026-08-11T22:52:36+00:00
9

Number of subproblems: 100
Number of neighbors: 10
Number of fixed turbines: 57
Number of mobile turbines: 31
Wind: 10.000000000000
Angle: 30.000000000000
Run id: 0
Stop criteria: 1000000
STN P (num vectors): 10
STN logger interval: 50

Run time:
[done]  instance=ns192 algo=moead run_id=0 2026-08-11T22:57:00+00:00
[start] instance=ns192 algo=moead run_id=1 stop_criteria=1000000 stn_p=10 stn_interval=50 2026-08-11T22:57:00+00:00
9

Number of subproblems: 100
Number of neighbors: 10
Number of fixed turbines: 57
Number of mobile turbines: 31
Wind: 10.000000000000
Angle: 30.000000000000
Run id: 1
Stop criteria: 1000000
STN P (num vectors): 10
STN logger interval: 50

Run time:
[done]  instance=ns192 algo=moead run_id=1 2026-08-11T23:01:34+00:00
[start] instance=ns192 algo=moead run_id=2 stop_criteria=1000000 stn_p=10 stn_interval=50 2026-08-11T23:01:34+00:00
9

Number of subproblems: 100
Number of neighbors: 10
Number of fixed turbines: 57
Number of mobile turbines: 31
Wind: 10.000000000000
Angle: 30.000000000000
Run id: 2
Stop criteria: 1000000
STN P (num vectors): 10
STN logger interval: 50

Run time:
[done]  instance=ns192 algo=moead run_id=2 2026-08-11T23:06:07+00:00
[start] instance=ns192 algo=moead run_id=3 stop_criteria=1000000 stn_p=10 stn_interval=50 2026-08-11T23:06:07+00:00
9

Number of subproblems: 100
Number of neighbors: 10
Number of fixed turbines: 57
Number of mobile turbines: 31
Wind: 10.000000000000
Angle: 30.000000000000
Run id: 3
Stop criteria: 1000000
STN P (num vectors): 10
STN logger interval: 50

Run time:
[done]  instance=ns192 algo=moead run_id=3 2026-08-11T23:10:43+00:00
[start] instance=ns192 algo=moead run_id=4 stop_criteria=1000000 stn_p=10 stn_interval=50 2026-08-11T23:10:43+00:00
9

Number of subproblems: 100
Number of neighbors: 10
Number of fixed turbines: 57
Number of mobile turbines: 31
Wind: 10.000000000000
Angle: 30.000000000000
Run id: 4
Stop criteria: 1000000
STN P (num vectors): 10
STN logger interval: 50

Run time:
[done]  instance=ns192 algo=moead run_id=4 2026-08-11T23:15:11+00:00
[start] instance=ns192 algo=moead run_id=5 stop_criteria=1000000 stn_p=10 stn_interval=50 2026-08-11T23:15:11+00:00
9

Number of subproblems: 100
Number of neighbors: 10
Number of fixed turbines: 57
Number of mobile turbines: 31
Wind: 10.000000000000
Angle: 30.000000000000
Run id: 5
Stop criteria: 1000000
STN P (num vectors): 10
STN logger interval: 50

Run time:
[done]  instance=ns192 algo=moead run_id=5 2026-08-11T23:19:40+00:00
[start] instance=ns192 algo=moead run_id=6 stop_criteria=1000000 stn_p=10 stn_interval=50 2026-08-11T23:19:40+00:00
9

Number of subproblems: 100
Number of neighbors: 10
Number of fixed turbines: 57
Number of mobile turbines: 31
Wind: 10.000000000000
Angle: 30.000000000000
Run id: 6
Stop criteria: 1000000
STN P (num vectors): 10
STN logger interval: 50

Run time:
[done]  instance=ns192 algo=moead run_id=6 2026-08-11T23:24:15+00:00
[start] instance=ns192 algo=moead run_id=7 stop_criteria=1000000 stn_p=10 stn_interval=50 2026-08-11T23:24:15+00:00
9

Number of subproblems: 100
Number of neighbors: 10
Number of fixed turbines: 57
Number of mobile turbines: 31
Wind: 10.000000000000
Angle: 30.000000000000
Run id: 7
Stop criteria: 1000000
STN P (num vectors): 10
STN logger interval: 50

Run time:
[done]  instance=ns192 algo=moead run_id=7 2026-08-11T23:28:45+00:00
[start] instance=ns192 algo=moead run_id=8 stop_criteria=1000000 stn_p=10 stn_interval=50 2026-08-11T23:28:45+00:00
9

Number of subproblems: 100
Number of neighbors: 10
Number of fixed turbines: 57
Number of mobile turbines: 31
Wind: 10.000000000000
Angle: 30.000000000000
Run id: 8
Stop criteria: 1000000
STN P (num vectors): 10
STN logger interval: 50

Run time:
[done]  instance=ns192 algo=moead run_id=8 2026-08-11T23:33:15+00:00
[start] instance=ns192 algo=moead run_id=9 stop_criteria=1000000 stn_p=10 stn_interval=50 2026-08-11T23:33:15+00:00
9

Number of subproblems: 100
Number of neighbors: 10
Number of fixed turbines: 57
Number of mobile turbines: 31
Wind: 10.000000000000
Angle: 30.000000000000
Run id: 9
Stop criteria: 1000000
STN P (num vectors): 10
STN logger interval: 50

Run time:
[done]  instance=ns192 algo=moead run_id=9 2026-08-11T23:37:47+00:00
[start] instance=ns192 algo=nsga2 run_id=0 stop_criteria=1000000 stn_p=10 stn_interval=50 2026-08-11T23:37:47+00:00
9

Number of subproblems: 100
Number of neighbors: 10
Number of fixed turbines: 57
Number of mobile turbines: 31
Wind: 10.000000000000
Angle: 30.000000000000
Run id: 0
Stop criteria: 1000000
STN P (num vectors): 10
STN logger interval: 50

Run time:
[done]  instance=ns192 algo=nsga2 run_id=0 2026-08-11T23:48:33+00:00
[start] instance=ns192 algo=nsga2 run_id=1 stop_criteria=1000000 stn_p=10 stn_interval=50 2026-08-11T23:48:33+00:00
9

Number of subproblems: 100
Number of neighbors: 10
Number of fixed turbines: 57
Number of mobile turbines: 31
Wind: 10.000000000000
Angle: 30.000000000000
Run id: 1
Stop criteria: 1000000
STN P (num vectors): 10
STN logger interval: 50

Run time:
[done]  instance=ns192 algo=nsga2 run_id=1 2026-08-11T23:59:30+00:00
[start] instance=ns192 algo=nsga2 run_id=2 stop_criteria=1000000 stn_p=10 stn_interval=50 2026-08-11T23:59:30+00:00
9

Number of subproblems: 100
Number of neighbors: 10
Number of fixed turbines: 57
Number of mobile turbines: 31
Wind: 10.000000000000
Angle: 30.000000000000
Run id: 2
Stop criteria: 1000000
STN P (num vectors): 10
STN logger interval: 50

Run time:
[done]  instance=ns192 algo=nsga2 run_id=2 2026-08-12T00:10:28+00:00
[start] instance=ns192 algo=nsga2 run_id=3 stop_criteria=1000000 stn_p=10 stn_interval=50 2026-08-12T00:10:28+00:00
9

Number of subproblems: 100
Number of neighbors: 10
Number of fixed turbines: 57
Number of mobile turbines: 31
Wind: 10.000000000000
Angle: 30.000000000000
Run id: 3
Stop criteria: 1000000
STN P (num vectors): 10
STN logger interval: 50

Run time:
[done]  instance=ns192 algo=nsga2 run_id=3 2026-08-12T00:21:16+00:00
[start] instance=ns192 algo=nsga2 run_id=4 stop_criteria=1000000 stn_p=10 stn_interval=50 2026-08-12T00:21:16+00:00
9

Number of subproblems: 100
Number of neighbors: 10
Number of fixed turbines: 57
Number of mobile turbines: 31
Wind: 10.000000000000
Angle: 30.000000000000
Run id: 4
Stop criteria: 1000000
STN P (num vectors): 10
STN logger interval: 50

Run time:
[done]  instance=ns192 algo=nsga2 run_id=4 2026-08-12T00:32:08+00:00
[start] instance=ns192 algo=nsga2 run_id=5 stop_criteria=1000000 stn_p=10 stn_interval=50 2026-08-12T00:32:08+00:00
9

Number of subproblems: 100
Number of neighbors: 10
Number of fixed turbines: 57
Number of mobile turbines: 31
Wind: 10.000000000000
Angle: 30.000000000000
Run id: 5
Stop criteria: 1000000
STN P (num vectors): 10
STN logger interval: 50

Run time:
[done]  instance=ns192 algo=nsga2 run_id=5 2026-08-12T00:43:00+00:00
[start] instance=ns192 algo=nsga2 run_id=6 stop_criteria=1000000 stn_p=10 stn_interval=50 2026-08-12T00:43:00+00:00
9

Number of subproblems: 100
Number of neighbors: 10
Number of fixed turbines: 57
Number of mobile turbines: 31
Wind: 10.000000000000
Angle: 30.000000000000
Run id: 6
Stop criteria: 1000000
STN P (num vectors): 10
STN logger interval: 50

Run time:
[done]  instance=ns192 algo=nsga2 run_id=6 2026-08-12T00:53:41+00:00
[start] instance=ns192 algo=nsga2 run_id=7 stop_criteria=1000000 stn_p=10 stn_interval=50 2026-08-12T00:53:41+00:00
9

Number of subproblems: 100
Number of neighbors: 10
Number of fixed turbines: 57
Number of mobile turbines: 31
Wind: 10.000000000000
Angle: 30.000000000000
Run id: 7
Stop criteria: 1000000
STN P (num vectors): 10
STN logger interval: 50

Run time:
[done]  instance=ns192 algo=nsga2 run_id=7 2026-08-12T01:04:22+00:00
[start] instance=ns192 algo=nsga2 run_id=8 stop_criteria=1000000 stn_p=10 stn_interval=50 2026-08-12T01:04:22+00:00
9

Number of subproblems: 100
Number of neighbors: 10
Number of fixed turbines: 57
Number of mobile turbines: 31
Wind: 10.000000000000
Angle: 30.000000000000
Run id: 8
Stop criteria: 1000000
STN P (num vectors): 10
STN logger interval: 50

Run time:
[done]  instance=ns192 algo=nsga2 run_id=8 2026-08-12T01:15:15+00:00
[start] instance=ns192 algo=nsga2 run_id=9 stop_criteria=1000000 stn_p=10 stn_interval=50 2026-08-12T01:15:15+00:00
9

Number of subproblems: 100
Number of neighbors: 10
Number of fixed turbines: 57
Number of mobile turbines: 31
Wind: 10.000000000000
Angle: 30.000000000000
Run id: 9
Stop criteria: 1000000
STN P (num vectors): 10
STN logger interval: 50

Run time:
[done]  instance=ns192 algo=nsga2 run_id=9 2026-08-12T01:25:58+00:00
