[start] instance=ns202 algo=moead run_id=0 stop_criteria=1000000 stn_p=50 stn_interval=50 2026-08-11T22:52:36+00:00
9

Number of subproblems: 100
Number of neighbors: 10
Number of fixed turbines: 9
Number of mobile turbines: 47
Wind: 10.000000000000
Angle: 30.000000000000
Run id: 0
Stop criteria: 1000000
STN P (num vectors): 50
STN logger interval: 50

Run time:
[done]  instance=ns202 algo=moead run_id=0 2026-08-11T22:54:48+00:00
[start] instance=ns202 algo=moead run_id=1 stop_criteria=1000000 stn_p=50 stn_interval=50 2026-08-11T22:54:48+00:00
9

Number of subproblems: 100
Number of neighbors: 10
Number of fixed turbines: 9
Number of mobile turbines: 47
Wind: 10.000000000000
Angle: 30.000000000000
Run id: 1
Stop criteria: 1000000
STN P (num vectors): 50
STN logger interval: 50

Run time:
[done]  instance=ns202 algo=moead run_id=1 2026-08-11T22:57:02+00:00
[start] instance=ns202 algo=moead run_id=2 stop_criteria=1000000 stn_p=50 stn_interval=50 2026-08-11T22:57:02+00:00
9

Number of subproblems: 100
Number of neighbors: 10
Number of fixed turbines: 9
Number of mobile turbines: 47
Wind: 10.000000000000
Angle: 30.000000000000
Run id: 2
Stop criteria: 1000000
STN P (num vectors): 50
STN logger interval: 50

Run time:
[done]  instance=ns202 algo=moead run_id=2 2026-08-11T22:59:13+00:00
[start] instance=ns202 algo=moead run_id=3 stop_criteria=1000000 stn_p=50 stn_interval=50 2026-08-11T22:59:13+00:00
9

Number of subproblems: 100
Number of neighbors: 10
Number of fixed turbines: 9
Number of mobile turbines: 47
Wind: 10.000000000000
Angle: 30.000000000000
Run id: 3
Stop criteria: 1000000
STN P (num vectors): 50
STN logger interval: 50

Run time:
[done]  instance=ns202 algo=moead run_id=3 2026-08-11T23:01:30+00:00
[start] instance=ns202 algo=moead run_id=4 stop_criteria=1000000 stn_p=50 stn_interval=50 2026-08-11T23:01:30+00:00
9

Number of subproblems: 100
Number of neighbors: 10
Number of fixed turbines: 9
Number of mobile turbines: 47
Wind: 10.000000000000
Angle: 30.000000000000
Run id: 4
Stop criteria: 1000000
STN P (num vectors): 50
STN logger interval: 50

Run time:
[done]  instance=ns202 algo=moead run_id=4 2026-08-11T23:03:43+00:00
[start] instance=ns202 algo=moead run_id=5 stop_criteria=1000000 stn_p=50 stn_interval=50 2026-08-11T23:03:43+00:00
9

Number of subproblems: 100
Number of neighbors: 10
Number of fixed turbines: 9
Number of mobile turbines: 47
Wind: 10.000000000000
Angle: 30.000000000000
Run id: 5
Stop criteria: 1000000
STN P (num vectors): 50
STN logger interval: 50

Run time:
[done]  instance=ns202 algo=moead run_id=5 2026-08-11T23:05:53+00:00
[start] instance=ns202 algo=moead run_id=6 stop_criteria=1000000 stn_p=50 stn_interval=50 2026-08-11T23:05:53+00:00
9

Number of subproblems: 100
Number of neighbors: 10
Number of fixed turbines: 9
Number of mobile turbines: 47
Wind: 10.000000000000
Angle: 30.000000000000
Run id: 6
Stop criteria: 1000000
STN P (num vectors): 50
STN logger interval: 50

Run time:
[done]  instance=ns202 algo=moead run_id=6 2026-08-11T23:08:13+00:00
[start] instance=ns202 algo=moead run_id=7 stop_criteria=1000000 stn_p=50 stn_interval=50 2026-08-11T23:08:13+00:00
9

Number of subproblems: 100
Number of neighbors: 10
Number of fixed turbines: 9
Number of mobile turbines: 47
Wind: 10.000000000000
Angle: 30.000000000000
Run id: 7
Stop criteria: 1000000
STN P (num vectors): 50
STN logger interval: 50

Run time:
[done]  instance=ns202 algo=moead run_id=7 2026-08-11T23:10:31+00:00
[start] instance=ns202 algo=moead run_id=8 stop_criteria=1000000 stn_p=50 stn_interval=50 2026-08-11T23:10:31+00:00
9

Number of subproblems: 100
Number of neighbors: 10
Number of fixed turbines: 9
Number of mobile turbines: 47
Wind: 10.000000000000
Angle: 30.000000000000
Run id: 8
Stop criteria: 1000000
STN P (num vectors): 50
STN logger interval: 50

Run time:
[done]  instance=ns202 algo=moead run_id=8 2026-08-11T23:12:46+00:00
[start] instance=ns202 algo=moead run_id=9 stop_criteria=1000000 stn_p=50 stn_interval=50 2026-08-11T23:12:46+00:00
9

Number of subproblems: 100
Number of neighbors: 10
Number of fixed turbines: 9
Number of mobile turbines: 47
Wind: 10.000000000000
Angle: 30.000000000000
Run id: 9
Stop criteria: 1000000
STN P (num vectors): 50
STN logger interval: 50

Run time:
[done]  instance=ns202 algo=moead run_id=9 2026-08-11T23:14:54+00:00
[start] instance=ns202 algo=nsga2 run_id=0 stop_criteria=1000000 stn_p=50 stn_interval=50 2026-08-11T23:14:54+00:00
9

Number of subproblems: 100
Number of neighbors: 10
Number of fixed turbines: 9
Number of mobile turbines: 47
Wind: 10.000000000000
Angle: 30.000000000000
Run id: 0
Stop criteria: 1000000
STN P (num vectors): 50
STN logger interval: 50

Run time:
[done]  instance=ns202 algo=nsga2 run_id=0 2026-08-11T23:28:35+00:00
[start] instance=ns202 algo=nsga2 run_id=1 stop_criteria=1000000 stn_p=50 stn_interval=50 2026-08-11T23:28:35+00:00
9

Number of subproblems: 100
Number of neighbors: 10
Number of fixed turbines: 9
Number of mobile turbines: 47
Wind: 10.000000000000
Angle: 30.000000000000
Run id: 1
Stop criteria: 1000000
STN P (num vectors): 50
STN logger interval: 50

Run time:
[done]  instance=ns202 algo=nsga2 run_id=1 2026-08-11T23:42:28+00:00
[start] instance=ns202 algo=nsga2 run_id=2 stop_criteria=1000000 stn_p=50 stn_interval=50 2026-08-11T23:42:28+00:00
9

Number of subproblems: 100
Number of neighbors: 10
Number of fixed turbines: 9
Number of mobile turbines: 47
Wind: 10.000000000000
Angle: 30.000000000000
Run id: 2
Stop criteria: 1000000
STN P (num vectors): 50
STN logger interval: 50

Run time:
[done]  instance=ns202 algo=nsga2 run_id=2 2026-08-11T23:56:21+00:00
[start] instance=ns202 algo=nsga2 run_id=3 stop_criteria=1000000 stn_p=50 stn_interval=50 2026-08-11T23:56:21+00:00
9

Number of subproblems: 100
Number of neighbors: 10
Number of fixed turbines: 9
Number of mobile turbines: 47
Wind: 10.000000000000
Angle: 30.000000000000
Run id: 3
Stop criteria: 1000000
STN P (num vectors): 50
STN logger interval: 50

Run time:
[done]  instance=ns202 algo=nsga2 run_id=3 2026-08-12T00:10:18+00:00
[start] instance=ns202 algo=nsga2 run_id=4 stop_criteria=1000000 stn_p=50 stn_interval=50 2026-08-12T00:10:18+00:00
9

Number of subproblems: 100
Number of neighbors: 10
Number of fixed turbines: 9
Number of mobile turbines: 47
Wind: 10.000000000000
Angle: 30.000000000000
Run id: 4
Stop criteria: 1000000
STN P (num vectors): 50
STN logger interval: 50

Run time:
[done]  instance=ns202 algo=nsga2 run_id=4 2026-08-12T00:24:15+00:00
[start] instance=ns202 algo=nsga2 run_id=5 stop_criteria=1000000 stn_p=50 stn_interval=50 2026-08-12T00:24:15+00:00
9

Number of subproblems: 100
Number of neighbors: 10
Number of fixed turbines: 9
Number of mobile turbines: 47
Wind: 10.000000000000
Angle: 30.000000000000
Run id: 5
Stop criteria: 1000000
STN P (num vectors): 50
STN logger interval: 50

Run time:
[done]  instance=ns202 algo=nsga2 run_id=5 2026-08-12T00:38:33+00:00
[start] instance=ns202 algo=nsga2 run_id=6 stop_criteria=1000000 stn_p=50 stn_interval=50 2026-08-12T00:38:33+00:00
9

Number of subproblems: 100
Number of neighbors: 10
Number of fixed turbines: 9
Number of mobile turbines: 47
Wind: 10.000000000000
Angle: 30.000000000000
Run id: 6
Stop criteria: 1000000
STN P (num vectors): 50
STN logger interval: 50

Run time:
[done]  instance=ns202 algo=nsga2 run_id=6 2026-08-12T00:52:18+00:00
[start] instance=ns202 algo=nsga2 run_id=7 stop_criteria=1000000 stn_p=50 stn_interval=50 2026-08-12T00:52:18+00:00
9

Number of subproblems: 100
Number of neighbors: 10
Number of fixed turbines: 9
Number of mobile turbines: 47
Wind: 10.000000000000
Angle: 30.000000000000
Run id: 7
Stop criteria: 1000000
STN P (num vectors): 50
STN logger interval: 50

Run time:
[done]  instance=ns202 algo=nsga2 run_id=7 2026-08-12T01:06:15+00:00
[start] instance=ns202 algo=nsga2 run_id=8 stop_criteria=1000000 stn_p=50 stn_interval=50 2026-08-12T01:06:15+00:00
9

Number of subproblems: 100
Number of neighbors: 10
Number of fixed turbines: 9
Number of mobile turbines: 47
Wind: 10.000000000000
Angle: 30.000000000000
Run id: 8
Stop criteria: 1000000
STN P (num vectors): 50
STN logger interval: 50

Run time:
[done]  instance=ns202 algo=nsga2 run_id=8 2026-08-12T01:20:02+00:00
[start] instance=ns202 algo=nsga2 run_id=9 stop_criteria=1000000 stn_p=50 stn_interval=50 2026-08-12T01:20:03+00:00
9

Number of subproblems: 100
Number of neighbors: 10
Number of fixed turbines: 9
Number of mobile turbines: 47
Wind: 10.000000000000
Angle: 30.000000000000
Run id: 9
Stop criteria: 1000000
STN P (num vectors): 50
STN logger interval: 50

Run time:
[done]  instance=ns202 algo=nsga2 run_id=9 2026-08-12T01:33:12+00:00
