[start] instance=ns202 algo=moead run_id=0 stop_criteria=1000000 stn_p=10 stn_interval=50 2026-08-11T22:52:36+00:00
9

Number of subproblems: 100
Number of neighbors: 10
Number of fixed turbines: 9
Number of mobile turbines: 47
Wind: 10.000000000000
Angle: 30.000000000000
Run id: 0
Stop criteria: 1000000
STN P (num vectors): 10
STN logger interval: 50

Run time:
[done]  instance=ns202 algo=moead run_id=0 2026-08-11T22:54:51+00:00
[start] instance=ns202 algo=moead run_id=1 stop_criteria=1000000 stn_p=10 stn_interval=50 2026-08-11T22:54:51+00:00
9

Number of subproblems: 100
Number of neighbors: 10
Number of fixed turbines: 9
Number of mobile turbines: 47
Wind: 10.000000000000
Angle: 30.000000000000
Run id: 1
Stop criteria: 1000000
STN P (num vectors): 10
STN logger interval: 50

Run time:
[done]  instance=ns202 algo=moead run_id=1 2026-08-11T22:57:00+00:00
[start] instance=ns202 algo=moead run_id=2 stop_criteria=1000000 stn_p=10 stn_interval=50 2026-08-11T22:57:00+00:00
9

Number of subproblems: 100
Number of neighbors: 10
Number of fixed turbines: 9
Number of mobile turbines: 47
Wind: 10.000000000000
Angle: 30.000000000000
Run id: 2
Stop criteria: 1000000
STN P (num vectors): 10
STN logger interval: 50

Run time:
[done]  instance=ns202 algo=moead run_id=2 2026-08-11T22:59:14+00:00
[start] instance=ns202 algo=moead run_id=3 stop_criteria=1000000 stn_p=10 stn_interval=50 2026-08-11T22:59:14+00:00
9

Number of subproblems: 100
Number of neighbors: 10
Number of fixed turbines: 9
Number of mobile turbines: 47
Wind: 10.000000000000
Angle: 30.000000000000
Run id: 3
Stop criteria: 1000000
STN P (num vectors): 10
STN logger interval: 50

Run time:
[done]  instance=ns202 algo=moead run_id=3 2026-08-11T23:01:28+00:00
[start] instance=ns202 algo=moead run_id=4 stop_criteria=1000000 stn_p=10 stn_interval=50 2026-08-11T23:01:28+00:00
9

Number of subproblems: 100
Number of neighbors: 10
Number of fixed turbines: 9
Number of mobile turbines: 47
Wind: 10.000000000000
Angle: 30.000000000000
Run id: 4
Stop criteria: 1000000
STN P (num vectors): 10
STN logger interval: 50

Run time:
[done]  instance=ns202 algo=moead run_id=4 2026-08-11T23:03:41+00:00
[start] instance=ns202 algo=moead run_id=5 stop_criteria=1000000 stn_p=10 stn_interval=50 2026-08-11T23:03:41+00:00
9

Number of subproblems: 100
Number of neighbors: 10
Number of fixed turbines: 9
Number of mobile turbines: 47
Wind: 10.000000000000
Angle: 30.000000000000
Run id: 5
Stop criteria: 1000000
STN P (num vectors): 10
STN logger interval: 50

Run time:
[done]  instance=ns202 algo=moead run_id=5 2026-08-11T23:05:51+00:00
[start] instance=ns202 algo=moead run_id=6 stop_criteria=1000000 stn_p=10 stn_interval=50 2026-08-11T23:05:51+00:00
9

Number of subproblems: 100
Number of neighbors: 10
Number of fixed turbines: 9
Number of mobile turbines: 47
Wind: 10.000000000000
Angle: 30.000000000000
Run id: 6
Stop criteria: 1000000
STN P (num vectors): 10
STN logger interval: 50

Run time:
[done]  instance=ns202 algo=moead run_id=6 2026-08-11T23:08:01+00:00
[start] instance=ns202 algo=moead run_id=7 stop_criteria=1000000 stn_p=10 stn_interval=50 2026-08-11T23:08:01+00:00
9

Number of subproblems: 100
Number of neighbors: 10
Number of fixed turbines: 9
Number of mobile turbines: 47
Wind: 10.000000000000
Angle: 30.000000000000
Run id: 7
Stop criteria: 1000000
STN P (num vectors): 10
STN logger interval: 50

Run time:
[done]  instance=ns202 algo=moead run_id=7 2026-08-11T23:10:13+00:00
[start] instance=ns202 algo=moead run_id=8 stop_criteria=1000000 stn_p=10 stn_interval=50 2026-08-11T23:10:13+00:00
9

Number of subproblems: 100
Number of neighbors: 10
Number of fixed turbines: 9
Number of mobile turbines: 47
Wind: 10.000000000000
Angle: 30.000000000000
Run id: 8
Stop criteria: 1000000
STN P (num vectors): 10
STN logger interval: 50

Run time:
[done]  instance=ns202 algo=moead run_id=8 2026-08-11T23:12:32+00:00
[start] instance=ns202 algo=moead run_id=9 stop_criteria=1000000 stn_p=10 stn_interval=50 2026-08-11T23:12:32+00:00
9

Number of subproblems: 100
Number of neighbors: 10
Number of fixed turbines: 9
Number of mobile turbines: 47
Wind: 10.000000000000
Angle: 30.000000000000
Run id: 9
Stop criteria: 1000000
STN P (num vectors): 10
STN logger interval: 50

Run time:
[done]  instance=ns202 algo=moead run_id=9 2026-08-11T23:14:48+00:00
[start] instance=ns202 algo=nsga2 run_id=0 stop_criteria=1000000 stn_p=10 stn_interval=50 2026-08-11T23:14:48+00:00
9

Number of subproblems: 100
Number of neighbors: 10
Number of fixed turbines: 9
Number of mobile turbines: 47
Wind: 10.000000000000
Angle: 30.000000000000
Run id: 0
Stop criteria: 1000000
STN P (num vectors): 10
STN logger interval: 50

Run time:
[done]  instance=ns202 algo=nsga2 run_id=0 2026-08-11T23:28:31+00:00
[start] instance=ns202 algo=nsga2 run_id=1 stop_criteria=1000000 stn_p=10 stn_interval=50 2026-08-11T23:28:31+00:00
9

Number of subproblems: 100
Number of neighbors: 10
Number of fixed turbines: 9
Number of mobile turbines: 47
Wind: 10.000000000000
Angle: 30.000000000000
Run id: 1
Stop criteria: 1000000
STN P (num vectors): 10
STN logger interval: 50

Run time:
[done]  instance=ns202 algo=nsga2 run_id=1 2026-08-11T23:42:28+00:00
[start] instance=ns202 algo=nsga2 run_id=2 stop_criteria=1000000 stn_p=10 stn_interval=50 2026-08-11T23:42:28+00:00
9

Number of subproblems: 100
Number of neighbors: 10
Number of fixed turbines: 9
Number of mobile turbines: 47
Wind: 10.000000000000
Angle: 30.000000000000
Run id: 2
Stop criteria: 1000000
STN P (num vectors): 10
STN logger interval: 50

Run time:
[done]  instance=ns202 algo=nsga2 run_id=2 2026-08-11T23:56:42+00:00
[start] instance=ns202 algo=nsga2 run_id=3 stop_criteria=1000000 stn_p=10 stn_interval=50 2026-08-11T23:56:42+00:00
9

Number of subproblems: 100
Number of neighbors: 10
Number of fixed turbines: 9
Number of mobile turbines: 47
Wind: 10.000000000000
Angle: 30.000000000000
Run id: 3
Stop criteria: 1000000
STN P (num vectors): 10
STN logger interval: 50

Run time:
[done]  instance=ns202 algo=nsga2 run_id=3 2026-08-12T00:10:55+00:00
[start] instance=ns202 algo=nsga2 run_id=4 stop_criteria=1000000 stn_p=10 stn_interval=50 2026-08-12T00:10:55+00:00
9

Number of subproblems: 100
Number of neighbors: 10
Number of fixed turbines: 9
Number of mobile turbines: 47
Wind: 10.000000000000
Angle: 30.000000000000
Run id: 4
Stop criteria: 1000000
STN P (num vectors): 10
STN logger interval: 50

Run time:
[done]  instance=ns202 algo=nsga2 run_id=4 2026-08-12T00:24:44+00:00
[start] instance=ns202 algo=nsga2 run_id=5 stop_criteria=1000000 stn_p=10 stn_interval=50 2026-08-12T00:24:44+00:00
9

Number of subproblems: 100
Number of neighbors: 10
Number of fixed turbines: 9
Number of mobile turbines: 47
Wind: 10.000000000000
Angle: 30.000000000000
Run id: 5
Stop criteria: 1000000
STN P (num vectors): 10
STN logger interval: 50

Run time:
[done]  instance=ns202 algo=nsga2 run_id=5 2026-08-12T00:38:41+00:00
[start] instance=ns202 algo=nsga2 run_id=6 stop_criteria=1000000 stn_p=10 stn_interval=50 2026-08-12T00:38:41+00:00
9

Number of subproblems: 100
Number of neighbors: 10
Number of fixed turbines: 9
Number of mobile turbines: 47
Wind: 10.000000000000
Angle: 30.000000000000
Run id: 6
Stop criteria: 1000000
STN P (num vectors): 10
STN logger interval: 50

Run time:
[done]  instance=ns202 algo=nsga2 run_id=6 2026-08-12T00:52:26+00:00
[start] instance=ns202 algo=nsga2 run_id=7 stop_criteria=1000000 stn_p=10 stn_interval=50 2026-08-12T00:52:26+00:00
9

Number of subproblems: 100
Number of neighbors: 10
Number of fixed turbines: 9
Number of mobile turbines: 47
Wind: 10.000000000000
Angle: 30.000000000000
Run id: 7
Stop criteria: 1000000
STN P (num vectors): 10
STN logger interval: 50

Run time:
[done]  instance=ns202 algo=nsga2 run_id=7 2026-08-12T01:06:02+00:00
[start] instance=ns202 algo=nsga2 run_id=8 stop_criteria=1000000 stn_p=10 stn_interval=50 2026-08-12T01:06:02+00:00
9

Number of subproblems: 100
Number of neighbors: 10
Number of fixed turbines: 9
Number of mobile turbines: 47
Wind: 10.000000000000
Angle: 30.000000000000
Run id: 8
Stop criteria: 1000000
STN P (num vectors): 10
STN logger interval: 50

Run time:
[done]  instance=ns202 algo=nsga2 run_id=8 2026-08-12T01:20:01+00:00
[start] instance=ns202 algo=nsga2 run_id=9 stop_criteria=1000000 stn_p=10 stn_interval=50 2026-08-12T01:20:01+00:00
9

Number of subproblems: 100
Number of neighbors: 10
Number of fixed turbines: 9
Number of mobile turbines: 47
Wind: 10.000000000000
Angle: 30.000000000000
Run id: 9
Stop criteria: 1000000
STN P (num vectors): 10
STN logger interval: 50

Run time:
[done]  instance=ns202 algo=nsga2 run_id=9 2026-08-12T01:33:09+00:00
