[start] instance=ns203 algo=moead run_id=0 stop_criteria=1000000 stn_p=50 stn_interval=50 2026-08-11T22:52:36+00:00
9

Number of subproblems: 100
Number of neighbors: 10
Number of fixed turbines: 24
Number of mobile turbines: 41
Wind: 10.000000000000
Angle: 30.000000000000
Run id: 0
Stop criteria: 1000000
STN P (num vectors): 50
STN logger interval: 50

Run time:
[done]  instance=ns203 algo=moead run_id=0 2026-08-11T22:55:16+00:00
[start] instance=ns203 algo=moead run_id=1 stop_criteria=1000000 stn_p=50 stn_interval=50 2026-08-11T22:55:16+00:00
9

Number of subproblems: 100
Number of neighbors: 10
Number of fixed turbines: 24
Number of mobile turbines: 41
Wind: 10.000000000000
Angle: 30.000000000000
Run id: 1
Stop criteria: 1000000
STN P (num vectors): 50
STN logger interval: 50

Run time:
[done]  instance=ns203 algo=moead run_id=1 2026-08-11T22:57:58+00:00
[start] instance=ns203 algo=moead run_id=2 stop_criteria=1000000 stn_p=50 stn_interval=50 2026-08-11T22:57:58+00:00
9

Number of subproblems: 100
Number of neighbors: 10
Number of fixed turbines: 24
Number of mobile turbines: 41
Wind: 10.000000000000
Angle: 30.000000000000
Run id: 2
Stop criteria: 1000000
STN P (num vectors): 50
STN logger interval: 50

Run time:
[done]  instance=ns203 algo=moead run_id=2 2026-08-11T23:00:35+00:00
[start] instance=ns203 algo=moead run_id=3 stop_criteria=1000000 stn_p=50 stn_interval=50 2026-08-11T23:00:35+00:00
9

Number of subproblems: 100
Number of neighbors: 10
Number of fixed turbines: 24
Number of mobile turbines: 41
Wind: 10.000000000000
Angle: 30.000000000000
Run id: 3
Stop criteria: 1000000
STN P (num vectors): 50
STN logger interval: 50

Run time:
[done]  instance=ns203 algo=moead run_id=3 2026-08-11T23:03:15+00:00
[start] instance=ns203 algo=moead run_id=4 stop_criteria=1000000 stn_p=50 stn_interval=50 2026-08-11T23:03:15+00:00
9

Number of subproblems: 100
Number of neighbors: 10
Number of fixed turbines: 24
Number of mobile turbines: 41
Wind: 10.000000000000
Angle: 30.000000000000
Run id: 4
Stop criteria: 1000000
STN P (num vectors): 50
STN logger interval: 50

Run time:
[done]  instance=ns203 algo=moead run_id=4 2026-08-11T23:05:59+00:00
[start] instance=ns203 algo=moead run_id=5 stop_criteria=1000000 stn_p=50 stn_interval=50 2026-08-11T23:05:59+00:00
9

Number of subproblems: 100
Number of neighbors: 10
Number of fixed turbines: 24
Number of mobile turbines: 41
Wind: 10.000000000000
Angle: 30.000000000000
Run id: 5
Stop criteria: 1000000
STN P (num vectors): 50
STN logger interval: 50

Run time:
[done]  instance=ns203 algo=moead run_id=5 2026-08-11T23:08:45+00:00
[start] instance=ns203 algo=moead run_id=6 stop_criteria=1000000 stn_p=50 stn_interval=50 2026-08-11T23:08:45+00:00
9

Number of subproblems: 100
Number of neighbors: 10
Number of fixed turbines: 24
Number of mobile turbines: 41
Wind: 10.000000000000
Angle: 30.000000000000
Run id: 6
Stop criteria: 1000000
STN P (num vectors): 50
STN logger interval: 50

Run time:
[done]  instance=ns203 algo=moead run_id=6 2026-08-11T23:11:30+00:00
[start] instance=ns203 algo=moead run_id=7 stop_criteria=1000000 stn_p=50 stn_interval=50 2026-08-11T23:11:30+00:00
9

Number of subproblems: 100
Number of neighbors: 10
Number of fixed turbines: 24
Number of mobile turbines: 41
Wind: 10.000000000000
Angle: 30.000000000000
Run id: 7
Stop criteria: 1000000
STN P (num vectors): 50
STN logger interval: 50

Run time:
[done]  instance=ns203 algo=moead run_id=7 2026-08-11T23:14:09+00:00
[start] instance=ns203 algo=moead run_id=8 stop_criteria=1000000 stn_p=50 stn_interval=50 2026-08-11T23:14:09+00:00
9

Number of subproblems: 100
Number of neighbors: 10
Number of fixed turbines: 24
Number of mobile turbines: 41
Wind: 10.000000000000
Angle: 30.000000000000
Run id: 8
Stop criteria: 1000000
STN P (num vectors): 50
STN logger interval: 50

Run time:
[done]  instance=ns203 algo=moead run_id=8 2026-08-11T23:16:49+00:00
[start] instance=ns203 algo=moead run_id=9 stop_criteria=1000000 stn_p=50 stn_interval=50 2026-08-11T23:16:49+00:00
9

Number of subproblems: 100
Number of neighbors: 10
Number of fixed turbines: 24
Number of mobile turbines: 41
Wind: 10.000000000000
Angle: 30.000000000000
Run id: 9
Stop criteria: 1000000
STN P (num vectors): 50
STN logger interval: 50

Run time:
[done]  instance=ns203 algo=moead run_id=9 2026-08-11T23:19:30+00:00
[start] instance=ns203 algo=nsga2 run_id=0 stop_criteria=1000000 stn_p=50 stn_interval=50 2026-08-11T23:19:30+00:00
9

Number of subproblems: 100
Number of neighbors: 10
Number of fixed turbines: 24
Number of mobile turbines: 41
Wind: 10.000000000000
Angle: 30.000000000000
Run id: 0
Stop criteria: 1000000
STN P (num vectors): 50
STN logger interval: 50

Run time:
[done]  instance=ns203 algo=nsga2 run_id=0 2026-08-11T23:32:06+00:00
[start] instance=ns203 algo=nsga2 run_id=1 stop_criteria=1000000 stn_p=50 stn_interval=50 2026-08-11T23:32:06+00:00
9

Number of subproblems: 100
Number of neighbors: 10
Number of fixed turbines: 24
Number of mobile turbines: 41
Wind: 10.000000000000
Angle: 30.000000000000
Run id: 1
Stop criteria: 1000000
STN P (num vectors): 50
STN logger interval: 50

Run time:
[done]  instance=ns203 algo=nsga2 run_id=1 2026-08-11T23:44:49+00:00
[start] instance=ns203 algo=nsga2 run_id=2 stop_criteria=1000000 stn_p=50 stn_interval=50 2026-08-11T23:44:49+00:00
9

Number of subproblems: 100
Number of neighbors: 10
Number of fixed turbines: 24
Number of mobile turbines: 41
Wind: 10.000000000000
Angle: 30.000000000000
Run id: 2
Stop criteria: 1000000
STN P (num vectors): 50
STN logger interval: 50

Run time:
[done]  instance=ns203 algo=nsga2 run_id=2 2026-08-11T23:57:31+00:00
[start] instance=ns203 algo=nsga2 run_id=3 stop_criteria=1000000 stn_p=50 stn_interval=50 2026-08-11T23:57:31+00:00
9

Number of subproblems: 100
Number of neighbors: 10
Number of fixed turbines: 24
Number of mobile turbines: 41
Wind: 10.000000000000
Angle: 30.000000000000
Run id: 3
Stop criteria: 1000000
STN P (num vectors): 50
STN logger interval: 50

Run time:
[done]  instance=ns203 algo=nsga2 run_id=3 2026-08-12T00:10:18+00:00
[start] instance=ns203 algo=nsga2 run_id=4 stop_criteria=1000000 stn_p=50 stn_interval=50 2026-08-12T00:10:18+00:00
9

Number of subproblems: 100
Number of neighbors: 10
Number of fixed turbines: 24
Number of mobile turbines: 41
Wind: 10.000000000000
Angle: 30.000000000000
Run id: 4
Stop criteria: 1000000
STN P (num vectors): 50
STN logger interval: 50

Run time:
[done]  instance=ns203 algo=nsga2 run_id=4 2026-08-12T00:22:45+00:00
[start] instance=ns203 algo=nsga2 run_id=5 stop_criteria=1000000 stn_p=50 stn_interval=50 2026-08-12T00:22:45+00:00
9

Number of subproblems: 100
Number of neighbors: 10
Number of fixed turbines: 24
Number of mobile turbines: 41
Wind: 10.000000000000
Angle: 30.000000000000
Run id: 5
Stop criteria: 1000000
STN P (num vectors): 50
STN logger interval: 50

Run time:
[done]  instance=ns203 algo=nsga2 run_id=5 2026-08-12T00:35:22+00:00
[start] instance=ns203 algo=nsga2 run_id=6 stop_criteria=1000000 stn_p=50 stn_interval=50 2026-08-12T00:35:22+00:00
9

Number of subproblems: 100
Number of neighbors: 10
Number of fixed turbines: 24
Number of mobile turbines: 41
Wind: 10.000000000000
Angle: 30.000000000000
Run id: 6
Stop criteria: 1000000
STN P (num vectors): 50
STN logger interval: 50

Run time:
[done]  instance=ns203 algo=nsga2 run_id=6 2026-08-12T00:47:59+00:00
[start] instance=ns203 algo=nsga2 run_id=7 stop_criteria=1000000 stn_p=50 stn_interval=50 2026-08-12T00:47:59+00:00
9

Number of subproblems: 100
Number of neighbors: 10
Number of fixed turbines: 24
Number of mobile turbines: 41
Wind: 10.000000000000
Angle: 30.000000000000
Run id: 7
Stop criteria: 1000000
STN P (num vectors): 50
STN logger interval: 50

Run time:
[done]  instance=ns203 algo=nsga2 run_id=7 2026-08-12T01:00:58+00:00
[start] instance=ns203 algo=nsga2 run_id=8 stop_criteria=1000000 stn_p=50 stn_interval=50 2026-08-12T01:00:58+00:00
9

Number of subproblems: 100
Number of neighbors: 10
Number of fixed turbines: 24
Number of mobile turbines: 41
Wind: 10.000000000000
Angle: 30.000000000000
Run id: 8
Stop criteria: 1000000
STN P (num vectors): 50
STN logger interval: 50

Run time:
[done]  instance=ns203 algo=nsga2 run_id=8 2026-08-12T01:13:31+00:00
[start] instance=ns203 algo=nsga2 run_id=9 stop_criteria=1000000 stn_p=50 stn_interval=50 2026-08-12T01:13:31+00:00
9

Number of subproblems: 100
Number of neighbors: 10
Number of fixed turbines: 24
Number of mobile turbines: 41
Wind: 10.000000000000
Angle: 30.000000000000
Run id: 9
Stop criteria: 1000000
STN P (num vectors): 50
STN logger interval: 50

Run time:
[done]  instance=ns203 algo=nsga2 run_id=9 2026-08-12T01:26:14+00:00
