[start] instance=ns203 algo=moead run_id=0 stop_criteria=1000000 stn_p=100 stn_interval=50 2026-08-11T22:52:36+00:00
9

Number of subproblems: 100
Number of neighbors: 10
Number of fixed turbines: 24
Number of mobile turbines: 41
Wind: 10.000000000000
Angle: 30.000000000000
Run id: 0
Stop criteria: 1000000
STN P (num vectors): 100
STN logger interval: 50

Run time:
[done]  instance=ns203 algo=moead run_id=0 2026-08-11T22:55:18+00:00
[start] instance=ns203 algo=moead run_id=1 stop_criteria=1000000 stn_p=100 stn_interval=50 2026-08-11T22:55:18+00:00
9

Number of subproblems: 100
Number of neighbors: 10
Number of fixed turbines: 24
Number of mobile turbines: 41
Wind: 10.000000000000
Angle: 30.000000000000
Run id: 1
Stop criteria: 1000000
STN P (num vectors): 100
STN logger interval: 50

Run time:
[done]  instance=ns203 algo=moead run_id=1 2026-08-11T22:58:02+00:00
[start] instance=ns203 algo=moead run_id=2 stop_criteria=1000000 stn_p=100 stn_interval=50 2026-08-11T22:58:02+00:00
9

Number of subproblems: 100
Number of neighbors: 10
Number of fixed turbines: 24
Number of mobile turbines: 41
Wind: 10.000000000000
Angle: 30.000000000000
Run id: 2
Stop criteria: 1000000
STN P (num vectors): 100
STN logger interval: 50

Run time:
[done]  instance=ns203 algo=moead run_id=2 2026-08-11T23:00:40+00:00
[start] instance=ns203 algo=moead run_id=3 stop_criteria=1000000 stn_p=100 stn_interval=50 2026-08-11T23:00:40+00:00
9

Number of subproblems: 100
Number of neighbors: 10
Number of fixed turbines: 24
Number of mobile turbines: 41
Wind: 10.000000000000
Angle: 30.000000000000
Run id: 3
Stop criteria: 1000000
STN P (num vectors): 100
STN logger interval: 50

Run time:
[done]  instance=ns203 algo=moead run_id=3 2026-08-11T23:03:24+00:00
[start] instance=ns203 algo=moead run_id=4 stop_criteria=1000000 stn_p=100 stn_interval=50 2026-08-11T23:03:24+00:00
9

Number of subproblems: 100
Number of neighbors: 10
Number of fixed turbines: 24
Number of mobile turbines: 41
Wind: 10.000000000000
Angle: 30.000000000000
Run id: 4
Stop criteria: 1000000
STN P (num vectors): 100
STN logger interval: 50

Run time:
[done]  instance=ns203 algo=moead run_id=4 2026-08-11T23:06:08+00:00
[start] instance=ns203 algo=moead run_id=5 stop_criteria=1000000 stn_p=100 stn_interval=50 2026-08-11T23:06:08+00:00
9

Number of subproblems: 100
Number of neighbors: 10
Number of fixed turbines: 24
Number of mobile turbines: 41
Wind: 10.000000000000
Angle: 30.000000000000
Run id: 5
Stop criteria: 1000000
STN P (num vectors): 100
STN logger interval: 50

Run time:
[done]  instance=ns203 algo=moead run_id=5 2026-08-11T23:08:49+00:00
[start] instance=ns203 algo=moead run_id=6 stop_criteria=1000000 stn_p=100 stn_interval=50 2026-08-11T23:08:49+00:00
9

Number of subproblems: 100
Number of neighbors: 10
Number of fixed turbines: 24
Number of mobile turbines: 41
Wind: 10.000000000000
Angle: 30.000000000000
Run id: 6
Stop criteria: 1000000
STN P (num vectors): 100
STN logger interval: 50

Run time:
[done]  instance=ns203 algo=moead run_id=6 2026-08-11T23:11:33+00:00
[start] instance=ns203 algo=moead run_id=7 stop_criteria=1000000 stn_p=100 stn_interval=50 2026-08-11T23:11:33+00:00
9

Number of subproblems: 100
Number of neighbors: 10
Number of fixed turbines: 24
Number of mobile turbines: 41
Wind: 10.000000000000
Angle: 30.000000000000
Run id: 7
Stop criteria: 1000000
STN P (num vectors): 100
STN logger interval: 50

Run time:
[done]  instance=ns203 algo=moead run_id=7 2026-08-11T23:14:19+00:00
[start] instance=ns203 algo=moead run_id=8 stop_criteria=1000000 stn_p=100 stn_interval=50 2026-08-11T23:14:19+00:00
9

Number of subproblems: 100
Number of neighbors: 10
Number of fixed turbines: 24
Number of mobile turbines: 41
Wind: 10.000000000000
Angle: 30.000000000000
Run id: 8
Stop criteria: 1000000
STN P (num vectors): 100
STN logger interval: 50

Run time:
[done]  instance=ns203 algo=moead run_id=8 2026-08-11T23:17:07+00:00
[start] instance=ns203 algo=moead run_id=9 stop_criteria=1000000 stn_p=100 stn_interval=50 2026-08-11T23:17:07+00:00
9

Number of subproblems: 100
Number of neighbors: 10
Number of fixed turbines: 24
Number of mobile turbines: 41
Wind: 10.000000000000
Angle: 30.000000000000
Run id: 9
Stop criteria: 1000000
STN P (num vectors): 100
STN logger interval: 50

Run time:
[done]  instance=ns203 algo=moead run_id=9 2026-08-11T23:19:45+00:00
[start] instance=ns203 algo=nsga2 run_id=0 stop_criteria=1000000 stn_p=100 stn_interval=50 2026-08-11T23:19:45+00:00
9

Number of subproblems: 100
Number of neighbors: 10
Number of fixed turbines: 24
Number of mobile turbines: 41
Wind: 10.000000000000
Angle: 30.000000000000
Run id: 0
Stop criteria: 1000000
STN P (num vectors): 100
STN logger interval: 50

Run time:
[done]  instance=ns203 algo=nsga2 run_id=0 2026-08-11T23:32:36+00:00
[start] instance=ns203 algo=nsga2 run_id=1 stop_criteria=1000000 stn_p=100 stn_interval=50 2026-08-11T23:32:36+00:00
9

Number of subproblems: 100
Number of neighbors: 10
Number of fixed turbines: 24
Number of mobile turbines: 41
Wind: 10.000000000000
Angle: 30.000000000000
Run id: 1
Stop criteria: 1000000
STN P (num vectors): 100
STN logger interval: 50

Run time:
[done]  instance=ns203 algo=nsga2 run_id=1 2026-08-11T23:45:19+00:00
[start] instance=ns203 algo=nsga2 run_id=2 stop_criteria=1000000 stn_p=100 stn_interval=50 2026-08-11T23:45:19+00:00
9

Number of subproblems: 100
Number of neighbors: 10
Number of fixed turbines: 24
Number of mobile turbines: 41
Wind: 10.000000000000
Angle: 30.000000000000
Run id: 2
Stop criteria: 1000000
STN P (num vectors): 100
STN logger interval: 50

Run time:
[done]  instance=ns203 algo=nsga2 run_id=2 2026-08-11T23:58:03+00:00
[start] instance=ns203 algo=nsga2 run_id=3 stop_criteria=1000000 stn_p=100 stn_interval=50 2026-08-11T23:58:03+00:00
9

Number of subproblems: 100
Number of neighbors: 10
Number of fixed turbines: 24
Number of mobile turbines: 41
Wind: 10.000000000000
Angle: 30.000000000000
Run id: 3
Stop criteria: 1000000
STN P (num vectors): 100
STN logger interval: 50

Run time:
[done]  instance=ns203 algo=nsga2 run_id=3 2026-08-12T00:11:01+00:00
[start] instance=ns203 algo=nsga2 run_id=4 stop_criteria=1000000 stn_p=100 stn_interval=50 2026-08-12T00:11:01+00:00
9

Number of subproblems: 100
Number of neighbors: 10
Number of fixed turbines: 24
Number of mobile turbines: 41
Wind: 10.000000000000
Angle: 30.000000000000
Run id: 4
Stop criteria: 1000000
STN P (num vectors): 100
STN logger interval: 50

Run time:
[done]  instance=ns203 algo=nsga2 run_id=4 2026-08-12T00:23:40+00:00
[start] instance=ns203 algo=nsga2 run_id=5 stop_criteria=1000000 stn_p=100 stn_interval=50 2026-08-12T00:23:40+00:00
9

Number of subproblems: 100
Number of neighbors: 10
Number of fixed turbines: 24
Number of mobile turbines: 41
Wind: 10.000000000000
Angle: 30.000000000000
Run id: 5
Stop criteria: 1000000
STN P (num vectors): 100
STN logger interval: 50

Run time:
[done]  instance=ns203 algo=nsga2 run_id=5 2026-08-12T00:36:48+00:00
[start] instance=ns203 algo=nsga2 run_id=6 stop_criteria=1000000 stn_p=100 stn_interval=50 2026-08-12T00:36:48+00:00
9

Number of subproblems: 100
Number of neighbors: 10
Number of fixed turbines: 24
Number of mobile turbines: 41
Wind: 10.000000000000
Angle: 30.000000000000
Run id: 6
Stop criteria: 1000000
STN P (num vectors): 100
STN logger interval: 50

Run time:
[done]  instance=ns203 algo=nsga2 run_id=6 2026-08-12T00:49:51+00:00
[start] instance=ns203 algo=nsga2 run_id=7 stop_criteria=1000000 stn_p=100 stn_interval=50 2026-08-12T00:49:52+00:00
9

Number of subproblems: 100
Number of neighbors: 10
Number of fixed turbines: 24
Number of mobile turbines: 41
Wind: 10.000000000000
Angle: 30.000000000000
Run id: 7
Stop criteria: 1000000
STN P (num vectors): 100
STN logger interval: 50

Run time:
[done]  instance=ns203 algo=nsga2 run_id=7 2026-08-12T01:02:22+00:00
[start] instance=ns203 algo=nsga2 run_id=8 stop_criteria=1000000 stn_p=100 stn_interval=50 2026-08-12T01:02:22+00:00
9

Number of subproblems: 100
Number of neighbors: 10
Number of fixed turbines: 24
Number of mobile turbines: 41
Wind: 10.000000000000
Angle: 30.000000000000
Run id: 8
Stop criteria: 1000000
STN P (num vectors): 100
STN logger interval: 50

Run time:
[done]  instance=ns203 algo=nsga2 run_id=8 2026-08-12T01:15:01+00:00
[start] instance=ns203 algo=nsga2 run_id=9 stop_criteria=1000000 stn_p=100 stn_interval=50 2026-08-12T01:15:01+00:00
9

Number of subproblems: 100
Number of neighbors: 10
Number of fixed turbines: 24
Number of mobile turbines: 41
Wind: 10.000000000000
Angle: 30.000000000000
Run id: 9
Stop criteria: 1000000
STN P (num vectors): 100
STN logger interval: 50

Run time:
[done]  instance=ns203 algo=nsga2 run_id=9 2026-08-12T01:27:29+00:00
