[start] instance=ns41 algo=moead run_id=0 stop_criteria=1000000 stn_p=100 stn_interval=50 2026-08-11T22:52:36+00:00
9

Number of subproblems: 100
Number of neighbors: 10
Number of fixed turbines: 36
Number of mobile turbines: 123
Wind: 10.000000000000
Angle: 30.000000000000
Run id: 0
Stop criteria: 1000000
STN P (num vectors): 100
STN logger interval: 50

Run time:
[done]  instance=ns41 algo=moead run_id=0 2026-08-11T23:06:48+00:00
[start] instance=ns41 algo=moead run_id=1 stop_criteria=1000000 stn_p=100 stn_interval=50 2026-08-11T23:06:48+00:00
9

Number of subproblems: 100
Number of neighbors: 10
Number of fixed turbines: 36
Number of mobile turbines: 123
Wind: 10.000000000000
Angle: 30.000000000000
Run id: 1
Stop criteria: 1000000
STN P (num vectors): 100
STN logger interval: 50

Run time:
[done]  instance=ns41 algo=moead run_id=1 2026-08-11T23:21:05+00:00
[start] instance=ns41 algo=moead run_id=2 stop_criteria=1000000 stn_p=100 stn_interval=50 2026-08-11T23:21:05+00:00
9

Number of subproblems: 100
Number of neighbors: 10
Number of fixed turbines: 36
Number of mobile turbines: 123
Wind: 10.000000000000
Angle: 30.000000000000
Run id: 2
Stop criteria: 1000000
STN P (num vectors): 100
STN logger interval: 50

Run time:
[done]  instance=ns41 algo=moead run_id=2 2026-08-11T23:35:27+00:00
[start] instance=ns41 algo=moead run_id=3 stop_criteria=1000000 stn_p=100 stn_interval=50 2026-08-11T23:35:27+00:00
9

Number of subproblems: 100
Number of neighbors: 10
Number of fixed turbines: 36
Number of mobile turbines: 123
Wind: 10.000000000000
Angle: 30.000000000000
Run id: 3
Stop criteria: 1000000
STN P (num vectors): 100
STN logger interval: 50

Run time:
[done]  instance=ns41 algo=moead run_id=3 2026-08-11T23:49:56+00:00
[start] instance=ns41 algo=moead run_id=4 stop_criteria=1000000 stn_p=100 stn_interval=50 2026-08-11T23:49:56+00:00
9

Number of subproblems: 100
Number of neighbors: 10
Number of fixed turbines: 36
Number of mobile turbines: 123
Wind: 10.000000000000
Angle: 30.000000000000
Run id: 4
Stop criteria: 1000000
STN P (num vectors): 100
STN logger interval: 50

Run time:
[done]  instance=ns41 algo=moead run_id=4 2026-08-12T00:04:29+00:00
[start] instance=ns41 algo=moead run_id=5 stop_criteria=1000000 stn_p=100 stn_interval=50 2026-08-12T00:04:29+00:00
9

Number of subproblems: 100
Number of neighbors: 10
Number of fixed turbines: 36
Number of mobile turbines: 123
Wind: 10.000000000000
Angle: 30.000000000000
Run id: 5
Stop criteria: 1000000
STN P (num vectors): 100
STN logger interval: 50

Run time:
[done]  instance=ns41 algo=moead run_id=5 2026-08-12T00:18:45+00:00
[start] instance=ns41 algo=moead run_id=6 stop_criteria=1000000 stn_p=100 stn_interval=50 2026-08-12T00:18:45+00:00
9

Number of subproblems: 100
Number of neighbors: 10
Number of fixed turbines: 36
Number of mobile turbines: 123
Wind: 10.000000000000
Angle: 30.000000000000
Run id: 6
Stop criteria: 1000000
STN P (num vectors): 100
STN logger interval: 50

Run time:
[done]  instance=ns41 algo=moead run_id=6 2026-08-12T00:33:03+00:00
[start] instance=ns41 algo=moead run_id=7 stop_criteria=1000000 stn_p=100 stn_interval=50 2026-08-12T00:33:03+00:00
9

Number of subproblems: 100
Number of neighbors: 10
Number of fixed turbines: 36
Number of mobile turbines: 123
Wind: 10.000000000000
Angle: 30.000000000000
Run id: 7
Stop criteria: 1000000
STN P (num vectors): 100
STN logger interval: 50

Run time:
[done]  instance=ns41 algo=moead run_id=7 2026-08-12T00:47:29+00:00
[start] instance=ns41 algo=moead run_id=8 stop_criteria=1000000 stn_p=100 stn_interval=50 2026-08-12T00:47:29+00:00
9

Number of subproblems: 100
Number of neighbors: 10
Number of fixed turbines: 36
Number of mobile turbines: 123
Wind: 10.000000000000
Angle: 30.000000000000
Run id: 8
Stop criteria: 1000000
STN P (num vectors): 100
STN logger interval: 50

Run time:
[done]  instance=ns41 algo=moead run_id=8 2026-08-12T01:01:43+00:00
[start] instance=ns41 algo=moead run_id=9 stop_criteria=1000000 stn_p=100 stn_interval=50 2026-08-12T01:01:43+00:00
9

Number of subproblems: 100
Number of neighbors: 10
Number of fixed turbines: 36
Number of mobile turbines: 123
Wind: 10.000000000000
Angle: 30.000000000000
Run id: 9
Stop criteria: 1000000
STN P (num vectors): 100
STN logger interval: 50

Run time:
[done]  instance=ns41 algo=moead run_id=9 2026-08-12T01:16:08+00:00
[start] instance=ns41 algo=nsga2 run_id=0 stop_criteria=1000000 stn_p=100 stn_interval=50 2026-08-12T01:16:08+00:00
9

Number of subproblems: 100
Number of neighbors: 10
Number of fixed turbines: 36
Number of mobile turbines: 123
Wind: 10.000000000000
Angle: 30.000000000000
Run id: 0
Stop criteria: 1000000
STN P (num vectors): 100
STN logger interval: 50

Run time:
[done]  instance=ns41 algo=nsga2 run_id=0 2026-08-12T01:49:24+00:00
[start] instance=ns41 algo=nsga2 run_id=1 stop_criteria=1000000 stn_p=100 stn_interval=50 2026-08-12T01:49:24+00:00
9

Number of subproblems: 100
Number of neighbors: 10
Number of fixed turbines: 36
Number of mobile turbines: 123
Wind: 10.000000000000
Angle: 30.000000000000
Run id: 1
Stop criteria: 1000000
STN P (num vectors): 100
STN logger interval: 50

Run time:
[done]  instance=ns41 algo=nsga2 run_id=1 2026-08-12T02:21:12+00:00
[start] instance=ns41 algo=nsga2 run_id=2 stop_criteria=1000000 stn_p=100 stn_interval=50 2026-08-12T02:21:12+00:00
9

Number of subproblems: 100
Number of neighbors: 10
Number of fixed turbines: 36
Number of mobile turbines: 123
Wind: 10.000000000000
Angle: 30.000000000000
Run id: 2
Stop criteria: 1000000
STN P (num vectors): 100
STN logger interval: 50

Run time:
[done]  instance=ns41 algo=nsga2 run_id=2 2026-08-12T02:52:56+00:00
[start] instance=ns41 algo=nsga2 run_id=3 stop_criteria=1000000 stn_p=100 stn_interval=50 2026-08-12T02:52:56+00:00
9

Number of subproblems: 100
Number of neighbors: 10
Number of fixed turbines: 36
Number of mobile turbines: 123
Wind: 10.000000000000
Angle: 30.000000000000
Run id: 3
Stop criteria: 1000000
STN P (num vectors): 100
STN logger interval: 50

Run time:
[done]  instance=ns41 algo=nsga2 run_id=3 2026-08-12T03:24:11+00:00
[start] instance=ns41 algo=nsga2 run_id=4 stop_criteria=1000000 stn_p=100 stn_interval=50 2026-08-12T03:24:11+00:00
9

Number of subproblems: 100
Number of neighbors: 10
Number of fixed turbines: 36
Number of mobile turbines: 123
Wind: 10.000000000000
Angle: 30.000000000000
Run id: 4
Stop criteria: 1000000
STN P (num vectors): 100
STN logger interval: 50

Run time:
[done]  instance=ns41 algo=nsga2 run_id=4 2026-08-12T03:56:30+00:00
[start] instance=ns41 algo=nsga2 run_id=5 stop_criteria=1000000 stn_p=100 stn_interval=50 2026-08-12T03:56:30+00:00
9

Number of subproblems: 100
Number of neighbors: 10
Number of fixed turbines: 36
Number of mobile turbines: 123
Wind: 10.000000000000
Angle: 30.000000000000
Run id: 5
Stop criteria: 1000000
STN P (num vectors): 100
STN logger interval: 50

Run time:
[done]  instance=ns41 algo=nsga2 run_id=5 2026-08-12T04:28:22+00:00
[start] instance=ns41 algo=nsga2 run_id=6 stop_criteria=1000000 stn_p=100 stn_interval=50 2026-08-12T04:28:22+00:00
9

Number of subproblems: 100
Number of neighbors: 10
Number of fixed turbines: 36
Number of mobile turbines: 123
Wind: 10.000000000000
Angle: 30.000000000000
Run id: 6
Stop criteria: 1000000
STN P (num vectors): 100
STN logger interval: 50

Run time:
[done]  instance=ns41 algo=nsga2 run_id=6 2026-08-12T05:00:00+00:00
[start] instance=ns41 algo=nsga2 run_id=7 stop_criteria=1000000 stn_p=100 stn_interval=50 2026-08-12T05:00:00+00:00
9

Number of subproblems: 100
Number of neighbors: 10
Number of fixed turbines: 36
Number of mobile turbines: 123
Wind: 10.000000000000
Angle: 30.000000000000
Run id: 7
Stop criteria: 1000000
STN P (num vectors): 100
STN logger interval: 50

Run time:
[done]  instance=ns41 algo=nsga2 run_id=7 2026-08-12T05:31:26+00:00
[start] instance=ns41 algo=nsga2 run_id=8 stop_criteria=1000000 stn_p=100 stn_interval=50 2026-08-12T05:31:26+00:00
9

Number of subproblems: 100
Number of neighbors: 10
Number of fixed turbines: 36
Number of mobile turbines: 123
Wind: 10.000000000000
Angle: 30.000000000000
Run id: 8
Stop criteria: 1000000
STN P (num vectors): 100
STN logger interval: 50

Run time:
[done]  instance=ns41 algo=nsga2 run_id=8 2026-08-12T06:03:37+00:00
[start] instance=ns41 algo=nsga2 run_id=9 stop_criteria=1000000 stn_p=100 stn_interval=50 2026-08-12T06:03:37+00:00
9

Number of subproblems: 100
Number of neighbors: 10
Number of fixed turbines: 36
Number of mobile turbines: 123
Wind: 10.000000000000
Angle: 30.000000000000
Run id: 9
Stop criteria: 1000000
STN P (num vectors): 100
STN logger interval: 50

Run time:
[done]  instance=ns41 algo=nsga2 run_id=9 2026-08-12T06:34:54+00:00
