[start] instance=ns41 algo=moead run_id=0 stop_criteria=1000000 stn_p=10 stn_interval=50 2026-08-11T22:52:36+00:00
9

Number of subproblems: 100
Number of neighbors: 10
Number of fixed turbines: 36
Number of mobile turbines: 123
Wind: 10.000000000000
Angle: 30.000000000000
Run id: 0
Stop criteria: 1000000
STN P (num vectors): 10
STN logger interval: 50

Run time:
[done]  instance=ns41 algo=moead run_id=0 2026-08-11T23:06:56+00:00
[start] instance=ns41 algo=moead run_id=1 stop_criteria=1000000 stn_p=10 stn_interval=50 2026-08-11T23:06:56+00:00
9

Number of subproblems: 100
Number of neighbors: 10
Number of fixed turbines: 36
Number of mobile turbines: 123
Wind: 10.000000000000
Angle: 30.000000000000
Run id: 1
Stop criteria: 1000000
STN P (num vectors): 10
STN logger interval: 50

Run time:
[done]  instance=ns41 algo=moead run_id=1 2026-08-11T23:21:21+00:00
[start] instance=ns41 algo=moead run_id=2 stop_criteria=1000000 stn_p=10 stn_interval=50 2026-08-11T23:21:21+00:00
9

Number of subproblems: 100
Number of neighbors: 10
Number of fixed turbines: 36
Number of mobile turbines: 123
Wind: 10.000000000000
Angle: 30.000000000000
Run id: 2
Stop criteria: 1000000
STN P (num vectors): 10
STN logger interval: 50

Run time:
[done]  instance=ns41 algo=moead run_id=2 2026-08-11T23:35:36+00:00
[start] instance=ns41 algo=moead run_id=3 stop_criteria=1000000 stn_p=10 stn_interval=50 2026-08-11T23:35:36+00:00
9

Number of subproblems: 100
Number of neighbors: 10
Number of fixed turbines: 36
Number of mobile turbines: 123
Wind: 10.000000000000
Angle: 30.000000000000
Run id: 3
Stop criteria: 1000000
STN P (num vectors): 10
STN logger interval: 50

Run time:
[done]  instance=ns41 algo=moead run_id=3 2026-08-11T23:49:54+00:00
[start] instance=ns41 algo=moead run_id=4 stop_criteria=1000000 stn_p=10 stn_interval=50 2026-08-11T23:49:54+00:00
9

Number of subproblems: 100
Number of neighbors: 10
Number of fixed turbines: 36
Number of mobile turbines: 123
Wind: 10.000000000000
Angle: 30.000000000000
Run id: 4
Stop criteria: 1000000
STN P (num vectors): 10
STN logger interval: 50

Run time:
[done]  instance=ns41 algo=moead run_id=4 2026-08-12T00:04:32+00:00
[start] instance=ns41 algo=moead run_id=5 stop_criteria=1000000 stn_p=10 stn_interval=50 2026-08-12T00:04:32+00:00
9

Number of subproblems: 100
Number of neighbors: 10
Number of fixed turbines: 36
Number of mobile turbines: 123
Wind: 10.000000000000
Angle: 30.000000000000
Run id: 5
Stop criteria: 1000000
STN P (num vectors): 10
STN logger interval: 50

Run time:
[done]  instance=ns41 algo=moead run_id=5 2026-08-12T00:19:03+00:00
[start] instance=ns41 algo=moead run_id=6 stop_criteria=1000000 stn_p=10 stn_interval=50 2026-08-12T00:19:03+00:00
9

Number of subproblems: 100
Number of neighbors: 10
Number of fixed turbines: 36
Number of mobile turbines: 123
Wind: 10.000000000000
Angle: 30.000000000000
Run id: 6
Stop criteria: 1000000
STN P (num vectors): 10
STN logger interval: 50

Run time:
[done]  instance=ns41 algo=moead run_id=6 2026-08-12T00:33:53+00:00
[start] instance=ns41 algo=moead run_id=7 stop_criteria=1000000 stn_p=10 stn_interval=50 2026-08-12T00:33:53+00:00
9

Number of subproblems: 100
Number of neighbors: 10
Number of fixed turbines: 36
Number of mobile turbines: 123
Wind: 10.000000000000
Angle: 30.000000000000
Run id: 7
Stop criteria: 1000000
STN P (num vectors): 10
STN logger interval: 50

Run time:
[done]  instance=ns41 algo=moead run_id=7 2026-08-12T00:48:05+00:00
[start] instance=ns41 algo=moead run_id=8 stop_criteria=1000000 stn_p=10 stn_interval=50 2026-08-12T00:48:05+00:00
9

Number of subproblems: 100
Number of neighbors: 10
Number of fixed turbines: 36
Number of mobile turbines: 123
Wind: 10.000000000000
Angle: 30.000000000000
Run id: 8
Stop criteria: 1000000
STN P (num vectors): 10
STN logger interval: 50

Run time:
[done]  instance=ns41 algo=moead run_id=8 2026-08-12T01:02:35+00:00
[start] instance=ns41 algo=moead run_id=9 stop_criteria=1000000 stn_p=10 stn_interval=50 2026-08-12T01:02:35+00:00
9

Number of subproblems: 100
Number of neighbors: 10
Number of fixed turbines: 36
Number of mobile turbines: 123
Wind: 10.000000000000
Angle: 30.000000000000
Run id: 9
Stop criteria: 1000000
STN P (num vectors): 10
STN logger interval: 50

Run time:
[done]  instance=ns41 algo=moead run_id=9 2026-08-12T01:17:04+00:00
[start] instance=ns41 algo=nsga2 run_id=0 stop_criteria=1000000 stn_p=10 stn_interval=50 2026-08-12T01:17:04+00:00
9

Number of subproblems: 100
Number of neighbors: 10
Number of fixed turbines: 36
Number of mobile turbines: 123
Wind: 10.000000000000
Angle: 30.000000000000
Run id: 0
Stop criteria: 1000000
STN P (num vectors): 10
STN logger interval: 50

Run time:
[done]  instance=ns41 algo=nsga2 run_id=0 2026-08-12T01:50:13+00:00
[start] instance=ns41 algo=nsga2 run_id=1 stop_criteria=1000000 stn_p=10 stn_interval=50 2026-08-12T01:50:13+00:00
9

Number of subproblems: 100
Number of neighbors: 10
Number of fixed turbines: 36
Number of mobile turbines: 123
Wind: 10.000000000000
Angle: 30.000000000000
Run id: 1
Stop criteria: 1000000
STN P (num vectors): 10
STN logger interval: 50

Run time:
[done]  instance=ns41 algo=nsga2 run_id=1 2026-08-12T02:22:14+00:00
[start] instance=ns41 algo=nsga2 run_id=2 stop_criteria=1000000 stn_p=10 stn_interval=50 2026-08-12T02:22:14+00:00
9

Number of subproblems: 100
Number of neighbors: 10
Number of fixed turbines: 36
Number of mobile turbines: 123
Wind: 10.000000000000
Angle: 30.000000000000
Run id: 2
Stop criteria: 1000000
STN P (num vectors): 10
STN logger interval: 50

Run time:
[done]  instance=ns41 algo=nsga2 run_id=2 2026-08-12T02:53:35+00:00
[start] instance=ns41 algo=nsga2 run_id=3 stop_criteria=1000000 stn_p=10 stn_interval=50 2026-08-12T02:53:35+00:00
9

Number of subproblems: 100
Number of neighbors: 10
Number of fixed turbines: 36
Number of mobile turbines: 123
Wind: 10.000000000000
Angle: 30.000000000000
Run id: 3
Stop criteria: 1000000
STN P (num vectors): 10
STN logger interval: 50

Run time:
[done]  instance=ns41 algo=nsga2 run_id=3 2026-08-12T03:24:52+00:00
[start] instance=ns41 algo=nsga2 run_id=4 stop_criteria=1000000 stn_p=10 stn_interval=50 2026-08-12T03:24:52+00:00
9

Number of subproblems: 100
Number of neighbors: 10
Number of fixed turbines: 36
Number of mobile turbines: 123
Wind: 10.000000000000
Angle: 30.000000000000
Run id: 4
Stop criteria: 1000000
STN P (num vectors): 10
STN logger interval: 50

Run time:
[done]  instance=ns41 algo=nsga2 run_id=4 2026-08-12T03:56:53+00:00
[start] instance=ns41 algo=nsga2 run_id=5 stop_criteria=1000000 stn_p=10 stn_interval=50 2026-08-12T03:56:53+00:00
9

Number of subproblems: 100
Number of neighbors: 10
Number of fixed turbines: 36
Number of mobile turbines: 123
Wind: 10.000000000000
Angle: 30.000000000000
Run id: 5
Stop criteria: 1000000
STN P (num vectors): 10
STN logger interval: 50

Run time:
[done]  instance=ns41 algo=nsga2 run_id=5 2026-08-12T04:28:36+00:00
[start] instance=ns41 algo=nsga2 run_id=6 stop_criteria=1000000 stn_p=10 stn_interval=50 2026-08-12T04:28:36+00:00
9

Number of subproblems: 100
Number of neighbors: 10
Number of fixed turbines: 36
Number of mobile turbines: 123
Wind: 10.000000000000
Angle: 30.000000000000
Run id: 6
Stop criteria: 1000000
STN P (num vectors): 10
STN logger interval: 50

Run time:
[done]  instance=ns41 algo=nsga2 run_id=6 2026-08-12T05:00:20+00:00
[start] instance=ns41 algo=nsga2 run_id=7 stop_criteria=1000000 stn_p=10 stn_interval=50 2026-08-12T05:00:20+00:00
9

Number of subproblems: 100
Number of neighbors: 10
Number of fixed turbines: 36
Number of mobile turbines: 123
Wind: 10.000000000000
Angle: 30.000000000000
Run id: 7
Stop criteria: 1000000
STN P (num vectors): 10
STN logger interval: 50

Run time:
[done]  instance=ns41 algo=nsga2 run_id=7 2026-08-12T05:31:59+00:00
[start] instance=ns41 algo=nsga2 run_id=8 stop_criteria=1000000 stn_p=10 stn_interval=50 2026-08-12T05:31:59+00:00
9

Number of subproblems: 100
Number of neighbors: 10
Number of fixed turbines: 36
Number of mobile turbines: 123
Wind: 10.000000000000
Angle: 30.000000000000
Run id: 8
Stop criteria: 1000000
STN P (num vectors): 10
STN logger interval: 50

Run time:
[done]  instance=ns41 algo=nsga2 run_id=8 2026-08-12T06:04:24+00:00
[start] instance=ns41 algo=nsga2 run_id=9 stop_criteria=1000000 stn_p=10 stn_interval=50 2026-08-12T06:04:24+00:00
9

Number of subproblems: 100
Number of neighbors: 10
Number of fixed turbines: 36
Number of mobile turbines: 123
Wind: 10.000000000000
Angle: 30.000000000000
Run id: 9
Stop criteria: 1000000
STN P (num vectors): 10
STN logger interval: 50

Run time:
[done]  instance=ns41 algo=nsga2 run_id=9 2026-08-12T06:35:52+00:00
