[start] instance=ns440 algo=moead run_id=0 stop_criteria=1000000 stn_p=50 stn_interval=50 2026-08-11T22:52:36+00:00
9

Number of subproblems: 100
Number of neighbors: 10
Number of fixed turbines: 27
Number of mobile turbines: 140
Wind: 10.000000000000
Angle: 30.000000000000
Run id: 0
Stop criteria: 1000000
STN P (num vectors): 50
STN logger interval: 50

Run time:
[done]  instance=ns440 algo=moead run_id=0 2026-08-11T23:09:10+00:00
[start] instance=ns440 algo=moead run_id=1 stop_criteria=1000000 stn_p=50 stn_interval=50 2026-08-11T23:09:10+00:00
9

Number of subproblems: 100
Number of neighbors: 10
Number of fixed turbines: 27
Number of mobile turbines: 140
Wind: 10.000000000000
Angle: 30.000000000000
Run id: 1
Stop criteria: 1000000
STN P (num vectors): 50
STN logger interval: 50

Run time:
[done]  instance=ns440 algo=moead run_id=1 2026-08-11T23:25:39+00:00
[start] instance=ns440 algo=moead run_id=2 stop_criteria=1000000 stn_p=50 stn_interval=50 2026-08-11T23:25:39+00:00
9

Number of subproblems: 100
Number of neighbors: 10
Number of fixed turbines: 27
Number of mobile turbines: 140
Wind: 10.000000000000
Angle: 30.000000000000
Run id: 2
Stop criteria: 1000000
STN P (num vectors): 50
STN logger interval: 50

Run time:
[done]  instance=ns440 algo=moead run_id=2 2026-08-11T23:41:57+00:00
[start] instance=ns440 algo=moead run_id=3 stop_criteria=1000000 stn_p=50 stn_interval=50 2026-08-11T23:41:57+00:00
9

Number of subproblems: 100
Number of neighbors: 10
Number of fixed turbines: 27
Number of mobile turbines: 140
Wind: 10.000000000000
Angle: 30.000000000000
Run id: 3
Stop criteria: 1000000
STN P (num vectors): 50
STN logger interval: 50

Run time:
[done]  instance=ns440 algo=moead run_id=3 2026-08-11T23:58:23+00:00
[start] instance=ns440 algo=moead run_id=4 stop_criteria=1000000 stn_p=50 stn_interval=50 2026-08-11T23:58:23+00:00
9

Number of subproblems: 100
Number of neighbors: 10
Number of fixed turbines: 27
Number of mobile turbines: 140
Wind: 10.000000000000
Angle: 30.000000000000
Run id: 4
Stop criteria: 1000000
STN P (num vectors): 50
STN logger interval: 50

Run time:
[done]  instance=ns440 algo=moead run_id=4 2026-08-12T00:14:42+00:00
[start] instance=ns440 algo=moead run_id=5 stop_criteria=1000000 stn_p=50 stn_interval=50 2026-08-12T00:14:42+00:00
9

Number of subproblems: 100
Number of neighbors: 10
Number of fixed turbines: 27
Number of mobile turbines: 140
Wind: 10.000000000000
Angle: 30.000000000000
Run id: 5
Stop criteria: 1000000
STN P (num vectors): 50
STN logger interval: 50

Run time:
[done]  instance=ns440 algo=moead run_id=5 2026-08-12T00:31:17+00:00
[start] instance=ns440 algo=moead run_id=6 stop_criteria=1000000 stn_p=50 stn_interval=50 2026-08-12T00:31:17+00:00
9

Number of subproblems: 100
Number of neighbors: 10
Number of fixed turbines: 27
Number of mobile turbines: 140
Wind: 10.000000000000
Angle: 30.000000000000
Run id: 6
Stop criteria: 1000000
STN P (num vectors): 50
STN logger interval: 50

Run time:
[done]  instance=ns440 algo=moead run_id=6 2026-08-12T00:47:41+00:00
[start] instance=ns440 algo=moead run_id=7 stop_criteria=1000000 stn_p=50 stn_interval=50 2026-08-12T00:47:41+00:00
9

Number of subproblems: 100
Number of neighbors: 10
Number of fixed turbines: 27
Number of mobile turbines: 140
Wind: 10.000000000000
Angle: 30.000000000000
Run id: 7
Stop criteria: 1000000
STN P (num vectors): 50
STN logger interval: 50

Run time:
[done]  instance=ns440 algo=moead run_id=7 2026-08-12T01:04:06+00:00
[start] instance=ns440 algo=moead run_id=8 stop_criteria=1000000 stn_p=50 stn_interval=50 2026-08-12T01:04:06+00:00
9

Number of subproblems: 100
Number of neighbors: 10
Number of fixed turbines: 27
Number of mobile turbines: 140
Wind: 10.000000000000
Angle: 30.000000000000
Run id: 8
Stop criteria: 1000000
STN P (num vectors): 50
STN logger interval: 50

Run time:
[done]  instance=ns440 algo=moead run_id=8 2026-08-12T01:20:42+00:00
[start] instance=ns440 algo=moead run_id=9 stop_criteria=1000000 stn_p=50 stn_interval=50 2026-08-12T01:20:42+00:00
9

Number of subproblems: 100
Number of neighbors: 10
Number of fixed turbines: 27
Number of mobile turbines: 140
Wind: 10.000000000000
Angle: 30.000000000000
Run id: 9
Stop criteria: 1000000
STN P (num vectors): 50
STN logger interval: 50

Run time:
[done]  instance=ns440 algo=moead run_id=9 2026-08-12T01:36:01+00:00
[start] instance=ns440 algo=nsga2 run_id=0 stop_criteria=1000000 stn_p=50 stn_interval=50 2026-08-12T01:36:01+00:00
9

Number of subproblems: 100
Number of neighbors: 10
Number of fixed turbines: 27
Number of mobile turbines: 140
Wind: 10.000000000000
Angle: 30.000000000000
Run id: 0
Stop criteria: 1000000
STN P (num vectors): 50
STN logger interval: 50

Run time:
[done]  instance=ns440 algo=nsga2 run_id=0 2026-08-12T02:31:25+00:00
[start] instance=ns440 algo=nsga2 run_id=1 stop_criteria=1000000 stn_p=50 stn_interval=50 2026-08-12T02:31:25+00:00
9

Number of subproblems: 100
Number of neighbors: 10
Number of fixed turbines: 27
Number of mobile turbines: 140
Wind: 10.000000000000
Angle: 30.000000000000
Run id: 1
Stop criteria: 1000000
STN P (num vectors): 50
STN logger interval: 50

Run time:
[done]  instance=ns440 algo=nsga2 run_id=1 2026-08-12T03:25:26+00:00
[start] instance=ns440 algo=nsga2 run_id=2 stop_criteria=1000000 stn_p=50 stn_interval=50 2026-08-12T03:25:26+00:00
9

Number of subproblems: 100
Number of neighbors: 10
Number of fixed turbines: 27
Number of mobile turbines: 140
Wind: 10.000000000000
Angle: 30.000000000000
Run id: 2
Stop criteria: 1000000
STN P (num vectors): 50
STN logger interval: 50

Run time:
[done]  instance=ns440 algo=nsga2 run_id=2 2026-08-12T04:19:33+00:00
[start] instance=ns440 algo=nsga2 run_id=3 stop_criteria=1000000 stn_p=50 stn_interval=50 2026-08-12T04:19:33+00:00
9

Number of subproblems: 100
Number of neighbors: 10
Number of fixed turbines: 27
Number of mobile turbines: 140
Wind: 10.000000000000
Angle: 30.000000000000
Run id: 3
Stop criteria: 1000000
STN P (num vectors): 50
STN logger interval: 50

Run time:
[done]  instance=ns440 algo=nsga2 run_id=3 2026-08-12T05:12:28+00:00
[start] instance=ns440 algo=nsga2 run_id=4 stop_criteria=1000000 stn_p=50 stn_interval=50 2026-08-12T05:12:28+00:00
9

Number of subproblems: 100
Number of neighbors: 10
Number of fixed turbines: 27
Number of mobile turbines: 140
Wind: 10.000000000000
Angle: 30.000000000000
Run id: 4
Stop criteria: 1000000
STN P (num vectors): 50
STN logger interval: 50

Run time:
[done]  instance=ns440 algo=nsga2 run_id=4 2026-08-12T06:05:44+00:00
[start] instance=ns440 algo=nsga2 run_id=5 stop_criteria=1000000 stn_p=50 stn_interval=50 2026-08-12T06:05:44+00:00
9

Number of subproblems: 100
Number of neighbors: 10
Number of fixed turbines: 27
Number of mobile turbines: 140
Wind: 10.000000000000
Angle: 30.000000000000
Run id: 5
Stop criteria: 1000000
STN P (num vectors): 50
STN logger interval: 50

Run time:
[done]  instance=ns440 algo=nsga2 run_id=5 2026-08-12T07:03:35+00:00
[start] instance=ns440 algo=nsga2 run_id=6 stop_criteria=1000000 stn_p=50 stn_interval=50 2026-08-12T07:03:35+00:00
9

Number of subproblems: 100
Number of neighbors: 10
Number of fixed turbines: 27
Number of mobile turbines: 140
Wind: 10.000000000000
Angle: 30.000000000000
Run id: 6
Stop criteria: 1000000
STN P (num vectors): 50
STN logger interval: 50

Run time:
[done]  instance=ns440 algo=nsga2 run_id=6 2026-08-12T07:58:36+00:00
[start] instance=ns440 algo=nsga2 run_id=7 stop_criteria=1000000 stn_p=50 stn_interval=50 2026-08-12T07:58:36+00:00
9

Number of subproblems: 100
Number of neighbors: 10
Number of fixed turbines: 27
Number of mobile turbines: 140
Wind: 10.000000000000
Angle: 30.000000000000
Run id: 7
Stop criteria: 1000000
STN P (num vectors): 50
STN logger interval: 50

Run time:
[done]  instance=ns440 algo=nsga2 run_id=7 2026-08-12T08:56:12+00:00
[start] instance=ns440 algo=nsga2 run_id=8 stop_criteria=1000000 stn_p=50 stn_interval=50 2026-08-12T08:56:12+00:00
9

Number of subproblems: 100
Number of neighbors: 10
Number of fixed turbines: 27
Number of mobile turbines: 140
Wind: 10.000000000000
Angle: 30.000000000000
Run id: 8
Stop criteria: 1000000
STN P (num vectors): 50
STN logger interval: 50

Run time:
[done]  instance=ns440 algo=nsga2 run_id=8 2026-08-12T09:49:21+00:00
[start] instance=ns440 algo=nsga2 run_id=9 stop_criteria=1000000 stn_p=50 stn_interval=50 2026-08-12T09:49:21+00:00
9

Number of subproblems: 100
Number of neighbors: 10
Number of fixed turbines: 27
Number of mobile turbines: 140
Wind: 10.000000000000
Angle: 30.000000000000
Run id: 9
Stop criteria: 1000000
STN P (num vectors): 50
STN logger interval: 50

Run time:
[done]  instance=ns440 algo=nsga2 run_id=9 2026-08-12T10:42:02+00:00
