[start] instance=ns465 algo=moead run_id=0 stop_criteria=1000000 stn_p=100 stn_interval=50 2026-08-11T22:52:36+00:00
9

Number of subproblems: 100
Number of neighbors: 10
Number of fixed turbines: 20
Number of mobile turbines: 79
Wind: 10.000000000000
Angle: 30.000000000000
Run id: 0
Stop criteria: 1000000
STN P (num vectors): 100
STN logger interval: 50

Run time:
[done]  instance=ns465 algo=moead run_id=0 2026-08-11T22:58:43+00:00
[start] instance=ns465 algo=moead run_id=1 stop_criteria=1000000 stn_p=100 stn_interval=50 2026-08-11T22:58:43+00:00
9

Number of subproblems: 100
Number of neighbors: 10
Number of fixed turbines: 20
Number of mobile turbines: 79
Wind: 10.000000000000
Angle: 30.000000000000
Run id: 1
Stop criteria: 1000000
STN P (num vectors): 100
STN logger interval: 50

Run time:
[done]  instance=ns465 algo=moead run_id=1 2026-08-11T23:04:55+00:00
[start] instance=ns465 algo=moead run_id=2 stop_criteria=1000000 stn_p=100 stn_interval=50 2026-08-11T23:04:55+00:00
9

Number of subproblems: 100
Number of neighbors: 10
Number of fixed turbines: 20
Number of mobile turbines: 79
Wind: 10.000000000000
Angle: 30.000000000000
Run id: 2
Stop criteria: 1000000
STN P (num vectors): 100
STN logger interval: 50

Run time:
[done]  instance=ns465 algo=moead run_id=2 2026-08-11T23:11:03+00:00
[start] instance=ns465 algo=moead run_id=3 stop_criteria=1000000 stn_p=100 stn_interval=50 2026-08-11T23:11:03+00:00
9

Number of subproblems: 100
Number of neighbors: 10
Number of fixed turbines: 20
Number of mobile turbines: 79
Wind: 10.000000000000
Angle: 30.000000000000
Run id: 3
Stop criteria: 1000000
STN P (num vectors): 100
STN logger interval: 50

Run time:
[done]  instance=ns465 algo=moead run_id=3 2026-08-11T23:17:16+00:00
[start] instance=ns465 algo=moead run_id=4 stop_criteria=1000000 stn_p=100 stn_interval=50 2026-08-11T23:17:16+00:00
9

Number of subproblems: 100
Number of neighbors: 10
Number of fixed turbines: 20
Number of mobile turbines: 79
Wind: 10.000000000000
Angle: 30.000000000000
Run id: 4
Stop criteria: 1000000
STN P (num vectors): 100
STN logger interval: 50

Run time:
[done]  instance=ns465 algo=moead run_id=4 2026-08-11T23:23:21+00:00
[start] instance=ns465 algo=moead run_id=5 stop_criteria=1000000 stn_p=100 stn_interval=50 2026-08-11T23:23:21+00:00
9

Number of subproblems: 100
Number of neighbors: 10
Number of fixed turbines: 20
Number of mobile turbines: 79
Wind: 10.000000000000
Angle: 30.000000000000
Run id: 5
Stop criteria: 1000000
STN P (num vectors): 100
STN logger interval: 50

Run time:
[done]  instance=ns465 algo=moead run_id=5 2026-08-11T23:29:34+00:00
[start] instance=ns465 algo=moead run_id=6 stop_criteria=1000000 stn_p=100 stn_interval=50 2026-08-11T23:29:34+00:00
9

Number of subproblems: 100
Number of neighbors: 10
Number of fixed turbines: 20
Number of mobile turbines: 79
Wind: 10.000000000000
Angle: 30.000000000000
Run id: 6
Stop criteria: 1000000
STN P (num vectors): 100
STN logger interval: 50

Run time:
[done]  instance=ns465 algo=moead run_id=6 2026-08-11T23:35:54+00:00
[start] instance=ns465 algo=moead run_id=7 stop_criteria=1000000 stn_p=100 stn_interval=50 2026-08-11T23:35:54+00:00
9

Number of subproblems: 100
Number of neighbors: 10
Number of fixed turbines: 20
Number of mobile turbines: 79
Wind: 10.000000000000
Angle: 30.000000000000
Run id: 7
Stop criteria: 1000000
STN P (num vectors): 100
STN logger interval: 50

Run time:
[done]  instance=ns465 algo=moead run_id=7 2026-08-11T23:41:57+00:00
[start] instance=ns465 algo=moead run_id=8 stop_criteria=1000000 stn_p=100 stn_interval=50 2026-08-11T23:41:57+00:00
9

Number of subproblems: 100
Number of neighbors: 10
Number of fixed turbines: 20
Number of mobile turbines: 79
Wind: 10.000000000000
Angle: 30.000000000000
Run id: 8
Stop criteria: 1000000
STN P (num vectors): 100
STN logger interval: 50

Run time:
[done]  instance=ns465 algo=moead run_id=8 2026-08-11T23:48:05+00:00
[start] instance=ns465 algo=moead run_id=9 stop_criteria=1000000 stn_p=100 stn_interval=50 2026-08-11T23:48:05+00:00
9

Number of subproblems: 100
Number of neighbors: 10
Number of fixed turbines: 20
Number of mobile turbines: 79
Wind: 10.000000000000
Angle: 30.000000000000
Run id: 9
Stop criteria: 1000000
STN P (num vectors): 100
STN logger interval: 50

Run time:
[done]  instance=ns465 algo=moead run_id=9 2026-08-11T23:54:11+00:00
[start] instance=ns465 algo=nsga2 run_id=0 stop_criteria=1000000 stn_p=100 stn_interval=50 2026-08-11T23:54:12+00:00
9

Number of subproblems: 100
Number of neighbors: 10
Number of fixed turbines: 20
Number of mobile turbines: 79
Wind: 10.000000000000
Angle: 30.000000000000
Run id: 0
Stop criteria: 1000000
STN P (num vectors): 100
STN logger interval: 50

Run time:
[done]  instance=ns465 algo=nsga2 run_id=0 2026-08-12T00:20:05+00:00
[start] instance=ns465 algo=nsga2 run_id=1 stop_criteria=1000000 stn_p=100 stn_interval=50 2026-08-12T00:20:05+00:00
9

Number of subproblems: 100
Number of neighbors: 10
Number of fixed turbines: 20
Number of mobile turbines: 79
Wind: 10.000000000000
Angle: 30.000000000000
Run id: 1
Stop criteria: 1000000
STN P (num vectors): 100
STN logger interval: 50

Run time:
[done]  instance=ns465 algo=nsga2 run_id=1 2026-08-12T00:46:11+00:00
[start] instance=ns465 algo=nsga2 run_id=2 stop_criteria=1000000 stn_p=100 stn_interval=50 2026-08-12T00:46:11+00:00
9

Number of subproblems: 100
Number of neighbors: 10
Number of fixed turbines: 20
Number of mobile turbines: 79
Wind: 10.000000000000
Angle: 30.000000000000
Run id: 2
Stop criteria: 1000000
STN P (num vectors): 100
STN logger interval: 50

Run time:
[done]  instance=ns465 algo=nsga2 run_id=2 2026-08-12T01:12:16+00:00
[start] instance=ns465 algo=nsga2 run_id=3 stop_criteria=1000000 stn_p=100 stn_interval=50 2026-08-12T01:12:16+00:00
9

Number of subproblems: 100
Number of neighbors: 10
Number of fixed turbines: 20
Number of mobile turbines: 79
Wind: 10.000000000000
Angle: 30.000000000000
Run id: 3
Stop criteria: 1000000
STN P (num vectors): 100
STN logger interval: 50

Run time:
[done]  instance=ns465 algo=nsga2 run_id=3 2026-08-12T01:36:08+00:00
[start] instance=ns465 algo=nsga2 run_id=4 stop_criteria=1000000 stn_p=100 stn_interval=50 2026-08-12T01:36:08+00:00
9

Number of subproblems: 100
Number of neighbors: 10
Number of fixed turbines: 20
Number of mobile turbines: 79
Wind: 10.000000000000
Angle: 30.000000000000
Run id: 4
Stop criteria: 1000000
STN P (num vectors): 100
STN logger interval: 50

Run time:
[done]  instance=ns465 algo=nsga2 run_id=4 2026-08-12T01:58:03+00:00
[start] instance=ns465 algo=nsga2 run_id=5 stop_criteria=1000000 stn_p=100 stn_interval=50 2026-08-12T01:58:03+00:00
9

Number of subproblems: 100
Number of neighbors: 10
Number of fixed turbines: 20
Number of mobile turbines: 79
Wind: 10.000000000000
Angle: 30.000000000000
Run id: 5
Stop criteria: 1000000
STN P (num vectors): 100
STN logger interval: 50

Run time:
[done]  instance=ns465 algo=nsga2 run_id=5 2026-08-12T02:20:03+00:00
[start] instance=ns465 algo=nsga2 run_id=6 stop_criteria=1000000 stn_p=100 stn_interval=50 2026-08-12T02:20:03+00:00
9

Number of subproblems: 100
Number of neighbors: 10
Number of fixed turbines: 20
Number of mobile turbines: 79
Wind: 10.000000000000
Angle: 30.000000000000
Run id: 6
Stop criteria: 1000000
STN P (num vectors): 100
STN logger interval: 50

Run time:
[done]  instance=ns465 algo=nsga2 run_id=6 2026-08-12T02:42:10+00:00
[start] instance=ns465 algo=nsga2 run_id=7 stop_criteria=1000000 stn_p=100 stn_interval=50 2026-08-12T02:42:10+00:00
9

Number of subproblems: 100
Number of neighbors: 10
Number of fixed turbines: 20
Number of mobile turbines: 79
Wind: 10.000000000000
Angle: 30.000000000000
Run id: 7
Stop criteria: 1000000
STN P (num vectors): 100
STN logger interval: 50

Run time:
[done]  instance=ns465 algo=nsga2 run_id=7 2026-08-12T03:04:12+00:00
[start] instance=ns465 algo=nsga2 run_id=8 stop_criteria=1000000 stn_p=100 stn_interval=50 2026-08-12T03:04:12+00:00
9

Number of subproblems: 100
Number of neighbors: 10
Number of fixed turbines: 20
Number of mobile turbines: 79
Wind: 10.000000000000
Angle: 30.000000000000
Run id: 8
Stop criteria: 1000000
STN P (num vectors): 100
STN logger interval: 50

Run time:
[done]  instance=ns465 algo=nsga2 run_id=8 2026-08-12T03:26:58+00:00
[start] instance=ns465 algo=nsga2 run_id=9 stop_criteria=1000000 stn_p=100 stn_interval=50 2026-08-12T03:26:58+00:00
9

Number of subproblems: 100
Number of neighbors: 10
Number of fixed turbines: 20
Number of mobile turbines: 79
Wind: 10.000000000000
Angle: 30.000000000000
Run id: 9
Stop criteria: 1000000
STN P (num vectors): 100
STN logger interval: 50

Run time:
[done]  instance=ns465 algo=nsga2 run_id=9 2026-08-12T03:49:24+00:00
