[start] instance=ns465 algo=moead run_id=0 stop_criteria=1000000 stn_p=50 stn_interval=50 2026-08-11T22:52:36+00:00
9

Number of subproblems: 100
Number of neighbors: 10
Number of fixed turbines: 20
Number of mobile turbines: 79
Wind: 10.000000000000
Angle: 30.000000000000
Run id: 0
Stop criteria: 1000000
STN P (num vectors): 50
STN logger interval: 50

Run time:
[done]  instance=ns465 algo=moead run_id=0 2026-08-11T22:58:40+00:00
[start] instance=ns465 algo=moead run_id=1 stop_criteria=1000000 stn_p=50 stn_interval=50 2026-08-11T22:58:40+00:00
9

Number of subproblems: 100
Number of neighbors: 10
Number of fixed turbines: 20
Number of mobile turbines: 79
Wind: 10.000000000000
Angle: 30.000000000000
Run id: 1
Stop criteria: 1000000
STN P (num vectors): 50
STN logger interval: 50

Run time:
[done]  instance=ns465 algo=moead run_id=1 2026-08-11T23:04:53+00:00
[start] instance=ns465 algo=moead run_id=2 stop_criteria=1000000 stn_p=50 stn_interval=50 2026-08-11T23:04:53+00:00
9

Number of subproblems: 100
Number of neighbors: 10
Number of fixed turbines: 20
Number of mobile turbines: 79
Wind: 10.000000000000
Angle: 30.000000000000
Run id: 2
Stop criteria: 1000000
STN P (num vectors): 50
STN logger interval: 50

Run time:
[done]  instance=ns465 algo=moead run_id=2 2026-08-11T23:11:02+00:00
[start] instance=ns465 algo=moead run_id=3 stop_criteria=1000000 stn_p=50 stn_interval=50 2026-08-11T23:11:02+00:00
9

Number of subproblems: 100
Number of neighbors: 10
Number of fixed turbines: 20
Number of mobile turbines: 79
Wind: 10.000000000000
Angle: 30.000000000000
Run id: 3
Stop criteria: 1000000
STN P (num vectors): 50
STN logger interval: 50

Run time:
[done]  instance=ns465 algo=moead run_id=3 2026-08-11T23:17:05+00:00
[start] instance=ns465 algo=moead run_id=4 stop_criteria=1000000 stn_p=50 stn_interval=50 2026-08-11T23:17:05+00:00
9

Number of subproblems: 100
Number of neighbors: 10
Number of fixed turbines: 20
Number of mobile turbines: 79
Wind: 10.000000000000
Angle: 30.000000000000
Run id: 4
Stop criteria: 1000000
STN P (num vectors): 50
STN logger interval: 50

Run time:
[done]  instance=ns465 algo=moead run_id=4 2026-08-11T23:23:05+00:00
[start] instance=ns465 algo=moead run_id=5 stop_criteria=1000000 stn_p=50 stn_interval=50 2026-08-11T23:23:05+00:00
9

Number of subproblems: 100
Number of neighbors: 10
Number of fixed turbines: 20
Number of mobile turbines: 79
Wind: 10.000000000000
Angle: 30.000000000000
Run id: 5
Stop criteria: 1000000
STN P (num vectors): 50
STN logger interval: 50

Run time:
[done]  instance=ns465 algo=moead run_id=5 2026-08-11T23:29:16+00:00
[start] instance=ns465 algo=moead run_id=6 stop_criteria=1000000 stn_p=50 stn_interval=50 2026-08-11T23:29:16+00:00
9

Number of subproblems: 100
Number of neighbors: 10
Number of fixed turbines: 20
Number of mobile turbines: 79
Wind: 10.000000000000
Angle: 30.000000000000
Run id: 6
Stop criteria: 1000000
STN P (num vectors): 50
STN logger interval: 50

Run time:
[done]  instance=ns465 algo=moead run_id=6 2026-08-11T23:35:21+00:00
[start] instance=ns465 algo=moead run_id=7 stop_criteria=1000000 stn_p=50 stn_interval=50 2026-08-11T23:35:21+00:00
9

Number of subproblems: 100
Number of neighbors: 10
Number of fixed turbines: 20
Number of mobile turbines: 79
Wind: 10.000000000000
Angle: 30.000000000000
Run id: 7
Stop criteria: 1000000
STN P (num vectors): 50
STN logger interval: 50

Run time:
[done]  instance=ns465 algo=moead run_id=7 2026-08-11T23:41:32+00:00
[start] instance=ns465 algo=moead run_id=8 stop_criteria=1000000 stn_p=50 stn_interval=50 2026-08-11T23:41:32+00:00
9

Number of subproblems: 100
Number of neighbors: 10
Number of fixed turbines: 20
Number of mobile turbines: 79
Wind: 10.000000000000
Angle: 30.000000000000
Run id: 8
Stop criteria: 1000000
STN P (num vectors): 50
STN logger interval: 50

Run time:
[done]  instance=ns465 algo=moead run_id=8 2026-08-11T23:47:28+00:00
[start] instance=ns465 algo=moead run_id=9 stop_criteria=1000000 stn_p=50 stn_interval=50 2026-08-11T23:47:28+00:00
9

Number of subproblems: 100
Number of neighbors: 10
Number of fixed turbines: 20
Number of mobile turbines: 79
Wind: 10.000000000000
Angle: 30.000000000000
Run id: 9
Stop criteria: 1000000
STN P (num vectors): 50
STN logger interval: 50

Run time:
[done]  instance=ns465 algo=moead run_id=9 2026-08-11T23:53:30+00:00
[start] instance=ns465 algo=nsga2 run_id=0 stop_criteria=1000000 stn_p=50 stn_interval=50 2026-08-11T23:53:30+00:00
9

Number of subproblems: 100
Number of neighbors: 10
Number of fixed turbines: 20
Number of mobile turbines: 79
Wind: 10.000000000000
Angle: 30.000000000000
Run id: 0
Stop criteria: 1000000
STN P (num vectors): 50
STN logger interval: 50

Run time:
[done]  instance=ns465 algo=nsga2 run_id=0 2026-08-12T00:19:36+00:00
[start] instance=ns465 algo=nsga2 run_id=1 stop_criteria=1000000 stn_p=50 stn_interval=50 2026-08-12T00:19:36+00:00
9

Number of subproblems: 100
Number of neighbors: 10
Number of fixed turbines: 20
Number of mobile turbines: 79
Wind: 10.000000000000
Angle: 30.000000000000
Run id: 1
Stop criteria: 1000000
STN P (num vectors): 50
STN logger interval: 50

Run time:
[done]  instance=ns465 algo=nsga2 run_id=1 2026-08-12T00:45:54+00:00
[start] instance=ns465 algo=nsga2 run_id=2 stop_criteria=1000000 stn_p=50 stn_interval=50 2026-08-12T00:45:54+00:00
9

Number of subproblems: 100
Number of neighbors: 10
Number of fixed turbines: 20
Number of mobile turbines: 79
Wind: 10.000000000000
Angle: 30.000000000000
Run id: 2
Stop criteria: 1000000
STN P (num vectors): 50
STN logger interval: 50

Run time:
[done]  instance=ns465 algo=nsga2 run_id=2 2026-08-12T01:11:35+00:00
[start] instance=ns465 algo=nsga2 run_id=3 stop_criteria=1000000 stn_p=50 stn_interval=50 2026-08-12T01:11:35+00:00
9

Number of subproblems: 100
Number of neighbors: 10
Number of fixed turbines: 20
Number of mobile turbines: 79
Wind: 10.000000000000
Angle: 30.000000000000
Run id: 3
Stop criteria: 1000000
STN P (num vectors): 50
STN logger interval: 50

Run time:
[done]  instance=ns465 algo=nsga2 run_id=3 2026-08-12T01:35:37+00:00
[start] instance=ns465 algo=nsga2 run_id=4 stop_criteria=1000000 stn_p=50 stn_interval=50 2026-08-12T01:35:37+00:00
9

Number of subproblems: 100
Number of neighbors: 10
Number of fixed turbines: 20
Number of mobile turbines: 79
Wind: 10.000000000000
Angle: 30.000000000000
Run id: 4
Stop criteria: 1000000
STN P (num vectors): 50
STN logger interval: 50

Run time:
[done]  instance=ns465 algo=nsga2 run_id=4 2026-08-12T01:58:01+00:00
[start] instance=ns465 algo=nsga2 run_id=5 stop_criteria=1000000 stn_p=50 stn_interval=50 2026-08-12T01:58:01+00:00
9

Number of subproblems: 100
Number of neighbors: 10
Number of fixed turbines: 20
Number of mobile turbines: 79
Wind: 10.000000000000
Angle: 30.000000000000
Run id: 5
Stop criteria: 1000000
STN P (num vectors): 50
STN logger interval: 50

Run time:
[done]  instance=ns465 algo=nsga2 run_id=5 2026-08-12T02:20:01+00:00
[start] instance=ns465 algo=nsga2 run_id=6 stop_criteria=1000000 stn_p=50 stn_interval=50 2026-08-12T02:20:01+00:00
9

Number of subproblems: 100
Number of neighbors: 10
Number of fixed turbines: 20
Number of mobile turbines: 79
Wind: 10.000000000000
Angle: 30.000000000000
Run id: 6
Stop criteria: 1000000
STN P (num vectors): 50
STN logger interval: 50

Run time:
[done]  instance=ns465 algo=nsga2 run_id=6 2026-08-12T02:42:09+00:00
[start] instance=ns465 algo=nsga2 run_id=7 stop_criteria=1000000 stn_p=50 stn_interval=50 2026-08-12T02:42:09+00:00
9

Number of subproblems: 100
Number of neighbors: 10
Number of fixed turbines: 20
Number of mobile turbines: 79
Wind: 10.000000000000
Angle: 30.000000000000
Run id: 7
Stop criteria: 1000000
STN P (num vectors): 50
STN logger interval: 50

Run time:
[done]  instance=ns465 algo=nsga2 run_id=7 2026-08-12T03:04:50+00:00
[start] instance=ns465 algo=nsga2 run_id=8 stop_criteria=1000000 stn_p=50 stn_interval=50 2026-08-12T03:04:50+00:00
9

Number of subproblems: 100
Number of neighbors: 10
Number of fixed turbines: 20
Number of mobile turbines: 79
Wind: 10.000000000000
Angle: 30.000000000000
Run id: 8
Stop criteria: 1000000
STN P (num vectors): 50
STN logger interval: 50

Run time:
[done]  instance=ns465 algo=nsga2 run_id=8 2026-08-12T03:27:12+00:00
[start] instance=ns465 algo=nsga2 run_id=9 stop_criteria=1000000 stn_p=50 stn_interval=50 2026-08-12T03:27:12+00:00
9

Number of subproblems: 100
Number of neighbors: 10
Number of fixed turbines: 20
Number of mobile turbines: 79
Wind: 10.000000000000
Angle: 30.000000000000
Run id: 9
Stop criteria: 1000000
STN P (num vectors): 50
STN logger interval: 50

Run time:
[done]  instance=ns465 algo=nsga2 run_id=9 2026-08-12T03:49:50+00:00
