[start] instance=ns488 algo=moead run_id=0 stop_criteria=1000000 stn_p=10 stn_interval=50 2026-08-11T22:52:36+00:00
9

Number of subproblems: 100
Number of neighbors: 10
Number of fixed turbines: 9
Number of mobile turbines: 40
Wind: 10.000000000000
Angle: 30.000000000000
Run id: 0
Stop criteria: 1000000
STN P (num vectors): 10
STN logger interval: 50

Run time:
[done]  instance=ns488 algo=moead run_id=0 2026-08-11T22:54:14+00:00
[start] instance=ns488 algo=moead run_id=1 stop_criteria=1000000 stn_p=10 stn_interval=50 2026-08-11T22:54:14+00:00
9

Number of subproblems: 100
Number of neighbors: 10
Number of fixed turbines: 9
Number of mobile turbines: 40
Wind: 10.000000000000
Angle: 30.000000000000
Run id: 1
Stop criteria: 1000000
STN P (num vectors): 10
STN logger interval: 50

Run time:
[done]  instance=ns488 algo=moead run_id=1 2026-08-11T22:55:55+00:00
[start] instance=ns488 algo=moead run_id=2 stop_criteria=1000000 stn_p=10 stn_interval=50 2026-08-11T22:55:55+00:00
9

Number of subproblems: 100
Number of neighbors: 10
Number of fixed turbines: 9
Number of mobile turbines: 40
Wind: 10.000000000000
Angle: 30.000000000000
Run id: 2
Stop criteria: 1000000
STN P (num vectors): 10
STN logger interval: 50

Run time:
[done]  instance=ns488 algo=moead run_id=2 2026-08-11T22:57:39+00:00
[start] instance=ns488 algo=moead run_id=3 stop_criteria=1000000 stn_p=10 stn_interval=50 2026-08-11T22:57:39+00:00
9

Number of subproblems: 100
Number of neighbors: 10
Number of fixed turbines: 9
Number of mobile turbines: 40
Wind: 10.000000000000
Angle: 30.000000000000
Run id: 3
Stop criteria: 1000000
STN P (num vectors): 10
STN logger interval: 50

Run time:
[done]  instance=ns488 algo=moead run_id=3 2026-08-11T22:59:19+00:00
[start] instance=ns488 algo=moead run_id=4 stop_criteria=1000000 stn_p=10 stn_interval=50 2026-08-11T22:59:19+00:00
9

Number of subproblems: 100
Number of neighbors: 10
Number of fixed turbines: 9
Number of mobile turbines: 40
Wind: 10.000000000000
Angle: 30.000000000000
Run id: 4
Stop criteria: 1000000
STN P (num vectors): 10
STN logger interval: 50

Run time:
[done]  instance=ns488 algo=moead run_id=4 2026-08-11T23:00:58+00:00
[start] instance=ns488 algo=moead run_id=5 stop_criteria=1000000 stn_p=10 stn_interval=50 2026-08-11T23:00:58+00:00
9

Number of subproblems: 100
Number of neighbors: 10
Number of fixed turbines: 9
Number of mobile turbines: 40
Wind: 10.000000000000
Angle: 30.000000000000
Run id: 5
Stop criteria: 1000000
STN P (num vectors): 10
STN logger interval: 50

Run time:
[done]  instance=ns488 algo=moead run_id=5 2026-08-11T23:02:39+00:00
[start] instance=ns488 algo=moead run_id=6 stop_criteria=1000000 stn_p=10 stn_interval=50 2026-08-11T23:02:39+00:00
9

Number of subproblems: 100
Number of neighbors: 10
Number of fixed turbines: 9
Number of mobile turbines: 40
Wind: 10.000000000000
Angle: 30.000000000000
Run id: 6
Stop criteria: 1000000
STN P (num vectors): 10
STN logger interval: 50

Run time:
[done]  instance=ns488 algo=moead run_id=6 2026-08-11T23:04:20+00:00
[start] instance=ns488 algo=moead run_id=7 stop_criteria=1000000 stn_p=10 stn_interval=50 2026-08-11T23:04:20+00:00
9

Number of subproblems: 100
Number of neighbors: 10
Number of fixed turbines: 9
Number of mobile turbines: 40
Wind: 10.000000000000
Angle: 30.000000000000
Run id: 7
Stop criteria: 1000000
STN P (num vectors): 10
STN logger interval: 50

Run time:
[done]  instance=ns488 algo=moead run_id=7 2026-08-11T23:06:04+00:00
[start] instance=ns488 algo=moead run_id=8 stop_criteria=1000000 stn_p=10 stn_interval=50 2026-08-11T23:06:04+00:00
9

Number of subproblems: 100
Number of neighbors: 10
Number of fixed turbines: 9
Number of mobile turbines: 40
Wind: 10.000000000000
Angle: 30.000000000000
Run id: 8
Stop criteria: 1000000
STN P (num vectors): 10
STN logger interval: 50

Run time:
[done]  instance=ns488 algo=moead run_id=8 2026-08-11T23:07:49+00:00
[start] instance=ns488 algo=moead run_id=9 stop_criteria=1000000 stn_p=10 stn_interval=50 2026-08-11T23:07:49+00:00
9

Number of subproblems: 100
Number of neighbors: 10
Number of fixed turbines: 9
Number of mobile turbines: 40
Wind: 10.000000000000
Angle: 30.000000000000
Run id: 9
Stop criteria: 1000000
STN P (num vectors): 10
STN logger interval: 50

Run time:
[done]  instance=ns488 algo=moead run_id=9 2026-08-11T23:09:32+00:00
[start] instance=ns488 algo=nsga2 run_id=0 stop_criteria=1000000 stn_p=10 stn_interval=50 2026-08-11T23:09:32+00:00
9

Number of subproblems: 100
Number of neighbors: 10
Number of fixed turbines: 9
Number of mobile turbines: 40
Wind: 10.000000000000
Angle: 30.000000000000
Run id: 0
Stop criteria: 1000000
STN P (num vectors): 10
STN logger interval: 50

Run time:
[done]  instance=ns488 algo=nsga2 run_id=0 2026-08-11T23:20:04+00:00
[start] instance=ns488 algo=nsga2 run_id=1 stop_criteria=1000000 stn_p=10 stn_interval=50 2026-08-11T23:20:04+00:00
9

Number of subproblems: 100
Number of neighbors: 10
Number of fixed turbines: 9
Number of mobile turbines: 40
Wind: 10.000000000000
Angle: 30.000000000000
Run id: 1
Stop criteria: 1000000
STN P (num vectors): 10
STN logger interval: 50

Run time:
[done]  instance=ns488 algo=nsga2 run_id=1 2026-08-11T23:30:47+00:00
[start] instance=ns488 algo=nsga2 run_id=2 stop_criteria=1000000 stn_p=10 stn_interval=50 2026-08-11T23:30:47+00:00
9

Number of subproblems: 100
Number of neighbors: 10
Number of fixed turbines: 9
Number of mobile turbines: 40
Wind: 10.000000000000
Angle: 30.000000000000
Run id: 2
Stop criteria: 1000000
STN P (num vectors): 10
STN logger interval: 50

Run time:
[done]  instance=ns488 algo=nsga2 run_id=2 2026-08-11T23:41:21+00:00
[start] instance=ns488 algo=nsga2 run_id=3 stop_criteria=1000000 stn_p=10 stn_interval=50 2026-08-11T23:41:21+00:00
9

Number of subproblems: 100
Number of neighbors: 10
Number of fixed turbines: 9
Number of mobile turbines: 40
Wind: 10.000000000000
Angle: 30.000000000000
Run id: 3
Stop criteria: 1000000
STN P (num vectors): 10
STN logger interval: 50

Run time:
[done]  instance=ns488 algo=nsga2 run_id=3 2026-08-11T23:52:13+00:00
[start] instance=ns488 algo=nsga2 run_id=4 stop_criteria=1000000 stn_p=10 stn_interval=50 2026-08-11T23:52:13+00:00
9

Number of subproblems: 100
Number of neighbors: 10
Number of fixed turbines: 9
Number of mobile turbines: 40
Wind: 10.000000000000
Angle: 30.000000000000
Run id: 4
Stop criteria: 1000000
STN P (num vectors): 10
STN logger interval: 50

Run time:
[done]  instance=ns488 algo=nsga2 run_id=4 2026-08-12T00:03:02+00:00
[start] instance=ns488 algo=nsga2 run_id=5 stop_criteria=1000000 stn_p=10 stn_interval=50 2026-08-12T00:03:02+00:00
9

Number of subproblems: 100
Number of neighbors: 10
Number of fixed turbines: 9
Number of mobile turbines: 40
Wind: 10.000000000000
Angle: 30.000000000000
Run id: 5
Stop criteria: 1000000
STN P (num vectors): 10
STN logger interval: 50

Run time:
[done]  instance=ns488 algo=nsga2 run_id=5 2026-08-12T00:13:32+00:00
[start] instance=ns488 algo=nsga2 run_id=6 stop_criteria=1000000 stn_p=10 stn_interval=50 2026-08-12T00:13:32+00:00
9

Number of subproblems: 100
Number of neighbors: 10
Number of fixed turbines: 9
Number of mobile turbines: 40
Wind: 10.000000000000
Angle: 30.000000000000
Run id: 6
Stop criteria: 1000000
STN P (num vectors): 10
STN logger interval: 50

Run time:
[done]  instance=ns488 algo=nsga2 run_id=6 2026-08-12T00:24:13+00:00
[start] instance=ns488 algo=nsga2 run_id=7 stop_criteria=1000000 stn_p=10 stn_interval=50 2026-08-12T00:24:13+00:00
9

Number of subproblems: 100
Number of neighbors: 10
Number of fixed turbines: 9
Number of mobile turbines: 40
Wind: 10.000000000000
Angle: 30.000000000000
Run id: 7
Stop criteria: 1000000
STN P (num vectors): 10
STN logger interval: 50

Run time:
[done]  instance=ns488 algo=nsga2 run_id=7 2026-08-12T00:35:08+00:00
[start] instance=ns488 algo=nsga2 run_id=8 stop_criteria=1000000 stn_p=10 stn_interval=50 2026-08-12T00:35:08+00:00
9

Number of subproblems: 100
Number of neighbors: 10
Number of fixed turbines: 9
Number of mobile turbines: 40
Wind: 10.000000000000
Angle: 30.000000000000
Run id: 8
Stop criteria: 1000000
STN P (num vectors): 10
STN logger interval: 50

Run time:
[done]  instance=ns488 algo=nsga2 run_id=8 2026-08-12T00:45:50+00:00
[start] instance=ns488 algo=nsga2 run_id=9 stop_criteria=1000000 stn_p=10 stn_interval=50 2026-08-12T00:45:50+00:00
9

Number of subproblems: 100
Number of neighbors: 10
Number of fixed turbines: 9
Number of mobile turbines: 40
Wind: 10.000000000000
Angle: 30.000000000000
Run id: 9
Stop criteria: 1000000
STN P (num vectors): 10
STN logger interval: 50

Run time:
[done]  instance=ns488 algo=nsga2 run_id=9 2026-08-12T00:56:50+00:00
