[start] instance=178_r1e-04 algo=moead run_id=0 angle=240.000000000000 wind=15.000000000000 stop_criteria=1000000 stn_p=10 stn_interval=50 2026-08-26T01:27:28+00:00
9
[start] instance=178_r1e-04 algo=moead run_id=1 angle=0.000000000000 wind=7.000000000000 stop_criteria=1000000 stn_p=10 stn_interval=50 2026-08-26T01:27:28+00:00
9
[start] instance=178_r1e-04 algo=moead run_id=3 angle=90.000000000000 wind=17.000000000000 stop_criteria=1000000 stn_p=10 stn_interval=50 2026-08-26T01:27:28+00:00
[start] instance=178_r1e-04 algo=moead run_id=2 angle=120.000000000000 wind=11.000000000000 stop_criteria=1000000 stn_p=10 stn_interval=50 2026-08-26T01:27:28+00:00
[start] instance=178_r1e-04 algo=moead run_id=4 angle=270.000000000000 wind=11.000000000000 stop_criteria=1000000 stn_p=10 stn_interval=50 2026-08-26T01:27:28+00:00
9
[start] instance=178_r1e-04 algo=moead run_id=5 angle=240.000000000000 wind=23.000000000000 stop_criteria=1000000 stn_p=10 stn_interval=50 2026-08-26T01:27:28+00:00
9
9
9
[start] instance=178_r1e-04 algo=moead run_id=7 angle=30.000000000000 wind=9.000000000000 stop_criteria=1000000 stn_p=10 stn_interval=50 2026-08-26T01:27:28+00:00
[start] instance=178_r1e-04 algo=moead run_id=6 angle=300.000000000000 wind=15.000000000000 stop_criteria=1000000 stn_p=10 stn_interval=50 2026-08-26T01:27:29+00:00
[start] instance=178_r1e-04 algo=moead run_id=8 angle=180.000000000000 wind=17.000000000000 stop_criteria=1000000 stn_p=10 stn_interval=50 2026-08-26T01:27:29+00:00
9
[start] instance=178_r1e-04 algo=moead run_id=10 angle=90.000000000000 wind=15.000000000000 stop_criteria=1000000 stn_p=10 stn_interval=50 2026-08-26T01:27:29+00:00
9
[start] instance=178_r1e-04 algo=moead run_id=9 angle=0.000000000000 wind=9.000000000000 stop_criteria=1000000 stn_p=10 stn_interval=50 2026-08-26T01:27:29+00:00
9
9
9
[start] instance=178_r1e-04 algo=moead run_id=12 angle=0.000000000000 wind=7.000000000000 stop_criteria=1000000 stn_p=10 stn_interval=50 2026-08-26T01:27:29+00:00
[start] instance=178_r1e-04 algo=moead run_id=13 angle=90.000000000000 wind=11.000000000000 stop_criteria=1000000 stn_p=10 stn_interval=50 2026-08-26T01:27:29+00:00
9
9
[start] instance=178_r1e-04 algo=moead run_id=11 angle=210.000000000000 wind=13.000000000000 stop_criteria=1000000 stn_p=10 stn_interval=50 2026-08-26T01:27:29+00:00
[start] instance=178_r1e-04 algo=moead run_id=14 angle=240.000000000000 wind=15.000000000000 stop_criteria=1000000 stn_p=10 stn_interval=50 2026-08-26T01:27:29+00:00
9
[start] instance=178_r1e-04 algo=moead run_id=16 angle=90.000000000000 wind=15.000000000000 stop_criteria=1000000 stn_p=10 stn_interval=50 2026-08-26T01:27:29+00:00
[start] instance=178_r1e-04 algo=moead run_id=15 angle=240.000000000000 wind=3.000000000000 stop_criteria=1000000 stn_p=10 stn_interval=50 2026-08-26T01:27:29+00:00
9
[start] instance=178_r1e-04 algo=moead run_id=17 angle=240.000000000000 wind=9.000000000000 stop_criteria=1000000 stn_p=10 stn_interval=50 2026-08-26T01:27:29+00:00
9
9
9
[start] instance=178_r1e-04 algo=moead run_id=18 angle=300.000000000000 wind=3.000000000000 stop_criteria=1000000 stn_p=10 stn_interval=50 2026-08-26T01:27:29+00:00
[start] instance=178_r1e-04 algo=moead run_id=19 angle=0.000000000000 wind=3.000000000000 stop_criteria=1000000 stn_p=10 stn_interval=50 2026-08-26T01:27:29+00:00
9
9

Number of subproblems: 100
Number of neighbors: 10
Number of fixed turbines: 58
Number of mobile turbines: 23
Wind: 15.000000000000
Angle: 240.000000000000
Run id: 0
Stop criteria: 1000000
STN P (num vectors): 10
STN logger interval: 50

Run time:

Number of subproblems: 100
Number of neighbors: 10
Number of fixed turbines: 58
Number of mobile turbines: 23
Wind: 7.000000000000
Angle: 0.000000000000
Run id: 1
Stop criteria: 1000000
STN P (num vectors): 10
STN logger interval: 50

Run time:

Number of subproblems: 100
Number of neighbors: 10
Number of fixed turbines: 58
Number of mobile turbines: 23
Wind: 15.000000000000
Angle: 300.000000000000
Run id: 6
Stop criteria: 1000000
STN P (num vectors): 10
STN logger interval: 50

Run time:

Number of subproblems: 100
Number of neighbors: 10
Number of fixed turbines: 58
Number of mobile turbines: 23
Wind: 23.000000000000
Angle: 240.000000000000
Run id: 5
Stop criteria: 1000000
STN P (num vectors): 10
STN logger interval: 50

Run time:

Number of subproblems: 100
Number of neighbors: 10
Number of fixed turbines: 58
Number of mobile turbines: 23
Wind: 17.000000000000
Angle: 180.000000000000
Run id: 8
Stop criteria: 1000000
STN P (num vectors): 10
STN logger interval: 50

Run time:

Number of subproblems: 100
Number of neighbors: 10
Number of fixed turbines: 58
Number of mobile turbines: 23
Wind: 9.000000000000
Angle: 0.000000000000
Run id: 9
Stop criteria: 1000000
STN P (num vectors): 10
STN logger interval: 50

Run time:

Number of subproblems: 100
Number of neighbors: 10
Number of fixed turbines: 58
Number of mobile turbines: 23

Number of subproblems: 100
Wind: 11.000000000000
Number of neighbors: 10
Angle: 120.000000000000
Number of fixed turbines: 58
Run id: 2
Number of mobile turbines: 23
Stop criteria: 1000000
STN P (num vectors): 10
STN logger interval: 50

Run time:
Wind: 11.000000000000
Angle: 90.000000000000
Run id: 13
Stop criteria: 1000000
STN P (num vectors): 10
STN logger interval: 50

Run time:

Number of subproblems: 100
Number of neighbors: 10
Number of fixed turbines: 58
Number of mobile turbines: 23
Wind: 11.000000000000
Angle: 270.000000000000
Run id: 4
Stop criteria: 1000000
STN P (num vectors): 10
STN logger interval: 50

Run time:

Number of subproblems: 100
Number of neighbors: 10
Number of fixed turbines: 58
Number of mobile turbines: 23
Wind: 9.000000000000
Angle: 30.000000000000
Run id: 7
Stop criteria: 1000000
STN P (num vectors): 10
STN logger interval: 50

Run time:

Number of subproblems: 100
Number of neighbors: 10
Number of fixed turbines: 58
Number of mobile turbines: 23
Wind: 15.000000000000
Angle: 90.000000000000
Run id: 16
Stop criteria: 1000000
STN P (num vectors): 10
STN logger interval: 50

Run time:

Number of subproblems: 100
Number of neighbors: 10
Number of fixed turbines: 58
Number of mobile turbines: 23
Wind: 17.000000000000
Angle: 90.000000000000
Run id: 3
Stop criteria: 1000000
STN P (num vectors): 10
STN logger interval: 50

Run time:

Number of subproblems: 100
Number of neighbors: 10
Number of fixed turbines: 58
Number of mobile turbines: 23
Wind: 3.000000000000
Angle: 240.000000000000
Run id: 15
Stop criteria: 1000000
STN P (num vectors): 10
STN logger interval: 50

Run time:

Number of subproblems: 100
Number of neighbors: 10
Number of fixed turbines: 58
Number of mobile turbines: 23
Wind: 7.000000000000
Angle: 0.000000000000
Run id: 12
Stop criteria: 1000000
STN P (num vectors): 10
STN logger interval: 50

Run time:

Number of subproblems: 100
Number of neighbors: 10
Number of fixed turbines: 58
Number of mobile turbines: 23
Wind: 15.000000000000
Angle: 240.000000000000
Run id: 14
Stop criteria: 1000000
STN P (num vectors): 10
STN logger interval: 50

Run time:


Number of subproblems: 100
Number of neighbors: 10
Number of subproblems: 100
Number of neighbors: 10
Number of fixed turbines: 58
Number of fixed turbines: 58
Number of mobile turbines: 23
Number of mobile turbines: 23
Wind: 13.000000000000
Angle: 210.000000000000
Wind: 3.000000000000
Run id: 11
Angle: 0.000000000000
Stop criteria: 1000000
Run id: 19
STN P (num vectors): 10
Stop criteria: 1000000
STN logger interval: 50
STN P (num vectors): 10

STN logger interval: 50
Run time:

Run time:

Number of subproblems: 100
Number of neighbors: 10
Number of fixed turbines: 58
Number of mobile turbines: 23
Wind: 15.000000000000
Angle: 90.000000000000
Run id: 10
Stop criteria: 1000000
STN P (num vectors): 10
STN logger interval: 50

Run time:

Number of subproblems: 100
Number of neighbors: 10
Number of fixed turbines: 58
Number of mobile turbines: 23
Wind: 3.000000000000
Angle: 300.000000000000
Run id: 18
Stop criteria: 1000000
STN P (num vectors): 10
STN logger interval: 50

Run time:

Number of subproblems: 100
Number of neighbors: 10
Number of fixed turbines: 58
Number of mobile turbines: 23
Wind: 9.000000000000
Angle: 240.000000000000
Run id: 17
Stop criteria: 1000000
STN P (num vectors): 10
STN logger interval: 50

Run time:
xargs: bash: terminated by signal 9
xargs: bash: terminated by signal 9
